<html>
<body>
<pre>
<h1>µVision Build Log</h1>
<h2>Tool Versions:</h2>
IDE-Version: µVision V5.13.0.0
Copyright (C) 2014 ARM Ltd and ARM Germany GmbH. All rights reserved.
License Information: A G, Home, LIC=S5IJJ-U3VAK-AVI1J-UCUK2-FN809-C9AGB
 
Tool Versions:
Toolchain:       MDK-ARM Professional  Version: 5.13.0.0
Toolchain Path:  C:\Keil_v5\ARM\ARMCC\Bin
C Compiler:      Armcc.exe V5.05 update 1 (build 106)
Assembler:       Armasm.exe V5.05 update 1 (build 106)
Linker/Locator:  ArmLink.exe V5.05 update 1 (build 106)
Library Manager: ArmAr.exe V5.05 update 1 (build 106)
Hex Converter:   FromElf.exe V5.05 update 1 (build 106)
CPU DLL:         SARMCM3.DLL V5.13.0.0
Dialog DLL:      DCM.DLL V1.13.1.0
Target DLL:      STLink\ST-LINKIII-KEIL_SWO.dll V2.0.14.0_KEIL
Dialog DLL:      TCM.DLL V1.14.4.0
 
<h2>Project:</h2>
C:\Users\User\Documents\GitHub\stm429\FreeRTOS.uvprojx
Project File Date:  01/15/2017

<h2>Output:</h2>
Build target 'Freertos'
compiling main.c...
User\main.c(421): warning:  #111-D: statement is unreachable
        vTaskDelete( NULL );
User\main.c(347): warning:  #177-D: variable "cp" was declared but never referenced
        char *cp;
User\main.c(445): warning:  #111-D: statement is unreachable
                vTaskDelete( NULL );
User\main.c(614): warning:  #111-D: statement is unreachable
        vTaskDelete( NULL );
User\main.c(452): warning:  #550-D: variable "xLastWakeTime" was set but never used
        portTickType xLastWakeTime;
User\main.c(682): warning:  #111-D: statement is unreachable
                vTaskDelete( NULL );
User\main.c(832): warning:  #111-D: statement is unreachable
                vTaskDelete( NULL );
User\main.c(449): warning:  #177-D: function "StartThread" was declared but never referenced
  static void StartThread(void const * argument)
User\main.c(687): warning:  #177-D: function "SensorsThread" was declared but never referenced
  static void SensorsThread(void const * argument)
User\main.c(618): warning:  #177-D: function "SDCardThread" was declared but never referenced
  static void SDCardThread(void const * argument)
User\main.c: 10 warnings, 0 errors
linking...
Program Size: Code=79272 RO-data=12240 RW-data=548 ZI-data=40100  
FromELF: creating hex file...
".\Objects\FreeRTOS.axf" - 0 Error(s), 10 Warning(s).

<h2>Collection of Component include folders:</h2>
  C:\Users\User\Documents\GitHub\stm429\RTE
  C:\Keil_v5\ARM\PACK\Keil\STM32F4xx_DFP\2.11.0

<h2>Collection of Component Files used:</h2>
</pre>
</body>
</html>
