Component: ARM Compiler 5.05 update 1 (build 106) Tool: armlink [4d0efa]

==============================================================================

Section Cross References

    startup_stm32f429_439xx.o(STACK) refers (Special) to heapauxi.o(.text) for __use_two_region_memory
    startup_stm32f429_439xx.o(HEAP) refers (Special) to heapauxi.o(.text) for __use_two_region_memory
    startup_stm32f429_439xx.o(RESET) refers (Special) to heapauxi.o(.text) for __use_two_region_memory
    startup_stm32f429_439xx.o(RESET) refers to startup_stm32f429_439xx.o(STACK) for __initial_sp
    startup_stm32f429_439xx.o(RESET) refers to startup_stm32f429_439xx.o(.text) for Reset_Handler
    startup_stm32f429_439xx.o(RESET) refers to stm32f4xx_it.o(.text) for NMI_Handler
    startup_stm32f429_439xx.o(RESET) refers to port.o(.emb_text) for SVC_Handler
    startup_stm32f429_439xx.o(RESET) refers to tm_stm32f4_rtc.o(.text) for RTC_WKUP_IRQHandler
    startup_stm32f429_439xx.o(RESET) refers to tm_stm32f4_exti.o(.text) for EXTI0_IRQHandler
    startup_stm32f429_439xx.o(RESET) refers to tm_stm32f4_usart.o(.text) for USART1_IRQHandler
    startup_stm32f429_439xx.o(.text) refers (Special) to heapauxi.o(.text) for __use_two_region_memory
    startup_stm32f429_439xx.o(.text) refers to system_stm32f4xx.o(.text) for SystemInit
    startup_stm32f429_439xx.o(.text) refers to __main.o(!!!main) for __main
    startup_stm32f429_439xx.o(.text) refers to startup_stm32f429_439xx.o(HEAP) for Heap_Mem
    startup_stm32f429_439xx.o(.text) refers to startup_stm32f429_439xx.o(STACK) for Stack_Mem
    stm32f4xx_rcc.o(.text) refers to stm32f4xx_rcc.o(.data) for APBAHBPrescTable
    stm32f4xx_gpio.o(.text) refers to stm32f4xx_rcc.o(.text) for RCC_AHB1PeriphResetCmd
    stm32f4xx_i2c.o(.text) refers to stm32f4xx_rcc.o(.text) for RCC_APB1PeriphResetCmd
    stm32f4xx_spi.o(.text) refers to stm32f4xx_rcc.o(.text) for RCC_APB2PeriphResetCmd
    stm32f4xx_usart.o(.text) refers to stm32f4xx_rcc.o(.text) for RCC_APB2PeriphResetCmd
    stm32f4xx_syscfg.o(.text) refers to stm32f4xx_rcc.o(.text) for RCC_APB2PeriphResetCmd
    stm32f4xx_fmc.o(.text) refers to stm32f4xx_fmc.o(.constdata) for FMC_DefaultTimingStruct
    stm32f4xx_ltdc.o(.text) refers to stm32f4xx_rcc.o(.text) for RCC_APB2PeriphResetCmd
    stm32f4xx_adc.o(.text) refers to stm32f4xx_rcc.o(.text) for RCC_APB2PeriphResetCmd
    stm32f4xx_pwr.o(.text) refers to stm32f4xx_rcc.o(.text) for RCC_APB1PeriphResetCmd
    stm32f4xx_tim.o(.text) refers to stm32f4xx_rcc.o(.text) for RCC_APB2PeriphResetCmd
    tm_stm32f4_fonts.o(.data) refers to tm_stm32f4_fonts.o(.constdata) for TM_Font7x10
    tm_stm32f4_i2c.o(.text) refers to stm32f4xx_rcc.o(.text) for RCC_AHB1PeriphClockCmd
    tm_stm32f4_i2c.o(.text) refers to stm32f4xx_gpio.o(.text) for GPIO_PinAFConfig
    tm_stm32f4_i2c.o(.text) refers to stm32f4xx_i2c.o(.text) for I2C_Cmd
    tm_stm32f4_i2c.o(.text) refers to tm_stm32f4_i2c.o(.data) for GPIO_I2C_InitStruct
    tm_stm32f4_l3gd20.o(.text) refers to tm_stm32f4_spi.o(.text) for TM_SPI_Send
    tm_stm32f4_l3gd20.o(.text) refers to stm32f4xx_rcc.o(.text) for RCC_AHB1PeriphClockCmd
    tm_stm32f4_l3gd20.o(.text) refers to stm32f4xx_gpio.o(.text) for GPIO_Init
    tm_stm32f4_l3gd20.o(.text) refers to tm_stm32f4_l3gd20.o(.data) for TM_L3GD20_INT_Scale
    tm_stm32f4_sdram.o(.text) refers to stm32f4xx_rcc.o(.text) for RCC_AHB1PeriphClockCmd
    tm_stm32f4_sdram.o(.text) refers to stm32f4xx_gpio.o(.text) for GPIO_PinAFConfig
    tm_stm32f4_sdram.o(.text) refers to stm32f4xx_fmc.o(.text) for FMC_SDRAMInit
    tm_stm32f4_spi.o(.text) refers to stm32f4xx_rcc.o(.text) for RCC_AHB1PeriphClockCmd
    tm_stm32f4_spi.o(.text) refers to stm32f4xx_gpio.o(.text) for GPIO_Init
    tm_stm32f4_spi.o(.text) refers to stm32f4xx_spi.o(.text) for SPI_StructInit
    tm_stm32f4_stmpe811.o(.text) refers to tm_stm32f4_i2c.o(.text) for TM_I2C_Read
    tm_stm32f4_stmpe811.o(.text) refers to tm_stm32f4_delay.o(.text) for TM_DELAY_Init
    tm_stm32f4_stmpe811.o(.text) refers to tm_stm32f4_delay.o(.data) for TM_Time
    tm_stm32f4_usart.o(.text) refers to stm32f4xx_rcc.o(.text) for RCC_APB1PeriphClockCmd
    tm_stm32f4_usart.o(.text) refers to stm32f4xx_gpio.o(.text) for GPIO_PinAFConfig
    tm_stm32f4_usart.o(.text) refers to tm_stm32f4_usart.o(.data) for GPIO_InitStruct
    tm_stm32f4_usart.o(.text) refers to stm32f4xx_usart.o(.text) for USART_Cmd
    tm_stm32f4_usart.o(.text) refers to misc.o(.text) for NVIC_Init
    tm_stm32f4_usart.o(.data) refers to tm_stm32f4_usart.o(.bss) for TM_USART1_Buffer
    tm_stm32f4_delay.o(.text) refers to stm32f4xx_rcc.o(.text) for RCC_HSEConfig
    tm_stm32f4_delay.o(.text) refers to tm_stm32f4_delay.o(.data) for TM_Time
    tm_stm32f4_delay.o(.text) refers to system_stm32f4xx.o(.data) for SystemCoreClock
    tm_stm32f4_disco.o(.text) refers to stm32f4xx_rcc.o(.text) for RCC_AHB1PeriphClockCmd
    tm_stm32f4_disco.o(.text) refers to stm32f4xx_gpio.o(.text) for GPIO_Init
[...]
    TIM_EncoderInterfaceConfig               0x08004b13   Thumb Code    66  stm32f4xx_tim.o(.text)
    TIM_SelectHallSensor                     0x08004b55   Thumb Code    24  stm32f4xx_tim.o(.text)
    TIM_RemapConfig                          0x08004b6d   Thumb Code     6  stm32f4xx_tim.o(.text)
    TM_I2C3_InitPins                         0x08004b75   Thumb Code   122  tm_stm32f4_i2c.o(.text)
    TM_I2C2_InitPins                         0x08004bef   Thumb Code   148  tm_stm32f4_i2c.o(.text)
    TM_I2C1_InitPins                         0x08004c83   Thumb Code   118  tm_stm32f4_i2c.o(.text)
    TM_I2C_Init                              0x08004cf9   Thumb Code   258  tm_stm32f4_i2c.o(.text)
    TM_I2C_ReadNack                          0x08004dfb   Thumb Code    70  tm_stm32f4_i2c.o(.text)
    TM_I2C_Start                             0x08004e41   Thumb Code   192  tm_stm32f4_i2c.o(.text)
    TM_I2C_Stop                              0x08004f01   Thumb Code    74  tm_stm32f4_i2c.o(.text)
    TM_I2C_WriteData                         0x08004f4b   Thumb Code   110  tm_stm32f4_i2c.o(.text)
    TM_I2C_Read                              0x08004fb9   Thumb Code    62  tm_stm32f4_i2c.o(.text)
    TM_I2C_Write                             0x08004ff7   Thumb Code    50  tm_stm32f4_i2c.o(.text)
    TM_I2C_ReadAck                           0x08005029   Thumb Code    62  tm_stm32f4_i2c.o(.text)
    TM_I2C_ReadMulti                         0x08005067   Thumb Code    92  tm_stm32f4_i2c.o(.text)
    TM_I2C_ReadMultiNoRegister               0x080050c3   Thumb Code    64  tm_stm32f4_i2c.o(.text)
    TM_I2C_WriteMulti                        0x08005103   Thumb Code    66  tm_stm32f4_i2c.o(.text)
    TM_I2C_IsDeviceConnected                 0x08005145   Thumb Code    34  tm_stm32f4_i2c.o(.text)
    TM_L3GD20_INT_WriteSPI                   0x08005171   Thumb Code    38  tm_stm32f4_l3gd20.o(.text)
    TM_L3GD20_INT_ReadSPI                    0x08005197   Thumb Code    42  tm_stm32f4_l3gd20.o(.text)
    TM_L3GD20_INT_InitPins                   0x080051c1   Thumb Code    58  tm_stm32f4_l3gd20.o(.text)
    TM_L3GD20_Init                           0x080051fb   Thumb Code   100  tm_stm32f4_l3gd20.o(.text)
    TM_L3GD20_Read                           0x0800525f   Thumb Code   214  tm_stm32f4_l3gd20.o(.text)
    TM_SDRAM_InitPins                        0x0800534d   Thumb Code   534  tm_stm32f4_sdram.o(.text)
    TM_SDRAM_Init                            0x08005563   Thumb Code   342  tm_stm32f4_sdram.o(.text)
    TM_SPI6_Init                             0x080056d5   Thumb Code   160  tm_stm32f4_spi.o(.text)
    TM_SPI5_Init                             0x08005775   Thumb Code   238  tm_stm32f4_spi.o(.text)
    TM_SPI4_Init                             0x08005863   Thumb Code   218  tm_stm32f4_spi.o(.text)
    TM_SPI3_Init                             0x0800593d   Thumb Code   216  tm_stm32f4_spi.o(.text)
    TM_SPI2_Init                             0x08005a15   Thumb Code   342  tm_stm32f4_spi.o(.text)
    TM_SPI1_Init                             0x08005b6b   Thumb Code   216  tm_stm32f4_spi.o(.text)
    TM_SPI_Init                              0x08005c43   Thumb Code    90  tm_stm32f4_spi.o(.text)
    TM_SPI_Send                              0x08005c9d   Thumb Code    56  tm_stm32f4_spi.o(.text)
    TM_SPI_SendMulti                         0x08005cd5   Thumb Code    38  tm_stm32f4_spi.o(.text)
    TM_SPI_WriteMulti                        0x08005cfb   Thumb Code    34  tm_stm32f4_spi.o(.text)
    TM_SPI_ReadMulti                         0x08005d1d   Thumb Code    38  tm_stm32f4_spi.o(.text)
    TM_SPI_Send16                            0x08005d43   Thumb Code    54  tm_stm32f4_spi.o(.text)
    TM_SPI_SendMulti16                       0x08005d79   Thumb Code    42  tm_stm32f4_spi.o(.text)
    TM_SPI_WriteMulti16                      0x08005da3   Thumb Code    36  tm_stm32f4_spi.o(.text)
    TM_SPI_ReadMulti16                       0x08005dc7   Thumb Code    40  tm_stm32f4_spi.o(.text)
    TM_STMPE811_Read                         0x08005e11   Thumb Code    16  tm_stm32f4_stmpe811.o(.text)
    TM_STMPE811_Init                         0x08005e21   Thumb Code   336  tm_stm32f4_stmpe811.o(.text)
    TM_STMPE811_ReadY                        0x08005f71   Thumb Code    94  tm_stm32f4_stmpe811.o(.text)
    TM_STMPE811_ReadX                        0x08005fcf   Thumb Code   110  tm_stm32f4_stmpe811.o(.text)
    TM_STMPE811_ReadTouch                    0x0800603d   Thumb Code   270  tm_stm32f4_stmpe811.o(.text)
    TM_USART_INT_GetSubPriority              0x08006171   Thumb Code    68  tm_stm32f4_usart.o(.text)
    TM_UART8_InitPins                        0x080061b5   Thumb Code    56  tm_stm32f4_usart.o(.text)
    TM_UART7_InitPins                        0x080061ed   Thumb Code   104  tm_stm32f4_usart.o(.text)
    TM_USART6_InitPins                       0x08006255   Thumb Code   104  tm_stm32f4_usart.o(.text)
    TM_UART5_InitPins                        0x080062bd   Thumb Code    78  tm_stm32f4_usart.o(.text)
    TM_UART4_InitPins                        0x0800630b   Thumb Code   104  tm_stm32f4_usart.o(.text)
    TM_USART3_InitPins                       0x08006373   Thumb Code   154  tm_stm32f4_usart.o(.text)
    TM_USART2_InitPins                       0x0800640d   Thumb Code   102  tm_stm32f4_usart.o(.text)
    TM_USART1_InitPins                       0x08006473   Thumb Code   104  tm_stm32f4_usart.o(.text)
    TM_USART_Init                            0x080064db   Thumb Code   522  tm_stm32f4_usart.o(.text)
    TM_USART_INT_GetUsart                    0x080066e5   Thumb Code    68  tm_stm32f4_usart.o(.text)
    TM_USART_Getc                            0x08006729   Thumb Code    56  tm_stm32f4_usart.o(.text)
    TM_USART_BufferFull                      0x08006761   Thumb Code    28  tm_stm32f4_usart.o(.text)
    TM_USART_FindCharacter                   0x0800677d   Thumb Code    56  tm_stm32f4_usart.o(.text)
    TM_USART_BufferEmpty                     0x080067b5   Thumb Code    24  tm_stm32f4_usart.o(.text)
    TM_USART_Gets                            0x080067cd   Thumb Code    82  tm_stm32f4_usart.o(.text)
    TM_USART_ClearBuffer                     0x0800681f   Thumb Code    22  tm_stm32f4_usart.o(.text)
    TM_USART_Putc                            0x08006835   Thumb Code    26  tm_stm32f4_usart.o(.text)
    TM_USART_Puts                            0x0800684f   Thumb Code    26  tm_stm32f4_usart.o(.text)
    TM_USART_INT_InsertToBuffer              0x08006869   Thumb Code    40  tm_stm32f4_usart.o(.text)
    USART1_IRQHandler                        0x08006891   Thumb Code    28  tm_stm32f4_usart.o(.text)
    USART2_IRQHandler                        0x080068ad   Thumb Code    30  tm_stm32f4_usart.o(.text)
    USART3_IRQHandler                        0x080068cb   Thumb Code    30  tm_stm32f4_usart.o(.text)
    UART4_IRQHandler                         0x080068e9   Thumb Code    30  tm_stm32f4_usart.o(.text)
    UART5_IRQHandler                         0x08006907   Thumb Code    28  tm_stm32f4_usart.o(.text)
    USART6_IRQHandler                        0x08006923   Thumb Code    30  tm_stm32f4_usart.o(.text)
    UART7_IRQHandler                         0x08006941   Thumb Code    30  tm_stm32f4_usart.o(.text)
    UART8_IRQHandler                         0x0800695f   Thumb Code    30  tm_stm32f4_usart.o(.text)
    TimingDelay_Decrement                    0x080069bd   Thumb Code    34  tm_stm32f4_delay.o(.text)
    TM_DELAY_Init                            0x080069df   Thumb Code   136  tm_stm32f4_delay.o(.text)
    TM_DELAY_EnableDelayTimer                0x08006a67   Thumb Code    28  tm_stm32f4_delay.o(.text)
    TM_DELAY_DisableDelayTimer               0x08006a83   Thumb Code    18  tm_stm32f4_delay.o(.text)
    TM_DISCO_LedInit                         0x08006ab5   Thumb Code    50  tm_stm32f4_disco.o(.text)
    TM_DISCO_ButtonInit                      0x08006ae7   Thumb Code    44  tm_stm32f4_disco.o(.text)
    TM_DISCO_ButtonOnPressed                 0x08006b13   Thumb Code    32  tm_stm32f4_disco.o(.text)
    TM_DISCO_ButtonOnReleased                0x08006b33   Thumb Code    34  tm_stm32f4_disco.o(.text)
    TM_EXTI_Attach                           0x08006b61   Thumb Code   554  tm_stm32f4_exti.o(.text)
    TM_EXTI_Detach                           0x08006d8b   Thumb Code    42  tm_stm32f4_exti.o(.text)
    EXTI0_IRQHandler                         0x08006db5   Thumb Code    22  tm_stm32f4_exti.o(.text)
    EXTI1_IRQHandler                         0x08006dcb   Thumb Code    22  tm_stm32f4_exti.o(.text)
    EXTI2_IRQHandler                         0x08006de1   Thumb Code    22  tm_stm32f4_exti.o(.text)
    EXTI3_IRQHandler                         0x08006df7   Thumb Code    22  tm_stm32f4_exti.o(.text)
    EXTI4_IRQHandler                         0x08006e0d   Thumb Code    22  tm_stm32f4_exti.o(.text)
    EXTI9_5_IRQHandler                       0x08006e23   Thumb Code   102  tm_stm32f4_exti.o(.text)
    EXTI15_10_IRQHandler                     0x08006e89   Thumb Code   136  tm_stm32f4_exti.o(.text)
    TM_ILI9341_SetLayer1                     0x08006f41   Thumb Code    10  tm_stm32f4_ili9341_ltdc.o(.text)
    TM_ILI9341_Fill                          0x08006f4b   Thumb Code    30  tm_stm32f4_ili9341_ltdc.o(.text)
    TM_ILI9341_SetLayer2                     0x08006f69   Thumb Code    14  tm_stm32f4_ili9341_ltdc.o(.text)
    TM_ILI9341_InitLayers                    0x08006f77   Thumb Code   176  tm_stm32f4_ili9341_ltdc.o(.text)
    TM_LCD9341_InitLTDC                      0x08007027   Thumb Code   122  tm_stm32f4_ili9341_ltdc.o(.text)
    TM_ILI9341_SendCommand                   0x080070a1   Thumb Code    40  tm_stm32f4_ili9341_ltdc.o(.text)
    TM_ILI9341_Delay                         0x080070c9   Thumb Code    18  tm_stm32f4_ili9341_ltdc.o(.text)
    TM_ILI9341_SendData                      0x080070db   Thumb Code    40  tm_stm32f4_ili9341_ltdc.o(.text)
    TM_ILI9341_InitLCD                       0x08007103   Thumb Code   682  tm_stm32f4_ili9341_ltdc.o(.text)
    TM_ILI9341_InitPins                      0x080073ad   Thumb Code   392  tm_stm32f4_ili9341_ltdc.o(.text)
    TM_ILI9341_Init                          0x08007535   Thumb Code   110  tm_stm32f4_ili9341_ltdc.o(.text)
    TM_ILI9341_DrawPixel                     0x080075a3   Thumb Code   156  tm_stm32f4_ili9341_ltdc.o(.text)
    TM_ILI9341_Rotate                        0x0800763f   Thumb Code    46  tm_stm32f4_ili9341_ltdc.o(.text)
    TM_ILI9341_UpdateLayerOpacity            0x0800766d   Thumb Code    32  tm_stm32f4_ili9341_ltdc.o(.text)
    TM_ILI9341_SetLayer1Opacity              0x0800768d   Thumb Code    14  tm_stm32f4_ili9341_ltdc.o(.text)
    TM_ILI9341_SetLayer2Opacity              0x0800769b   Thumb Code    14  tm_stm32f4_ili9341_ltdc.o(.text)
    TM_ILI9341_ChangeLayers                  0x080076a9   Thumb Code    44  tm_stm32f4_ili9341_ltdc.o(.text)
    TM_ILI9341_Layer2To1                     0x080076d5   Thumb Code    30  tm_stm32f4_ili9341_ltdc.o(.text)
    TM_ILI9341_Layer1To2                     0x080076f3   Thumb Code    30  tm_stm32f4_ili9341_ltdc.o(.text)
    TM_ILI9341_Putc                          0x08007711   Thumb Code   232  tm_stm32f4_ili9341_ltdc.o(.text)
    TM_ILI9341_Puts                          0x080077f9   Thumb Code   118  tm_stm32f4_ili9341_ltdc.o(.text)
    TM_ILI9341_GetStringSize                 0x0800786f   Thumb Code    28  tm_stm32f4_ili9341_ltdc.o(.text)
    TM_ILI9341_DrawLine                      0x0800788b   Thumb Code   230  tm_stm32f4_ili9341_ltdc.o(.text)
    TM_ILI9341_DrawRectangle                 0x08007971   Thumb Code    74  tm_stm32f4_ili9341_ltdc.o(.text)
    TM_INT_ILI9341_DrawCircleCorner          0x080079bb   Thumb Code   230  tm_stm32f4_ili9341_ltdc.o(.text)
    TM_ILI9341_DrawRoundedRectangle          0x08007aa1   Thumb Code   300  tm_stm32f4_ili9341_ltdc.o(.text)
    TM_INT_ILI9341_DrawFilledCircleCorner    0x08007bcd   Thumb Code   396  tm_stm32f4_ili9341_ltdc.o(.text)
    TM_ILI9341_DrawFilledRectangle           0x08007d59   Thumb Code    46  tm_stm32f4_ili9341_ltdc.o(.text)
    TM_ILI9341_DrawFilledRoundedRectangle    0x08007d87   Thumb Code   274  tm_stm32f4_ili9341_ltdc.o(.text)
    TM_ILI9341_DrawCircle                    0x08007e99   Thumb Code   260  tm_stm32f4_ili9341_ltdc.o(.text)
    TM_ILI9341_DrawFilledCircle              0x08007f9d   Thumb Code   334  tm_stm32f4_ili9341_ltdc.o(.text)
    TM_ADC_InitADC                           0x080080ed   Thumb Code   144  tm_stm32f4_adc.o(.text)
    TM_ADC_INT_InitPin                       0x0800817d   Thumb Code    28  tm_stm32f4_adc.o(.text)
    TM_ADC_INT_Channel_15_Init               0x08008199   Thumb Code    42  tm_stm32f4_adc.o(.text)
    TM_ADC_INT_Channel_14_Init               0x080081c3   Thumb Code    42  tm_stm32f4_adc.o(.text)
    TM_ADC_INT_Channel_13_Init               0x080081ed   Thumb Code    14  tm_stm32f4_adc.o(.text)
    TM_ADC_INT_Channel_12_Init               0x080081fb   Thumb Code    14  tm_stm32f4_adc.o(.text)
    TM_ADC_INT_Channel_11_Init               0x08008209   Thumb Code    14  tm_stm32f4_adc.o(.text)
    TM_ADC_INT_Channel_10_Init               0x08008217   Thumb Code    14  tm_stm32f4_adc.o(.text)
    TM_ADC_INT_Channel_9_Init                0x08008225   Thumb Code    42  tm_stm32f4_adc.o(.text)
    TM_ADC_INT_Channel_8_Init                0x0800824f   Thumb Code    42  tm_stm32f4_adc.o(.text)
    TM_ADC_INT_Channel_7_Init                0x08008279   Thumb Code    42  tm_stm32f4_adc.o(.text)
    TM_ADC_INT_Channel_6_Init                0x080082a3   Thumb Code    42  tm_stm32f4_adc.o(.text)
    TM_ADC_INT_Channel_5_Init                0x080082cd   Thumb Code    42  tm_stm32f4_adc.o(.text)
    TM_ADC_INT_Channel_4_Init                0x080082f7   Thumb Code    42  tm_stm32f4_adc.o(.text)
    TM_ADC_INT_Channel_3_Init                0x08008321   Thumb Code    14  tm_stm32f4_adc.o(.text)
    TM_ADC_INT_Channel_2_Init                0x0800832f   Thumb Code    14  tm_stm32f4_adc.o(.text)
    TM_ADC_INT_Channel_1_Init                0x0800833d   Thumb Code    14  tm_stm32f4_adc.o(.text)
    TM_ADC_INT_Channel_0_Init                0x0800834b   Thumb Code    14  tm_stm32f4_adc.o(.text)
    TM_ADC_Init                              0x08008359   Thumb Code   204  tm_stm32f4_adc.o(.text)
    TM_ADC_Read                              0x08008425   Thumb Code    44  tm_stm32f4_adc.o(.text)
    TM_ADC_EnableVbat                        0x08008451   Thumb Code    16  tm_stm32f4_adc.o(.text)
    TM_ADC_DisableVbat                       0x08008461   Thumb Code    16  tm_stm32f4_adc.o(.text)
    TM_ADC_ReadVbat                          0x08008471   Thumb Code    58  tm_stm32f4_adc.o(.text)
    TM_BMP180_Init                           0x080084d1   Thumb Code   292  tm_stm32f4_bmp180.o(.text)
    TM_BMP180_StartTemperature               0x080085f5   Thumb Code    36  tm_stm32f4_bmp180.o(.text)
    TM_BMP180_ReadTemperature                0x08008619   Thumb Code   158  tm_stm32f4_bmp180.o(.text)
    TM_BMP180_StartPressure                  0x080086b7   Thumb Code   102  tm_stm32f4_bmp180.o(.text)
    TM_BMP180_ReadPressure                   0x0800871d   Thumb Code   830  tm_stm32f4_bmp180.o(.text)
    TM_BMP180_GetPressureAtSeaLevel          0x08008a5b   Thumb Code   104  tm_stm32f4_bmp180.o(.text)
    TM_GPIO_INT_Init                         0x08008af9   Thumb Code   174  tm_stm32f4_gpio.o(.text)
    TM_GPIO_INT_EnableClock                  0x08008ba7   Thumb Code   200  tm_stm32f4_gpio.o(.text)
    TM_GPIO_Init                             0x08008c6f   Thumb Code    48  tm_stm32f4_gpio.o(.text)
    TM_GPIO_InitAlternate                    0x08008c9f   Thumb Code   110  tm_stm32f4_gpio.o(.text)
    TM_GPIO_DeInit                           0x08008d0d   Thumb Code    38  tm_stm32f4_gpio.o(.text)
    TM_GPIO_SetPinAsInput                    0x08008d33   Thumb Code    38  tm_stm32f4_gpio.o(.text)
    TM_GPIO_SetPinAsOutput                   0x08008d59   Thumb Code    46  tm_stm32f4_gpio.o(.text)
    TM_GPIO_SetPinAsAnalog                   0x08008d87   Thumb Code    38  tm_stm32f4_gpio.o(.text)
    TM_GPIO_GetPortSource                    0x08008dad   Thumb Code    94  tm_stm32f4_gpio.o(.text)
    TM_GPIO_GetPinSource                     0x08008e0b   Thumb Code    18  tm_stm32f4_gpio.o(.text)
    TM_GPIO_INT_DisableClock                 0x08008e1d   Thumb Code   200  tm_stm32f4_gpio.o(.text)
    TM_RTC_SetDateTime                       0x08008f15   Thumb Code   512  tm_stm32f4_rtc.o(.text)
    TM_RTC_Config                            0x08009115   Thumb Code    86  tm_stm32f4_rtc.o(.text)
    TM_RTC_GetUnixTimeStamp                  0x0800916b   Thumb Code   216  tm_stm32f4_rtc.o(.text)
    TM_RTC_GetDateTime                       0x08009243   Thumb Code   106  tm_stm32f4_rtc.o(.text)
    TM_RTC_Init                              0x080092ad   Thumb Code   204  tm_stm32f4_rtc.o(.text)
    TM_RTC_SetDateTimeString                 0x08009379   Thumb Code   398  tm_stm32f4_rtc.o(.text)
    TM_RTC_GetDaysInMonth                    0x08009507   Thumb Code    86  tm_stm32f4_rtc.o(.text)
    TM_RTC_GetDaysInYear                     0x0800955d   Thumb Code    68  tm_stm32f4_rtc.o(.text)
    TM_RTC_Interrupts                        0x080095a1   Thumb Code   232  tm_stm32f4_rtc.o(.text)
    TM_RTC_GetDateTimeFromUnix               0x08009689   Thumb Code   276  tm_stm32f4_rtc.o(.text)
    TM_RTC_DisableAlarm                      0x0800979d   Thumb Code   134  tm_stm32f4_rtc.o(.text)
    TM_RTC_SetAlarm                          0x08009823   Thumb Code   208  tm_stm32f4_rtc.o(.text)
    TM_RTC_WriteBackupRegister               0x080098f3   Thumb Code    18  tm_stm32f4_rtc.o(.text)
    TM_RTC_ReadBackupRegister                0x08009905   Thumb Code    20  tm_stm32f4_rtc.o(.text)
    TM_RTC_AlarmBHandler                     0x0800991d   Thumb Code     2  tm_stm32f4_rtc.o(.text)
    RTC_WKUP_IRQHandler                      0x0800991f   Thumb Code    62  tm_stm32f4_rtc.o(.text)
    RTC_Alarm_IRQHandler                     0x0800995d   Thumb Code    56  tm_stm32f4_rtc.o(.text)
    Init_CE_Gpio                             0x08009999   Thumb Code    58  main.o(.text)
    main                                     0x080099d3   Thumb Code   816  main.o(.text)
    Write_Tempr_to_SD                        0x0800a021   Thumb Code   192  main.o(.text)
    Write_Data_to_SD                         0x0800a0e1   Thumb Code   192  main.o(.text)
    TM_RTC_RequestHandler                    0x0800ab31   Thumb Code     2  main.o(.text)
    TM_RTC_AlarmAHandler                     0x0800ab33   Thumb Code    30  main.o(.text)
    TM_EXTI_Handler_15                       0x0800ab51   Thumb Code    28  main.o(.text)
    Init_Timer_for_SD                        0x0800ab6d   Thumb Code    44  main.o(.text)
    NMI_Handler                              0x0800ac69   Thumb Code     2  stm32f4xx_it.o(.text)
    HardFault_Handler                        0x0800ac6b   Thumb Code     4  stm32f4xx_it.o(.text)
    MemManage_Handler                        0x0800ac6f   Thumb Code     4  stm32f4xx_it.o(.text)
    BusFault_Handler                         0x0800ac73   Thumb Code     4  stm32f4xx_it.o(.text)
    UsageFault_Handler                       0x0800ac77   Thumb Code     4  stm32f4xx_it.o(.text)
    DebugMon_Handler                         0x0800ac7b   Thumb Code     2  stm32f4xx_it.o(.text)
    SysTick_Handler                          0x0800ac7f   Thumb Code    18  stm32f4xx_it.o(.text)
    SystemInit                               0x0800ada1   Thumb Code    88  system_stm32f4xx.o(.text)
    SystemCoreClockUpdate                    0x0800adf9   Thumb Code   174  system_stm32f4xx.o(.text)
    Init_SPI_for_nRF                         0x0800aed5   Thumb Code   176  tm_stm32f4_nrf24l01.o(.text)
    TM_NRF24L01_InitPins                     0x0800af85   Thumb Code    72  tm_stm32f4_nrf24l01.o(.text)
    TM_NRF24L01_WriteRegister                0x0800afcd   Thumb Code    46  tm_stm32f4_nrf24l01.o(.text)
    TM_NRF24L01_ReadRegister                 0x0800affb   Thumb Code    44  tm_stm32f4_nrf24l01.o(.text)
    TM_NRF24L01_WriteBit                     0x0800b027   Thumb Code    48  tm_stm32f4_nrf24l01.o(.text)
    TM_NRF24L01_PowerUpRx                    0x0800b057   Thumb Code    82  tm_stm32f4_nrf24l01.o(.text)
    TM_NRF24L01_SetRF                        0x0800b0a9   Thumb Code    68  tm_stm32f4_nrf24l01.o(.text)
    TM_NRF24L01_SetChannel                   0x0800b0ed   Thumb Code    30  tm_stm32f4_nrf24l01.o(.text)
    TM_NRF24L01_WriteRegisterMulti           0x0800b10b   Thumb Code    50  tm_stm32f4_nrf24l01.o(.text)
    TM_NRF24L01_SoftwareReset                0x0800b13d   Thumb Code   284  tm_stm32f4_nrf24l01.o(.text)
    TM_NRF24L01_Init                         0x0800b259   Thumb Code   260  tm_stm32f4_nrf24l01.o(.text)
    TM_NRF24L01_SetMyAddress                 0x0800b35d   Thumb Code    30  tm_stm32f4_nrf24l01.o(.text)
    TM_NRF24L01_SetTxAddress                 0x0800b37b   Thumb Code    26  tm_stm32f4_nrf24l01.o(.text)
    TM_NRF24L01_SetPipe2Address              0x0800b395   Thumb Code    14  tm_stm32f4_nrf24l01.o(.text)
    TM_NRF24L01_SetPipe3Address              0x0800b3a3   Thumb Code    14  tm_stm32f4_nrf24l01.o(.text)
    TM_NRF24L01_SetPipe4Address              0x0800b3b1   Thumb Code    14  tm_stm32f4_nrf24l01.o(.text)
    TM_NRF24L01_SetPipe5Address              0x0800b3bf   Thumb Code    14  tm_stm32f4_nrf24l01.o(.text)
    TM_NRF24L01_ReadBit                      0x0800b3cd   Thumb Code    30  tm_stm32f4_nrf24l01.o(.text)
    TM_NRF24L01_ReadRegisterMulti            0x0800b3eb   Thumb Code    46  tm_stm32f4_nrf24l01.o(.text)
    TM_NRF24L01_PowerUpTx                    0x0800b419   Thumb Code    42  tm_stm32f4_nrf24l01.o(.text)
    TM_NRF24L01_PowerDown                    0x0800b443   Thumb Code    20  tm_stm32f4_nrf24l01.o(.text)
    TM_NRF24L01_Transmit                     0x0800b457   Thumb Code    76  tm_stm32f4_nrf24l01.o(.text)
    TM_NRF24L01_GetData                      0x0800b4a3   Thumb Code    50  tm_stm32f4_nrf24l01.o(.text)
    TM_NRF24L01_RxFifoEmpty                  0x0800b4d5   Thumb Code    16  tm_stm32f4_nrf24l01.o(.text)
    TM_NRF24L01_GetStatus                    0x0800b4e5   Thumb Code    30  tm_stm32f4_nrf24l01.o(.text)
    TM_NRF24L01_DataReady                    0x0800b503   Thumb Code    32  tm_stm32f4_nrf24l01.o(.text)
    TM_NRF24L01_GetTransmissionStatus        0x0800b523   Thumb Code    32  tm_stm32f4_nrf24l01.o(.text)
    TM_NRF24L01_GetRetransmissionsCount      0x0800b543   Thumb Code    14  tm_stm32f4_nrf24l01.o(.text)
    vListInitialise                          0x0800b55d   Thumb Code    26  list.o(.text)
    vListInitialiseItem                      0x0800b577   Thumb Code     6  list.o(.text)
    vListInsertEnd                           0x0800b57d   Thumb Code    24  list.o(.text)
    vListInsert                              0x0800b595   Thumb Code    52  list.o(.text)
    uxListRemove                             0x0800b5c9   Thumb Code    40  list.o(.text)
    xQueueGenericReset                       0x0800b5f1   Thumb Code   120  queue.o(.text)
    xQueueGenericCreate                      0x0800b669   Thumb Code    92  queue.o(.text)
    xQueueGenericSend                        0x0800b7d7   Thumb Code   282  queue.o(.text)
    xQueueCreateMutex                        0x0800b8f1   Thumb Code    86  queue.o(.text)
    xQueueGiveMutexRecursive                 0x0800b947   Thumb Code    58  queue.o(.text)
    xQueueGenericReceive                     0x0800b9c5   Thumb Code   320  queue.o(.text)
    xQueueTakeMutexRecursive                 0x0800bb05   Thumb Code    70  queue.o(.text)
    xQueueCreateCountingSemaphore            0x0800bb4b   Thumb Code    74  queue.o(.text)
    xQueueGenericSendFromISR                 0x0800bb95   Thumb Code   172  queue.o(.text)
    xQueueReceiveFromISR                     0x0800bc41   Thumb Code   136  queue.o(.text)
    xQueuePeekFromISR                        0x0800bcc9   Thumb Code    90  queue.o(.text)
    uxQueueMessagesWaiting                   0x0800bd23   Thumb Code    28  queue.o(.text)
    uxQueueSpacesAvailable                   0x0800bd3f   Thumb Code    34  queue.o(.text)
    uxQueueMessagesWaitingFromISR            0x0800bd61   Thumb Code    20  queue.o(.text)
    vQueueUnregisterQueue                    0x0800bd75   Thumb Code    38  queue.o(.text)
    vQueueDelete                             0x0800bd9b   Thumb Code    36  queue.o(.text)
    ucQueueGetQueueNumber                    0x0800bdbf   Thumb Code     8  queue.o(.text)
    vQueueSetQueueNumber                     0x0800bdc7   Thumb Code     6  queue.o(.text)
    ucQueueGetQueueType                      0x0800bdcd   Thumb Code     8  queue.o(.text)
    xQueueIsQueueEmptyFromISR                0x0800bdd5   Thumb Code    28  queue.o(.text)
    xQueueIsQueueFullFromISR                 0x0800bdf1   Thumb Code    32  queue.o(.text)
    vQueueAddToRegistry                      0x0800be11   Thumb Code    38  queue.o(.text)
    xTaskGenericCreate                       0x0800bf13   Thumb Code   286  tasks.o(.text)
    vTaskDelete                              0x0800c031   Thumb Code    90  tasks.o(.text)
    xTaskIncrementTick                       0x0800c08b   Thumb Code   306  tasks.o(.text)
    xTaskResumeAll                           0x0800c1bd   Thumb Code   280  tasks.o(.text)
    vTaskSuspendAll                          0x0800c313   Thumb Code    12  tasks.o(.text)
    vTaskDelayUntil                          0x0800c31f   Thumb Code   130  tasks.o(.text)
    vTaskDelay                               0x0800c3a1   Thumb Code    48  tasks.o(.text)
    uxTaskPriorityGet                        0x0800c3d1   Thumb Code    30  tasks.o(.text)
    vTaskPrioritySet                         0x0800c3ef   Thumb Code   206  tasks.o(.text)
    vTaskSwitchContext                       0x0800c4bd   Thumb Code   122  tasks.o(.text)
    vTaskSuspend                             0x0800c537   Thumb Code    96  tasks.o(.text)
    xTaskIsTaskSuspended                     0x0800c597   Thumb Code    68  tasks.o(.text)
    vTaskResume                              0x0800c5db   Thumb Code   102  tasks.o(.text)
    xTaskResumeFromISR                       0x0800c641   Thumb Code   184  tasks.o(.text)
    vTaskStartScheduler                      0x0800c775   Thumb Code    64  tasks.o(.text)
    vTaskEndScheduler                        0x0800c7b5   Thumb Code    18  tasks.o(.text)
    xTaskGetTickCount                        0x0800c7c7   Thumb Code    18  tasks.o(.text)
    xTaskGetTickCountFromISR                 0x0800c7d9   Thumb Code    26  tasks.o(.text)
    uxTaskGetNumberOfTasks                   0x0800c7f3   Thumb Code     6  tasks.o(.text)
    uxTaskGetSystemState                     0x0800c8ad   Thumb Code   132  tasks.o(.text)
    vTaskPlaceOnEventList                    0x0800c931   Thumb Code    70  tasks.o(.text)
    xTaskRemoveFromEventList                 0x0800c977   Thumb Code   112  tasks.o(.text)
    vTaskSetTimeOutState                     0x0800c9e7   Thumb Code    28  tasks.o(.text)
    xTaskCheckForTimeOut                     0x0800ca03   Thumb Code   108  tasks.o(.text)
    vTaskMissedYield                         0x0800ca6f   Thumb Code     8  tasks.o(.text)
    uxTaskGetTaskNumber                      0x0800ca77   Thumb Code    14  tasks.o(.text)
    vTaskSetTaskNumber                       0x0800ca85   Thumb Code     8  tasks.o(.text)
    xTaskGetCurrentTaskHandle                0x0800ca8d   Thumb Code     6  tasks.o(.text)
    xTaskGetSchedulerState                   0x0800ca93   Thumb Code    24  tasks.o(.text)
    vTaskPriorityInherit                     0x0800caab   Thumb Code   194  tasks.o(.text)
    vTaskPriorityDisinherit                  0x0800cb6d   Thumb Code    70  tasks.o(.text)
    osThreadCreate                           0x0800cbdf   Thumb Code    50  cmsis_os.o(.text)
    osKernelStart                            0x0800cc11   Thumb Code    24  cmsis_os.o(.text)
    osKernelSysTick                          0x0800cc29   Thumb Code    20  cmsis_os.o(.text)
    osKernelRunning                          0x0800cc3d   Thumb Code    16  cmsis_os.o(.text)
    osThreadGetId                            0x0800cc4d   Thumb Code     8  cmsis_os.o(.text)
    osThreadTerminate                        0x0800cc55   Thumb Code    14  cmsis_os.o(.text)
    osThreadYield                            0x0800cc63   Thumb Code    10  cmsis_os.o(.text)
    osThreadSetPriority                      0x0800cc6d   Thumb Code    26  cmsis_os.o(.text)
    osThreadGetPriority                      0x0800cc87   Thumb Code     6  cmsis_os.o(.text)
    osDelay                                  0x0800cc8d   Thumb Code    24  cmsis_os.o(.text)
    osTimerCreate                            0x0800cca5   Thumb Code     6  cmsis_os.o(.text)
    osTimerStart                             0x0800ccab   Thumb Code     8  cmsis_os.o(.text)
    osTimerStop                              0x0800ccb3   Thumb Code     8  cmsis_os.o(.text)
    osMutexCreate                            0x0800ccbb   Thumb Code    12  cmsis_os.o(.text)
    osMutexWait                              0x0800ccc7   Thumb Code    64  cmsis_os.o(.text)
    osMutexRelease                           0x0800cd07   Thumb Code    38  cmsis_os.o(.text)
    osMutexDelete                            0x0800cd2d   Thumb Code    14  cmsis_os.o(.text)
    osSemaphoreCreate                        0x0800cd3b   Thumb Code    50  cmsis_os.o(.text)
    osSemaphoreWait                          0x0800cd6d   Thumb Code    64  cmsis_os.o(.text)
    osSemaphoreRelease                       0x0800cdad   Thumb Code    70  cmsis_os.o(.text)
    osSemaphoreDelete                        0x0800cdf3   Thumb Code    14  cmsis_os.o(.text)
    osPoolCreate                             0x0800ce01   Thumb Code   112  cmsis_os.o(.text)
    osPoolAlloc                              0x0800ce71   Thumb Code   102  cmsis_os.o(.text)
    osPoolCAlloc                             0x0800ced7   Thumb Code    22  cmsis_os.o(.text)
    osPoolFree                               0x0800ceed   Thumb Code    74  cmsis_os.o(.text)
    osMessageCreate                          0x0800cf37   Thumb Code    18  cmsis_os.o(.text)
    osMessagePut                             0x0800cf49   Thumb Code    84  cmsis_os.o(.text)
    osMessageGet                             0x0800cf9d   Thumb Code   140  cmsis_os.o(.text)
    osMailCreate                             0x0800d029   Thumb Code   122  cmsis_os.o(.text)
    osMailAlloc                              0x0800d0a3   Thumb Code    24  cmsis_os.o(.text)
    osMailCAlloc                             0x0800d0bb   Thumb Code    40  cmsis_os.o(.text)
    osMailPut                                0x0800d0e3   Thumb Code    82  cmsis_os.o(.text)
    osMailGet                                0x0800d135   Thumb Code   144  cmsis_os.o(.text)
    osMailFree                               0x0800d1c5   Thumb Code    24  cmsis_os.o(.text)
    osThreadSuspend                          0x0800d1dd   Thumb Code    14  cmsis_os.o(.text)
    osThreadResume                           0x0800d1eb   Thumb Code    28  cmsis_os.o(.text)
    osThreadSuspendAll                       0x0800d207   Thumb Code    10  cmsis_os.o(.text)
    osThreadResumeAll                        0x0800d211   Thumb Code    10  cmsis_os.o(.text)
    osThreadIsSuspended                      0x0800d21b   Thumb Code    20  cmsis_os.o(.text)
    osDelayUntil                             0x0800d22f   Thumb Code    30  cmsis_os.o(.text)
    osThreadList                             0x0800d24d   Thumb Code     6  cmsis_os.o(.text)
    osMessagePeek                            0x0800d253   Thumb Code    88  cmsis_os.o(.text)
    osRecursiveMutexCreate                   0x0800d2ab   Thumb Code    12  cmsis_os.o(.text)
    osRecursiveMutexRelease                  0x0800d2b7   Thumb Code    22  cmsis_os.o(.text)
    osRecursiveMutexWait                     0x0800d2cd   Thumb Code    50  cmsis_os.o(.text)
    pxPortInitialiseStack                    0x0800d321   Thumb Code    34  port.o(.text)
    vPortSetupTimerInterrupt                 0x0800d343   Thumb Code    26  port.o(.text)
    xPortStartScheduler                      0x0800d35d   Thumb Code   156  port.o(.text)
    vPortEndScheduler                        0x0800d3f9   Thumb Code     2  port.o(.text)
    vPortYield                               0x0800d3fb   Thumb Code    20  port.o(.text)
    vPortEnterCritical                       0x0800d40f   Thumb Code    26  port.o(.text)
    vPortExitCritical                        0x0800d429   Thumb Code    26  port.o(.text)
    xPortSysTickHandler                      0x0800d443   Thumb Code    30  port.o(.text)
    vPortValidateInterruptPriority           0x0800d461   Thumb Code    80  port.o(.text)
    pvPortMalloc                             0x0800d597   Thumb Code   166  heap_4.o(.text)
    vPortFree                                0x0800d63d   Thumb Code   112  heap_4.o(.text)
    xPortGetFreeHeapSize                     0x0800d6ad   Thumb Code     6  heap_4.o(.text)
    vPortInitialiseBlocks                    0x0800d6b3   Thumb Code     2  heap_4.o(.text)
    disk_initialize                          0x0800d6c9   Thumb Code    34  diskio.o(.text)
    disk_status                              0x0800d6eb   Thumb Code    34  diskio.o(.text)
    disk_read                                0x0800d70d   Thumb Code    54  diskio.o(.text)
    disk_write                               0x0800d743   Thumb Code    60  diskio.o(.text)
    disk_ioctl                               0x0800d77f   Thumb Code    46  diskio.o(.text)
    get_fattime                              0x0800d7ad   Thumb Code     4  diskio.o(.text)
    f_mount                                  0x0800ed49   Thumb Code    86  ff.o(.text)
    f_open                                   0x0800ed9f   Thumb Code   504  ff.o(.text)
    f_read                                   0x0800ef97   Thumb Code   428  ff.o(.text)
    f_write                                  0x0800f143   Thumb Code   478  ff.o(.text)
    f_sync                                   0x0800f321   Thumb Code   160  ff.o(.text)
    f_close                                  0x0800f3c1   Thumb Code    34  ff.o(.text)
    f_lseek                                  0x0800f3e3   Thumb Code   386  ff.o(.text)
    f_opendir                                0x0800f565   Thumb Code   122  ff.o(.text)
    f_closedir                               0x0800f5df   Thumb Code    24  ff.o(.text)
    f_readdir                                0x0800f5f7   Thumb Code    92  ff.o(.text)
    f_stat                                   0x0800f653   Thumb Code    72  ff.o(.text)
    f_getfree                                0x0800f69b   Thumb Code   252  ff.o(.text)
    f_truncate                               0x0800f797   Thumb Code   178  ff.o(.text)
    f_unlink                                 0x0800f849   Thumb Code   180  ff.o(.text)
    f_mkdir                                  0x0800f8fd   Thumb Code   360  ff.o(.text)
    f_rename                                 0x0800fa65   Thumb Code   282  ff.o(.text)
    f_gets                                   0x0800fb7f   Thumb Code    82  ff.o(.text)
    f_putc                                   0x0800fc4b   Thumb Code    34  ff.o(.text)
    f_puts                                   0x0800fc6d   Thumb Code    44  ff.o(.text)
    f_printf                                 0x0800fc99   Thumb Code   596  ff.o(.text)
    TM_FATFS_InitPins                        0x080100d3   Thumb Code    48  fatfs_sd.o(.text)
    TM_FATFS_Detect                          0x08010103   Thumb Code     4  fatfs_sd.o(.text)
    TM_FATFS_WriteEnabled                    0x08010107   Thumb Code     4  fatfs_sd.o(.text)
    TM_FATFS_SD_disk_initialize              0x0801010b   Thumb Code   324  fatfs_sd.o(.text)
    TM_FATFS_SD_disk_status                  0x0801024f   Thumb Code    50  fatfs_sd.o(.text)
    TM_FATFS_SD_disk_read                    0x08010281   Thumb Code   154  fatfs_sd.o(.text)
    TM_FATFS_SD_disk_write                   0x0801031b   Thumb Code   176  fatfs_sd.o(.text)
    TM_FATFS_SD_disk_ioctl                   0x080103cb   Thumb Code   536  fatfs_sd.o(.text)
    ff_convert                               0x080105ed   Thumb Code    70  unicode.o(.text)
    ff_wtoupper                              0x08010633   Thumb Code   156  unicode.o(.text)
    __2sprintf                               0x080106dd   Thumb Code    34  noretval__2sprintf.o(.text)
    _printf_pre_padding                      0x08010705   Thumb Code    44  _printf_pad.o(.text)
    _printf_post_padding                     0x08010731   Thumb Code    34  _printf_pad.o(.text)
    _printf_str                              0x08010753   Thumb Code    82  _printf_str.o(.text)
    _printf_int_dec                          0x080107a5   Thumb Code   104  _printf_dec.o(.text)
    __printf                                 0x0801081d   Thumb Code   388  __printf_flags_ss_wp.o(.text)
    __aeabi_memcpy                           0x080109a5   Thumb Code     0  rt_memcpy_v6.o(.text)
    __rt_memcpy                              0x080109a5   Thumb Code   138  rt_memcpy_v6.o(.text)
    _memcpy_lastbytes                        0x08010a0b   Thumb Code     0  rt_memcpy_v6.o(.text)
    __aeabi_memcpy4                          0x08010a2f   Thumb Code     0  rt_memcpy_w.o(.text)
    __aeabi_memcpy8                          0x08010a2f   Thumb Code     0  rt_memcpy_w.o(.text)
    __rt_memcpy_w                            0x08010a2f   Thumb Code   100  rt_memcpy_w.o(.text)
    _memcpy_lastbytes_aligned                0x08010a77   Thumb Code     0  rt_memcpy_w.o(.text)
    __aeabi_memset                           0x08010a93   Thumb Code    16  aeabi_memset.o(.text)
    __use_two_region_memory                  0x08010aa3   Thumb Code     2  heapauxi.o(.text)
    __rt_heap_escrow$2region                 0x08010aa5   Thumb Code     2  heapauxi.o(.text)
    __rt_heap_expand$2region                 0x08010aa7   Thumb Code     2  heapauxi.o(.text)
    __read_errno                             0x08010aa9   Thumb Code    10  _rserrno.o(.text)
    __set_errno                              0x08010ab3   Thumb Code    12  _rserrno.o(.text)
    _printf_int_common                       0x08010abf   Thumb Code   178  _printf_intcommon.o(.text)
    __lib_sel_fp_printf                      0x08010b71   Thumb Code     2  _printf_fp_dec.o(.text)
    _printf_fp_dec_real                      0x08010d1f   Thumb Code   620  _printf_fp_dec.o(.text)
    _printf_char_common                      0x08010f97   Thumb Code    32  _printf_char_common.o(.text)
    _sputc                                   0x08010fbd   Thumb Code    10  _sputc.o(.text)
    _printf_cs_common                        0x08010fc7   Thumb Code    20  _printf_char.o(.text)
    _printf_char                             0x08010fdb   Thumb Code    16  _printf_char.o(.text)
    _printf_string                           0x08010feb   Thumb Code     8  _printf_char.o(.text)
    __aeabi_memclr                           0x08010ff3   Thumb Code     0  rt_memclr.o(.text)
    __rt_memclr                              0x08010ff3   Thumb Code    68  rt_memclr.o(.text)
    _memset                                  0x08010ff7   Thumb Code     0  rt_memclr.o(.text)
    __rt_locale                              0x08011039   Thumb Code     8  rt_locale_intlibspace.o(.text)
    __aeabi_errno_addr                       0x08011041   Thumb Code     8  rt_errno_addr_intlibspace.o(.text)
    __errno$intlibspace                      0x08011041   Thumb Code     0  rt_errno_addr_intlibspace.o(.text)
    __rt_errno_addr$intlibspace              0x08011041   Thumb Code     0  rt_errno_addr_intlibspace.o(.text)
    _ll_udiv10                               0x08011049   Thumb Code   138  lludiv10.o(.text)
    _printf_fp_infnan                        0x080110d5   Thumb Code   112  _printf_fp_infnan.o(.text)
    _btod_etento                             0x08011155   Thumb Code   216  bigflt0.o(.text)
    __aeabi_memclr4                          0x08011231   Thumb Code     0  rt_memclr_w.o(.text)
    __aeabi_memclr8                          0x08011231   Thumb Code     0  rt_memclr_w.o(.text)
    __rt_memclr_w                            0x08011231   Thumb Code    78  rt_memclr_w.o(.text)
    _memset_w                                0x08011235   Thumb Code     0  rt_memclr_w.o(.text)
    __user_libspace                          0x08011281   Thumb Code     8  libspace.o(.text)
    __user_perproc_libspace                  0x08011281   Thumb Code     0  libspace.o(.text)
    __user_perthread_libspace                0x08011281   Thumb Code     0  libspace.o(.text)
    __user_setup_stackheap                   0x08011289   Thumb Code    74  sys_stackheap_outer.o(.text)
    exit                                     0x080112d3   Thumb Code    12  exit.o(.text)
    strcmp                                   0x080112e1   Thumb Code   128  strcmpv7m.o(.text)
    _sys_exit                                0x08011361   Thumb Code     8  sys_exit.o(.text)
    __I$use$semihosting                      0x0801136d   Thumb Code     0  use_no_semi.o(.text)
    __use_no_semihosting_swi                 0x0801136d   Thumb Code     2  use_no_semi.o(.text)
    __semihosting_library_function           0x0801136f   Thumb Code     0  indicate_semi.o(.text)
    _btod_d2e                                0x0801136f   Thumb Code    62  btod.o(CL$$btod_d2e)
    _d2e_denorm_low                          0x080113ad   Thumb Code    70  btod.o(CL$$btod_d2e_denorm_low)
    _d2e_norm_op1                            0x080113f3   Thumb Code    96  btod.o(CL$$btod_d2e_norm_op1)
    __btod_div_common                        0x08011453   Thumb Code   696  btod.o(CL$$btod_div_common)
    _e2e                                     0x0801178b   Thumb Code   198  btod.o(CL$$btod_e2e)
    _btod_ediv                               0x08011851   Thumb Code    40  btod.o(CL$$btod_ediv)
    _btod_emul                               0x08011879   Thumb Code    40  btod.o(CL$$btod_emul)
    __btod_mult_common                       0x080118a1   Thumb Code   580  btod.o(CL$$btod_mult_common)
    __ARM_fpclassify                         0x08011ae5   Thumb Code    48  fpclassify.o(i.__ARM_fpclassify)
    __hardfp_pow                             0x08011b19   Thumb Code  3044  pow.o(i.__hardfp_pow)
    __hardfp_sqrt                            0x08012751   Thumb Code   122  sqrt.o(i.__hardfp_sqrt)
    __kernel_poly                            0x080127cb   Thumb Code   248  poly.o(i.__kernel_poly)
    __mathlib_dbl_divzero                    0x080128c9   Thumb Code    28  dunder.o(i.__mathlib_dbl_divzero)
    __mathlib_dbl_infnan2                    0x080128f9   Thumb Code    20  dunder.o(i.__mathlib_dbl_infnan2)
    __mathlib_dbl_invalid                    0x08012911   Thumb Code    24  dunder.o(i.__mathlib_dbl_invalid)
    __mathlib_dbl_overflow                   0x08012931   Thumb Code    24  dunder.o(i.__mathlib_dbl_overflow)
    __mathlib_dbl_underflow                  0x08012951   Thumb Code    24  dunder.o(i.__mathlib_dbl_underflow)
    _is_digit                                0x08012971   Thumb Code    14  __printf_wp.o(i._is_digit)
    fabs                                     0x0801297f   Thumb Code    24  fabs.o(i.fabs)
    sqrt                                     0x08012997   Thumb Code   110  sqrt.o(i.sqrt)
    _get_lc_numeric                          0x08012a05   Thumb Code    44  lc_numeric_c.o(locale$$code)
    __aeabi_dneg                             0x08012a31   Thumb Code     0  basic.o(x$fpl$basic)
    _dneg                                    0x08012a31   Thumb Code     6  basic.o(x$fpl$basic)
    __aeabi_fneg                             0x08012a37   Thumb Code     0  basic.o(x$fpl$basic)
    _fneg                                    0x08012a37   Thumb Code     6  basic.o(x$fpl$basic)
    _dabs                                    0x08012a3d   Thumb Code     6  basic.o(x$fpl$basic)
    _fabs                                    0x08012a43   Thumb Code     6  basic.o(x$fpl$basic)
    __aeabi_d2f                              0x08012a49   Thumb Code     0  d2f.o(x$fpl$d2f)
    _d2f                                     0x08012a49   Thumb Code    98  d2f.o(x$fpl$d2f)
    __aeabi_dadd                             0x08012aad   Thumb Code     0  daddsub_clz.o(x$fpl$dadd)
    _dadd                                    0x08012aad   Thumb Code   332  daddsub_clz.o(x$fpl$dadd)
    __fpl_dcheck_NaN1                        0x08012bfd   Thumb Code    10  dcheck1.o(x$fpl$dcheck1)
    __fpl_dcmp_Inf                           0x08012c0d   Thumb Code    24  dcmpi.o(x$fpl$dcmpinf)
    __aeabi_ddiv                             0x08012c25   Thumb Code     0  ddiv.o(x$fpl$ddiv)
    _ddiv                                    0x08012c25   Thumb Code   552  ddiv.o(x$fpl$ddiv)
    __aeabi_i2d                              0x08012ed5   Thumb Code     0  dflt_clz.o(x$fpl$dflt)
    _dflt                                    0x08012ed5   Thumb Code    46  dflt_clz.o(x$fpl$dflt)
    __aeabi_cdcmple                          0x08012f05   Thumb Code     0  dleqf.o(x$fpl$dleqf)
    _dcmple                                  0x08012f05   Thumb Code   120  dleqf.o(x$fpl$dleqf)
    __fpl_dcmple_InfNaN                      0x08012f67   Thumb Code     0  dleqf.o(x$fpl$dleqf)
    __aeabi_dmul                             0x08012f7d   Thumb Code     0  dmul.o(x$fpl$dmul)
    _dmul                                    0x08012f7d   Thumb Code   332  dmul.o(x$fpl$dmul)
    __fpl_dnaninf                            0x080130d1   Thumb Code   156  dnaninf.o(x$fpl$dnaninf)
    __fpl_dretinf                            0x0801316d   Thumb Code    12  dretinf.o(x$fpl$dretinf)
    __aeabi_cdrcmple                         0x08013179   Thumb Code     0  drleqf.o(x$fpl$drleqf)
    _drcmple                                 0x08013179   Thumb Code   108  drleqf.o(x$fpl$drleqf)
    __aeabi_drsub                            0x080131e5   Thumb Code     0  daddsub_clz.o(x$fpl$drsb)
    _drsb                                    0x080131e5   Thumb Code    22  daddsub_clz.o(x$fpl$drsb)
    _dsqrt                                   0x080131fd   Thumb Code   404  dsqrt_umaal.o(x$fpl$dsqrt)
    __aeabi_dsub                             0x08013395   Thumb Code     0  daddsub_clz.o(x$fpl$dsub)
    _dsub                                    0x08013395   Thumb Code   464  daddsub_clz.o(x$fpl$dsub)
    __aeabi_f2d                              0x08013569   Thumb Code     0  f2d.o(x$fpl$f2d)
    _f2d                                     0x08013569   Thumb Code    86  f2d.o(x$fpl$f2d)
    __fpl_fnaninf                            0x080135bf   Thumb Code   140  fnaninf.o(x$fpl$fnaninf)
    _fp_init                                 0x0801364b   Thumb Code    10  fpinit.o(x$fpl$fpinit)
    __fplib_config_fpu_vfp                   0x08013653   Thumb Code     0  fpinit.o(x$fpl$fpinit)
    __fplib_config_pureend_doubles           0x08013653   Thumb Code     0  fpinit.o(x$fpl$fpinit)
    __fpl_fretinf                            0x08013655   Thumb Code    10  fretinf.o(x$fpl$fretinf)
    _printf_fp_dec                           0x0801365f   Thumb Code     4  printf1.o(x$fpl$printf1)
    __fpl_return_NaN                         0x08013663   Thumb Code   100  retnan.o(x$fpl$retnan)
    __ARM_scalbn                             0x080136c7   Thumb Code    92  scalbn.o(x$fpl$scalbn)
    __fpl_cmpreturn                          0x08013723   Thumb Code    48  trapv.o(x$fpl$trapveneer)
    __I$use$fp                               0x08013752   Number         0  usenofp.o(x$fpl$usenofp)
    FMC_DefaultTimingStruct                  0x08013754   Data          28  stm32f4xx_fmc.o(.constdata)
    TM_Font7x10                              0x08013770   Data        1900  tm_stm32f4_fonts.o(.constdata)
    TM_Font11x18                             0x08013edc   Data        3420  tm_stm32f4_fonts.o(.constdata)
    TM_Font16x26                             0x08014c38   Data        4940  tm_stm32f4_fonts.o(.constdata)
    __mathlib_zero                           0x08016488   Data           8  qnan.o(.constdata)
    Region$$Table$$Base                      0x0801653c   Number         0  anon$$obj.o(Region$$Table)
    Region$$Table$$Limit                     0x0801655c   Number         0  anon$$obj.o(Region$$Table)
    TM_Font_7x10                             0x20000010   Data           8  tm_stm32f4_fonts.o(.data)
    TM_Font_11x18                            0x20000018   Data           8  tm_stm32f4_fonts.o(.data)
    TM_Font_16x26                            0x20000020   Data           8  tm_stm32f4_fonts.o(.data)
    TM_I2C_Timeout                           0x20000028   Data           4  tm_stm32f4_i2c.o(.data)
    TM_I2C_INT_Clocks                        0x2000002c   Data          12  tm_stm32f4_i2c.o(.data)
    GPIO_I2C_InitStruct                      0x20000038   Data           8  tm_stm32f4_i2c.o(.data)
    TM_L3GD20_INT_Scale                      0x20000040   Data           1  tm_stm32f4_l3gd20.o(.data)
    TM_USART1                                0x20000044   Data          12  tm_stm32f4_usart.o(.data)
    TM_USART2                                0x20000050   Data          12  tm_stm32f4_usart.o(.data)
    TM_USART3                                0x2000005c   Data          12  tm_stm32f4_usart.o(.data)
    TM_UART4                                 0x20000068   Data          12  tm_stm32f4_usart.o(.data)
    TM_UART5                                 0x20000074   Data          12  tm_stm32f4_usart.o(.data)
    TM_USART6                                0x20000080   Data          12  tm_stm32f4_usart.o(.data)
    TM_UART7                                 0x2000008c   Data          12  tm_stm32f4_usart.o(.data)
    TM_UART8                                 0x20000098   Data          12  tm_stm32f4_usart.o(.data)
    GPIO_InitStruct                          0x200000a4   Data           8  tm_stm32f4_usart.o(.data)
    TM_TimingDelay                           0x200000ac   Data           4  tm_stm32f4_delay.o(.data)
    TM_Time                                  0x200000b0   Data           4  tm_stm32f4_delay.o(.data)
    TM_Time2                                 0x200000b4   Data           4  tm_stm32f4_delay.o(.data)
    TM_DELAY_Initialized                     0x200000b8   Data           1  tm_stm32f4_delay.o(.data)
    mult                                     0x200000bc   Data           4  tm_stm32f4_delay.o(.data)
    TM_INT_DISCO_ButtonPressed               0x200000c0   Data           1  tm_stm32f4_disco.o(.data)
    pinsused                                 0x200000c4   Data           4  tm_stm32f4_exti.o(.data)
    ILI9341_x                                0x200000c8   Data           2  tm_stm32f4_ili9341_ltdc.o(.data)
    ILI9341_y                                0x200000ca   Data           2  tm_stm32f4_ili9341_ltdc.o(.data)
    AC1                                      0x200000cc   Data           2  tm_stm32f4_bmp180.o(.data)
    AC2                                      0x200000ce   Data           2  tm_stm32f4_bmp180.o(.data)
    AC3                                      0x200000d0   Data           2  tm_stm32f4_bmp180.o(.data)
    B1                                       0x200000d2   Data           2  tm_stm32f4_bmp180.o(.data)
    B2                                       0x200000d4   Data           2  tm_stm32f4_bmp180.o(.data)
    MB                                       0x200000d6   Data           2  tm_stm32f4_bmp180.o(.data)
    MC                                       0x200000d8   Data           2  tm_stm32f4_bmp180.o(.data)
    MD                                       0x200000da   Data           2  tm_stm32f4_bmp180.o(.data)
    AC4                                      0x200000dc   Data           2  tm_stm32f4_bmp180.o(.data)
    AC5                                      0x200000de   Data           2  tm_stm32f4_bmp180.o(.data)
    AC6                                      0x200000e0   Data           2  tm_stm32f4_bmp180.o(.data)
    UT                                       0x200000e2   Data           2  tm_stm32f4_bmp180.o(.data)
    X1                                       0x200000e4   Data           4  tm_stm32f4_bmp180.o(.data)
    X2                                       0x200000e8   Data           4  tm_stm32f4_bmp180.o(.data)
    X3                                       0x200000ec   Data           4  tm_stm32f4_bmp180.o(.data)
    B3                                       0x200000f0   Data           4  tm_stm32f4_bmp180.o(.data)
    B5                                       0x200000f4   Data           4  tm_stm32f4_bmp180.o(.data)
    B6                                       0x200000f8   Data           4  tm_stm32f4_bmp180.o(.data)
    T                                        0x200000fc   Data           4  tm_stm32f4_bmp180.o(.data)
    p                                        0x20000100   Data           4  tm_stm32f4_bmp180.o(.data)
    B4                                       0x20000104   Data           4  tm_stm32f4_bmp180.o(.data)
    B7                                       0x20000108   Data           4  tm_stm32f4_bmp180.o(.data)
    UP                                       0x2000010c   Data           4  tm_stm32f4_bmp180.o(.data)
    lib_initialized                          0x20000110   Data           1  tm_stm32f4_bmp180.o(.data)
    TM_RTC_Status                            0x20000114   Data           4  tm_stm32f4_rtc.o(.data)
    RTC_TimeStruct                           0x20000118   Data           4  tm_stm32f4_rtc.o(.data)
    RTC_DateStruct                           0x2000011c   Data           4  tm_stm32f4_rtc.o(.data)
    NVIC_InitStruct                          0x20000120   Data           4  tm_stm32f4_rtc.o(.data)
    EXTI_InitStruct                          0x20000124   Data           8  tm_stm32f4_rtc.o(.data)
    TM_RTC_Months                            0x2000012c   Data          24  tm_stm32f4_rtc.o(.data)
    L3GD20_Data                              0x20000144   Data           6  main.o(.data)
    temp_f                                   0x2000014c   Data           4  main.o(.data)
    maximum_rotation                         0x20000150   Data           4  main.o(.data)
    real_tempr                               0x20000154   Data           4  main.o(.data)
    Coord_811                                0x20000158   Data           6  main.o(.data)
    Statik_Coord                             0x2000015e   Data           6  main.o(.data)
    flag                                     0x20000164   Data           2  main.o(.data)
    temp                                     0x20000166   Data           1  main.o(.data)
    temp_sd_res                              0x20000167   Data           1  main.o(.data)
    xTouchThread                             0x20000168   Data           4  main.o(.data)
    xMutex_LCD                               0x2000016c   Data           4  main.o(.data)
    xWatt_1_sec_measure                      0x20000170   Data           4  main.o(.data)
    xSDcard_write                            0x20000174   Data           4  main.o(.data)
    xSDcard_written_done                     0x20000178   Data           4  main.o(.data)
    total                                    0x2000017c   Data           4  main.o(.data)
    free                                     0x20000180   ARM Code       4  main.o(.data)
    MyAddress                                0x20000184   Data           5  main.o(.data)
    TxAddress                                0x20000189   Data           5  main.o(.data)
    nrf_status                               0x2000018e   Data           1  main.o(.data)
    BackGround                               0x20000190   Data           4  main.o(.data)
    AlarmTime                                0x20000194   Data           5  main.o(.data)
    avarage_temperature                      0x2000019c   Data           4  main.o(.data)
    avarage_preshure                         0x200001a0   Data           4  main.o(.data)
    Count_Array_Watt                         0x200001a4   Data           2  main.o(.data)
    Count_for_SD_Write                       0x200001a6   Data           2  main.o(.data)
    Count_Array_Tempr                        0x200001a8   Data           2  main.o(.data)
    SystemCoreClock                          0x200001ac   Data           4  system_stm32f4xx.o(.data)
    AHBPrescTable                            0x200001b0   Data          16  system_stm32f4xx.o(.data)
    TM_NRF24L01_Struct                       0x200001c0   Data           4  tm_stm32f4_nrf24l01.o(.data)
    pxCurrentTCB                             0x200001c4   Data           4  tasks.o(.data)
    TM_USART1_Buffer                         0x20000224   Data          32  tm_stm32f4_usart.o(.bss)
    TM_USART2_Buffer                         0x20000244   Data          32  tm_stm32f4_usart.o(.bss)
    TM_USART3_Buffer                         0x20000264   Data          32  tm_stm32f4_usart.o(.bss)
    TM_UART4_Buffer                          0x20000284   Data          32  tm_stm32f4_usart.o(.bss)
    TM_UART5_Buffer                          0x200002a4   Data          32  tm_stm32f4_usart.o(.bss)
    TM_USART6_Buffer                         0x200002c4   Data          32  tm_stm32f4_usart.o(.bss)
    TM_UART7_Buffer                          0x200002e4   Data          32  tm_stm32f4_usart.o(.bss)
    TM_UART8_Buffer                          0x20000304   Data          32  tm_stm32f4_usart.o(.bss)
    ILI9341_Opts                             0x20000324   Data          16  tm_stm32f4_ili9341_ltdc.o(.bss)
    RTC_InitStruct                           0x20000334   Data          12  tm_stm32f4_rtc.o(.bss)
    buffer                                   0x20000340   Data         100  main.o(.bss)
    file_name_tempr                          0x200003a4   Data          25  main.o(.bss)
    file_name_data                           0x200003bd   Data          25  main.o(.bss)
    BMP180_Data                              0x200003d8   Data          16  main.o(.bss)
    FatFs                                    0x200003e8   Data         564  main.o(.bss)
    fil                                      0x2000061c   Data         552  main.o(.bss)
    fil_Tempr                                0x20000844   Data         552  main.o(.bss)
    dataOut                                  0x20000a6c   Data          32  main.o(.bss)
    dataIn                                   0x20000a8c   Data          32  main.o(.bss)
    datatime                                 0x20000aac   Data          16  main.o(.bss)
    Watt                                     0x20000abc   Data         600  main.o(.bss)
    Time                                     0x20000d14   Data        4800  main.o(.bss)
    Time_div_10                              0x20001fd4   Data        4800  main.o(.bss)
    Temperature                              0x20003294   Data        1200  main.o(.bss)
    Presure                                  0x20003744   Data        1200  main.o(.bss)
    xQueueRegistry                           0x20003bf4   Data          64  queue.o(.bss)
    __libspace_start                         0x20007924   Data          96  libspace.o(.bss)
    __temporary_stack_top$libspace           0x20007984   Data           0  libspace.o(.bss)
    foo                                      0xd0001000   Data        8000  main.o(.ARM.__AT_0xD0001000)



==============================================================================

Memory Map of the image

  Image Entry point : 0x080001ad

  Load Region LR_IROM1 (Base: 0x08000000, Size: 0x0001679c, Max: 0x00200000, ABSOLUTE, COMPRESSED[0x000165ec])

    Execution Region ER_IROM1 (Base: 0x08000000, Size: 0x00016578, Max: 0x00200000, ABSOLUTE)

    Base Addr    Size         Type   Attr      Idx    E Section Name        Object

    0x08000000   0x000001ac   Data   RO            3    RESET               startup_stm32f429_439xx.o
    0x080001ac   0x00000008   Code   RO         1356  * !!!main             c_w.l(__main.o)
    0x080001b4   0x00000034   Code   RO         1681    !!!scatter          c_w.l(__scatter.o)
    0x080001e8   0x0000005a   Code   RO         1679    !!dczerorl2         c_w.l(__dczerorl2.o)
    0x08000242   0x00000002   PAD
    0x08000244   0x0000001c   Code   RO         1683    !!handler_zi        c_w.l(__scatter_zi.o)
    0x08000260   0x00000000   Code   RO         1347    .ARM.Collect$$_printf_percent$$00000000  c_w.l(_printf_percent.o)
    0x08000260   0x00000006   Code   RO         1346    .ARM.Collect$$_printf_percent$$00000003  c_w.l(_printf_f.o)
    0x08000266   0x00000006   Code   RO         1344    .ARM.Collect$$_printf_percent$$00000009  c_w.l(_printf_d.o)
    0x0800026c   0x00000006   Code   RO         1345    .ARM.Collect$$_printf_percent$$0000000A  c_w.l(_printf_u.o)
    0x08000272   0x00000006   Code   RO         1343    .ARM.Collect$$_printf_percent$$00000014  c_w.l(_printf_s.o)
    0x08000278   0x00000004   Code   RO         1417    .ARM.Collect$$_printf_percent$$00000017  c_w.l(_printf_percent_end.o)
    0x0800027c   0x00000002   Code   RO         1549    .ARM.Collect$$libinit$$00000000  c_w.l(libinit.o)
    0x0800027e   0x00000004   Code   RO         1550    .ARM.Collect$$libinit$$00000001  c_w.l(libinit2.o)
    0x08000282   0x00000000   Code   RO         1553    .ARM.Collect$$libinit$$00000004  c_w.l(libinit2.o)
    0x08000282   0x00000000   Code   RO         1556    .ARM.Collect$$libinit$$0000000A  c_w.l(libinit2.o)
    0x08000282   0x00000000   Code   RO         1558    .ARM.Collect$$libinit$$0000000C  c_w.l(libinit2.o)
    0x08000282   0x00000000   Code   RO         1560    .ARM.Collect$$libinit$$0000000E  c_w.l(libinit2.o)
    0x08000282   0x00000006   Code   RO         1561    .ARM.Collect$$libinit$$0000000F  c_w.l(libinit2.o)
    0x08000288   0x00000000   Code   RO         1563    .ARM.Collect$$libinit$$00000011  c_w.l(libinit2.o)
    0x08000288   0x00000000   Code   RO         1565    .ARM.Collect$$libinit$$00000013  c_w.l(libinit2.o)
    0x08000288   0x00000000   Code   RO         1567    .ARM.Collect$$libinit$$00000015  c_w.l(libinit2.o)
    0x08000288   0x0000000a   Code   RO         1568    .ARM.Collect$$libinit$$00000016  c_w.l(libinit2.o)
    0x08000292   0x00000000   Code   RO         1569    .ARM.Collect$$libinit$$00000017  c_w.l(libinit2.o)
    0x08000292   0x00000000   Code   RO         1571    .ARM.Collect$$libinit$$00000019  c_w.l(libinit2.o)
    0x08000292   0x00000000   Code   RO         1573    .ARM.Collect$$libinit$$0000001B  c_w.l(libinit2.o)
    0x08000292   0x00000000   Code   RO         1575    .ARM.Collect$$libinit$$0000001D  c_w.l(libinit2.o)
    0x08000292   0x00000000   Code   RO         1577    .ARM.Collect$$libinit$$0000001F  c_w.l(libinit2.o)
    0x08000292   0x00000000   Code   RO         1579    .ARM.Collect$$libinit$$00000021  c_w.l(libinit2.o)
    0x08000292   0x00000000   Code   RO         1581    .ARM.Collect$$libinit$$00000023  c_w.l(libinit2.o)
    0x08000292   0x00000000   Code   RO         1583    .ARM.Collect$$libinit$$00000025  c_w.l(libinit2.o)
    0x08000292   0x00000000   Code   RO         1587    .ARM.Collect$$libinit$$0000002C  c_w.l(libinit2.o)
    0x08000292   0x00000000   Code   RO         1589    .ARM.Collect$$libinit$$0000002E  c_w.l(libinit2.o)
    0x08000292   0x00000000   Code   RO         1591    .ARM.Collect$$libinit$$00000030  c_w.l(libinit2.o)
    0x08000292   0x00000000   Code   RO         1593    .ARM.Collect$$libinit$$00000032  c_w.l(libinit2.o)
    0x08000292   0x00000002   Code   RO         1594    .ARM.Collect$$libinit$$00000033  c_w.l(libinit2.o)
    0x08000294   0x00000002   Code   RO         1628    .ARM.Collect$$libshutdown$$00000000  c_w.l(libshutdown.o)
    0x08000296   0x00000000   Code   RO         1640    .ARM.Collect$$libshutdown$$00000003  c_w.l(libshutdown2.o)
    0x08000296   0x00000000   Code   RO         1643    .ARM.Collect$$libshutdown$$00000006  c_w.l(libshutdown2.o)
    0x08000296   0x00000000   Code   RO         1646    .ARM.Collect$$libshutdown$$00000009  c_w.l(libshutdown2.o)
    0x08000296   0x00000000   Code   RO         1648    .ARM.Collect$$libshutdown$$0000000B  c_w.l(libshutdown2.o)
    0x08000296   0x00000000   Code   RO         1651    .ARM.Collect$$libshutdown$$0000000E  c_w.l(libshutdown2.o)
    0x08000296   0x00000002   Code   RO         1652    .ARM.Collect$$libshutdown$$0000000F  c_w.l(libshutdown2.o)
    0x08000298   0x00000000   Code   RO         1404    .ARM.Collect$$rtentry$$00000000  c_w.l(__rtentry.o)
    0x08000298   0x00000000   Code   RO         1469    .ARM.Collect$$rtentry$$00000002  c_w.l(__rtentry2.o)
    0x08000298   0x00000006   Code   RO         1481    .ARM.Collect$$rtentry$$00000004  c_w.l(__rtentry4.o)
    0x0800029e   0x00000000   Code   RO         1471    .ARM.Collect$$rtentry$$00000009  c_w.l(__rtentry2.o)
    0x0800029e   0x00000004   Code   RO         1472    .ARM.Collect$$rtentry$$0000000A  c_w.l(__rtentry2.o)
    0x080002a2   0x00000000   Code   RO         1474    .ARM.Collect$$rtentry$$0000000C  c_w.l(__rtentry2.o)
    0x080002a2   0x00000008   Code   RO         1475    .ARM.Collect$$rtentry$$0000000D  c_w.l(__rtentry2.o)
    0x080002aa   0x00000002   Code   RO         1597    .ARM.Collect$$rtexit$$00000000  c_w.l(rtexit.o)
    0x080002ac   0x00000000   Code   RO         1606    .ARM.Collect$$rtexit$$00000002  c_w.l(rtexit2.o)
    0x080002ac   0x00000004   Code   RO         1607    .ARM.Collect$$rtexit$$00000003  c_w.l(rtexit2.o)
    0x080002b0   0x00000006   Code   RO         1608    .ARM.Collect$$rtexit$$00000004  c_w.l(rtexit2.o)
    0x080002b6   0x00000002   PAD
    0x080002b8   0x000000ae   Code   RO         1160    .emb_text           port.o
    0x08000366   0x00000002   PAD
    0x08000368   0x00000040   Code   RO            4    .text               startup_stm32f429_439xx.o
    0x080003a8   0x000000e0   Code   RO           12    .text               misc.o
    0x08000488   0x00000660   Code   RO          146    .text               stm32f4xx_rcc.o
    0x08000ae8   0x00000294   Code   RO          168    .text               stm32f4xx_gpio.o
    0x08000d7c   0x00000456   Code   RO          188    .text               stm32f4xx_i2c.o
    0x080011d2   0x00000002   PAD
    0x080011d4   0x00000480   Code   RO          208    .text               stm32f4xx_spi.o
    0x08001654   0x00000454   Code   RO          228    .text               stm32f4xx_usart.o
    0x08001aa8   0x00000094   Code   RO          248    .text               stm32f4xx_syscfg.o
    0x08001b3c   0x000008b0   Code   RO          268    .text               stm32f4xx_fmc.o
    0x080023ec   0x00000688   Code   RO          291    .text               stm32f4xx_ltdc.o
    0x08002a74   0x00000110   Code   RO          311    .text               stm32f4xx_exti.o
    0x08002b84   0x00000464   Code   RO          331    .text               stm32f4xx_adc.o
    0x08002fe8   0x00000180   Code   RO          351    .text               stm32f4xx_pwr.o
    0x08003168   0x00000d68   Code   RO          371    .text               stm32f4xx_rtc.o
    0x08003ed0   0x00000ca2   Code   RO          391    .text               stm32f4xx_tim.o
    0x08004b72   0x00000002   PAD
    0x08004b74   0x000005fc   Code   RO          435    .text               tm_stm32f4_i2c.o
    0x08005170   0x000001dc   Code   RO          461    .text               tm_stm32f4_l3gd20.o
    0x0800534c   0x00000388   Code   RO          490    .text               tm_stm32f4_sdram.o
    0x080056d4   0x0000073c   Code   RO          513    .text               tm_stm32f4_spi.o
    0x08005e10   0x00000360   Code   RO          533    .text               tm_stm32f4_stmpe811.o
    0x08006170   0x0000084c   Code   RO          563    .text               tm_stm32f4_usart.o
    0x080069bc   0x000000f8   Code   RO          590    .text               tm_stm32f4_delay.o
    0x08006ab4   0x000000ac   Code   RO          623    .text               tm_stm32f4_disco.o
    0x08006b60   0x000003e0   Code   RO          649    .text               tm_stm32f4_exti.o
    0x08006f40   0x000011aa   Code   RO          675    .text               tm_stm32f4_ili9341_ltdc.o
    0x080080ea   0x00000002   PAD
    0x080080ec   0x000003e4   Code   RO          703    .text               tm_stm32f4_adc.o
    0x080084d0   0x00000628   Code   RO          729    .text               tm_stm32f4_bmp180.o
    0x08008af8   0x0000041c   Code   RO          763    .text               tm_stm32f4_gpio.o
    0x08008f14   0x00000a84   Code   RO          783    .text               tm_stm32f4_rtc.o
    0x08009998   0x000012d0   Code   RO          867    .text               main.o
    0x0800ac68   0x00000028   Code   RO          980    .text               stm32f4xx_it.o
    0x0800ac90   0x00000244   Code   RO         1006    .text               system_stm32f4xx.o
    0x0800aed4   0x00000688   Code   RO         1032    .text               tm_stm32f4_nrf24l01.o
    0x0800b55c   0x00000094   Code   RO         1075    .text               list.o
    0x0800b5f0   0x0000084c   Code   RO         1093    .text               queue.o
    0x0800be3c   0x00000d84   Code   RO         1111    .text               tasks.o
    0x0800cbc0   0x0000073e   Code   RO         1136    .text               cmsis_os.o
    0x0800d2fe   0x00000002   PAD
    0x0800d300   0x000001d0   Code   RO         1161    .text               port.o
    0x0800d4d0   0x000001f8   Code   RO         1178    .text               heap_4.o
    0x0800d6c8   0x000000ec   Code   RO         1195    .text               diskio.o
    0x0800d7b4   0x00002738   Code   RO         1228    .text               ff.o
    0x0800feec   0x00000700   Code   RO         1248    .text               fatfs_sd.o
    0x080105ec   0x000000f0   Code   RO         1292    .text               unicode.o
    0x080106dc   0x00000028   Code   RO         1313    .text               c_w.l(noretval__2sprintf.o)
    0x08010704   0x0000004e   Code   RO         1317    .text               c_w.l(_printf_pad.o)
    0x08010752   0x00000052   Code   RO         1319    .text               c_w.l(_printf_str.o)
    0x080107a4   0x00000078   Code   RO         1321    .text               c_w.l(_printf_dec.o)
    0x0801081c   0x00000188   Code   RO         1340    .text               c_w.l(__printf_flags_ss_wp.o)
    0x080109a4   0x0000008a   Code   RO         1348    .text               c_w.l(rt_memcpy_v6.o)
    0x08010a2e   0x00000064   Code   RO         1350    .text               c_w.l(rt_memcpy_w.o)
    0x08010a92   0x00000010   Code   RO         1352    .text               c_w.l(aeabi_memset.o)
    0x08010aa2   0x00000006   Code   RO         1354    .text               c_w.l(heapauxi.o)
    0x08010aa8   0x00000016   Code   RO         1405    .text               c_w.l(_rserrno.o)
    0x08010abe   0x000000b2   Code   RO         1407    .text               c_w.l(_printf_intcommon.o)
    0x08010b70   0x0000041a   Code   RO         1409    .text               c_w.l(_printf_fp_dec.o)
    0x08010f8a   0x00000002   PAD
    0x08010f8c   0x00000030   Code   RO         1411    .text               c_w.l(_printf_char_common.o)
    0x08010fbc   0x0000000a   Code   RO         1413    .text               c_w.l(_sputc.o)
    0x08010fc6   0x0000002c   Code   RO         1415    .text               c_w.l(_printf_char.o)
    0x08010ff2   0x00000044   Code   RO         1418    .text               c_w.l(rt_memclr.o)
    0x08011036   0x00000002   PAD
    0x08011038   0x00000008   Code   RO         1486    .text               c_w.l(rt_locale_intlibspace.o)
    0x08011040   0x00000008   Code   RO         1491    .text               c_w.l(rt_errno_addr_intlibspace.o)
    0x08011048   0x0000008a   Code   RO         1493    .text               c_w.l(lludiv10.o)
    0x080110d2   0x00000002   PAD
    0x080110d4   0x00000080   Code   RO         1495    .text               c_w.l(_printf_fp_infnan.o)
    0x08011154   0x000000dc   Code   RO         1499    .text               c_w.l(bigflt0.o)
    0x08011230   0x0000004e   Code   RO         1527    .text               c_w.l(rt_memclr_w.o)
    0x0801127e   0x00000002   PAD
    0x08011280   0x00000008   Code   RO         1535    .text               c_w.l(libspace.o)
    0x08011288   0x0000004a   Code   RO         1538    .text               c_w.l(sys_stackheap_outer.o)
    0x080112d2   0x0000000c   Code   RO         1540    .text               c_w.l(exit.o)
    0x080112de   0x00000002   PAD
    0x080112e0   0x00000080   Code   RO         1542    .text               c_w.l(strcmpv7m.o)
    0x08011360   0x0000000c   Code   RO         1618    .text               c_w.l(sys_exit.o)
    0x0801136c   0x00000002   Code   RO         1629    .text               c_w.l(use_no_semi.o)
    0x0801136e   0x00000000   Code   RO         1631    .text               c_w.l(indicate_semi.o)
    0x0801136e   0x0000003e   Code   RO         1502    CL$$btod_d2e        c_w.l(btod.o)
    0x080113ac   0x00000046   Code   RO         1504    CL$$btod_d2e_denorm_low  c_w.l(btod.o)
    0x080113f2   0x00000060   Code   RO         1503    CL$$btod_d2e_norm_op1  c_w.l(btod.o)
    0x08011452   0x00000338   Code   RO         1512    CL$$btod_div_common  c_w.l(btod.o)
    0x0801178a   0x000000c6   Code   RO         1509    CL$$btod_e2e        c_w.l(btod.o)
    0x08011850   0x00000028   Code   RO         1506    CL$$btod_ediv       c_w.l(btod.o)
    0x08011878   0x00000028   Code   RO         1505    CL$$btod_emul       c_w.l(btod.o)
    0x080118a0   0x00000244   Code   RO         1511    CL$$btod_mult_common  c_w.l(btod.o)
    0x08011ae4   0x00000030   Code   RO         1463    i.__ARM_fpclassify  m_wm.l(fpclassify.o)
    0x08011b14   0x00000004   PAD
    0x08011b18   0x00000c38   Code   RO         1378    i.__hardfp_pow      m_wm.l(pow.o)
    0x08012750   0x0000007a   Code   RO         1392    i.__hardfp_sqrt     m_wm.l(sqrt.o)
    0x080127ca   0x000000f8   Code   RO         1465    i.__kernel_poly     m_wm.l(poly.o)
    0x080128c2   0x00000006   PAD
    0x080128c8   0x00000030   Code   RO         1443    i.__mathlib_dbl_divzero  m_wm.l(dunder.o)
    0x080128f8   0x00000014   Code   RO         1445    i.__mathlib_dbl_infnan2  m_wm.l(dunder.o)
    0x0801290c   0x00000004   PAD
    0x08012910   0x00000020   Code   RO         1446    i.__mathlib_dbl_invalid  m_wm.l(dunder.o)
    0x08012930   0x00000020   Code   RO         1447    i.__mathlib_dbl_overflow  m_wm.l(dunder.o)
    0x08012950   0x00000020   Code   RO         1449    i.__mathlib_dbl_underflow  m_wm.l(dunder.o)
    0x08012970   0x0000000e   Code   RO         1333    i._is_digit         c_w.l(__printf_wp.o)
    0x0801297e   0x00000018   Code   RO         1459    i.fabs              m_wm.l(fabs.o)
    0x08012996   0x0000006e   Code   RO         1394    i.sqrt              m_wm.l(sqrt.o)
    0x08012a04   0x0000002c   Code   RO         1525    locale$$code        c_w.l(lc_numeric_c.o)
    0x08012a30   0x00000018   Code   RO         1420    x$fpl$basic         fz_wm.l(basic.o)
    0x08012a48   0x00000062   Code   RO         1358    x$fpl$d2f           fz_wm.l(d2f.o)
    0x08012aaa   0x00000002   PAD
    0x08012aac   0x00000150   Code   RO         1360    x$fpl$dadd          fz_wm.l(daddsub_clz.o)
    0x08012bfc   0x00000010   Code   RO         1529    x$fpl$dcheck1       fz_wm.l(dcheck1.o)
    0x08012c0c   0x00000018   Code   RO         1531    x$fpl$dcmpinf       fz_wm.l(dcmpi.o)
    0x08012c24   0x000002b0   Code   RO         1423    x$fpl$ddiv          fz_wm.l(ddiv.o)
    0x08012ed4   0x0000002e   Code   RO         1367    x$fpl$dflt          fz_wm.l(dflt_clz.o)
    0x08012f02   0x00000002   PAD
    0x08012f04   0x00000078   Code   RO         1426    x$fpl$dleqf         fz_wm.l(dleqf.o)
    0x08012f7c   0x00000154   Code   RO         1372    x$fpl$dmul          fz_wm.l(dmul.o)
    0x080130d0   0x0000009c   Code   RO         1428    x$fpl$dnaninf       fz_wm.l(dnaninf.o)
    0x0801316c   0x0000000c   Code   RO         1430    x$fpl$dretinf       fz_wm.l(dretinf.o)
    0x08013178   0x0000006c   Code   RO         1432    x$fpl$drleqf        fz_wm.l(drleqf.o)
    0x080131e4   0x00000016   Code   RO         1361    x$fpl$drsb          fz_wm.l(daddsub_clz.o)
    0x080131fa   0x00000002   PAD
    0x080131fc   0x00000198   Code   RO         1434    x$fpl$dsqrt         fz_wm.l(dsqrt_umaal.o)
    0x08013394   0x000001d4   Code   RO         1362    x$fpl$dsub          fz_wm.l(daddsub_clz.o)
    0x08013568   0x00000056   Code   RO         1374    x$fpl$f2d           fz_wm.l(f2d.o)
    0x080135be   0x0000008c   Code   RO         1436    x$fpl$fnaninf       fz_wm.l(fnaninf.o)
    0x0801364a   0x0000000a   Code   RO         1601    x$fpl$fpinit        fz_wm.l(fpinit.o)
    0x08013654   0x0000000a   Code   RO         1438    x$fpl$fretinf       fz_wm.l(fretinf.o)
    0x0801365e   0x00000004   Code   RO         1376    x$fpl$printf1       fz_wm.l(printf1.o)
    0x08013662   0x00000064   Code   RO         1595    x$fpl$retnan        fz_wm.l(retnan.o)
    0x080136c6   0x0000005c   Code   RO         1440    x$fpl$scalbn        fz_wm.l(scalbn.o)
    0x08013722   0x00000030   Code   RO         1603    x$fpl$trapveneer    fz_wm.l(trapv.o)
    0x08013752   0x00000000   Code   RO         1442    x$fpl$usenofp       fz_wm.l(usenofp.o)
    0x08013752   0x00000002   PAD
    0x08013754   0x0000001c   Data   RO          269    .constdata          stm32f4xx_fmc.o
    0x08013770   0x00002814   Data   RO          411    .constdata          tm_stm32f4_fonts.o
    0x08015f84   0x00000028   Data   RO          870    .constdata          main.o
    0x08015fac   0x0000008d   Data   RO         1229    .constdata          ff.o
    0x08016039   0x00000001   PAD
    0x0801603a   0x000003ae   Data   RO         1293    .constdata          unicode.o
    0x080163e8   0x00000011   Data   RO         1341    .constdata          c_w.l(__printf_flags_ss_wp.o)
    0x080163f9   0x00000007   PAD
    0x08016400   0x00000088   Data   RO         1381    .constdata          m_wm.l(pow.o)
    0x08016488   0x00000008   Data   RO         1467    .constdata          m_wm.l(qnan.o)
    0x08016490   0x00000094   Data   RO         1500    .constdata          c_w.l(bigflt0.o)
    0x08016524   0x00000018   Data   RO          871    .conststring        main.o
    0x0801653c   0x00000020   Data   RO         1677    Region$$Table       anon$$obj.o
    0x0801655c   0x0000001c   Data   RO         1524    locale$$data        c_w.l(lc_numeric_c.o)


    Execution Region RW_IRAM1 (Base: 0x20000000, Size: 0x00007f88, Max: 0x00030000, ABSOLUTE, COMPRESSED[0x00000074])

    Base Addr    Size         Type   Attr      Idx    E Section Name        Object

    0x20000000   0x00000010   Data   RW          147    .data               stm32f4xx_rcc.o
    0x20000010   0x00000018   Data   RW          412    .data               tm_stm32f4_fonts.o
    0x20000028   0x00000018   Data   RW          436    .data               tm_stm32f4_i2c.o
    0x20000040   0x00000001   Data   RW          462    .data               tm_stm32f4_l3gd20.o
    0x20000041   0x00000003   PAD
    0x20000044   0x00000068   Data   RW          565    .data               tm_stm32f4_usart.o
    0x200000ac   0x00000014   Data   RW          591    .data               tm_stm32f4_delay.o
    0x200000c0   0x00000001   Data   RW          624    .data               tm_stm32f4_disco.o
    0x200000c1   0x00000003   PAD
    0x200000c4   0x00000004   Data   RW          650    .data               tm_stm32f4_exti.o
    0x200000c8   0x00000004   Data   RW          677    .data               tm_stm32f4_ili9341_ltdc.o
    0x200000cc   0x00000045   Data   RW          730    .data               tm_stm32f4_bmp180.o
    0x20000111   0x00000003   PAD
    0x20000114   0x00000030   Data   RW          785    .data               tm_stm32f4_rtc.o
    0x20000144   0x00000066   Data   RW          872    .data               main.o
    0x200001aa   0x00000002   PAD
    0x200001ac   0x00000014   Data   RW         1007    .data               system_stm32f4xx.o
    0x200001c0   0x00000004   Data   RW         1033    .data               tm_stm32f4_nrf24l01.o
    0x200001c4   0x00000038   Data   RW         1113    .data               tasks.o
    0x200001fc   0x0000000c   Data   RW         1162    .data               port.o
    0x20000208   0x00000014   Data   RW         1180    .data               heap_4.o
    0x2000021c   0x00000006   Data   RW         1230    .data               ff.o
    0x20000222   0x00000002   Data   RW         1249    .data               fatfs_sd.o
    0x20000224   0x00000100   Zero   RW          564    .bss                tm_stm32f4_usart.o
    0x20000324   0x00000010   Zero   RW          676    .bss                tm_stm32f4_ili9341_ltdc.o
    0x20000334   0x0000000c   Zero   RW          784    .bss                tm_stm32f4_rtc.o
    0x20000340   0x000038b4   Zero   RW          869    .bss                main.o
    0x20003bf4   0x00000040   Zero   RW         1094    .bss                queue.o
    0x20003c34   0x000000f0   Zero   RW         1112    .bss                tasks.o
    0x20003d24   0x00003c00   Zero   RW         1179    .bss                heap_4.o
    0x20007924   0x00000060   Zero   RW         1536    .bss                c_w.l(libspace.o)
    0x20007984   0x00000004   PAD
    0x20007988   0x00000200   Zero   RW            2    HEAP                startup_stm32f429_439xx.o
    0x20007b88   0x00000400   Zero   RW            1    STACK               startup_stm32f429_439xx.o



  Load Region LR$$.ARM.__AT_0xD0001000 (Base: 0xd0001000, Size: 0x00000000, Max: 0x00001f40, ABSOLUTE)

    Execution Region ER$$.ARM.__AT_0xD0001000 (Base: 0xd0001000, Size: 0x00001f40, Max: 0x00001f40, ABSOLUTE, UNINIT)

    Base Addr    Size         Type   Attr      Idx    E Section Name        Object

    0xd0001000   0x00001f40   Zero   RW          868    .ARM.__AT_0xD0001000  main.o


==============================================================================

Image component sizes


      Code (inc. data)   RO Data    RW Data    ZI Data      Debug   Object Name

      1854          4          0          0          0      17874   cmsis_os.o
       236          4          0          0          0       5890   diskio.o
      1792         34          0          2          0       8034   fatfs_sd.o
     10040         68        141          6          0      31242   ff.o
         0          0          0          0          0       6212   freertos.o
       504         20          0         20      15360       3208   heap_4.o
       148          0          0          0          0       3414   list.o
      4816        962         64        102      22516      27734   main.o
       224         20          0          0          0     360157   misc.o
       638         48          0         12          0       3670   port.o
      2124          6          0          0         64      10876   queue.o
        64         26        428          0       1536       1020   startup_stm32f429_439xx.o
      1124         24          0          0          0      10774   stm32f4xx_adc.o
       272         10          0          0          0       2543   stm32f4xx_exti.o
      2224         18         28          0          0       7942   stm32f4xx_fmc.o
       660         44          0          0          0       4373   stm32f4xx_gpio.o
      1110         26          0          0          0       8823   stm32f4xx_i2c.o
        40          0          0          0          0       1293   stm32f4xx_it.o
      1672         18          0          0          0       8100   stm32f4xx_ltdc.o
       384         12          0          0          0       3855   stm32f4xx_pwr.o
      1632         54          0         16          0      13268   stm32f4xx_rcc.o
      3432         44          0          0          0      15336   stm32f4xx_rtc.o
      1152         36          0          0          0       7125   stm32f4xx_spi.o
       148         12          0          0          0       1953   stm32f4xx_syscfg.o
      3234         60          0          0          0      22576   stm32f4xx_tim.o
      1108         34          0          0          0       8076   stm32f4xx_usart.o
         0          0          0          0          0        480   syscall.o
       580         46          0         20          0       1879   system_stm32f4xx.o
      3460        222          0         56        240      15472   tasks.o
       996         38          0          0          0       8647   tm_stm32f4_adc.o
      1576        178          0         69          0       5136   tm_stm32f4_bmp180.o
       248         32          0         20          0      28526   tm_stm32f4_delay.o
       172         12          0          1          0       1795   tm_stm32f4_disco.o
       992         48          0          4          0       4116   tm_stm32f4_exti.o
         0          0      10260         24          0       1157   tm_stm32f4_fonts.o
      1052         48          0          0          0       4097   tm_stm32f4_gpio.o
      1532         64          0         24          0       6757   tm_stm32f4_i2c.o
      4522         92          0          4         16      14453   tm_stm32f4_ili9341_ltdc.o
       476         24          0          1          0       5794   tm_stm32f4_l3gd20.o
      1672         32          0          4          0      13373   tm_stm32f4_nrf24l01.o
      2692         62          0         48         12       9244   tm_stm32f4_rtc.o
       904         28          0          0          0       1362   tm_stm32f4_sdram.o
      1852         78          0          0          0       5420   tm_stm32f4_spi.o
       864         14          0          0          0       5938   tm_stm32f4_stmpe811.o
      2124        128          0        104        256      11505   tm_stm32f4_usart.o
       240         24        942          0          0       1549   unicode.o

    ----------------------------------------------------------------------
     66596       2754      11896        548      40000     742068   Object Totals
         0          0         32          0          0          0   (incl. Generated)
        10          0          1         11          0          0   (incl. Padding)

    ----------------------------------------------------------------------

      Code (inc. data)   RO Data    RW Data    ZI Data      Debug   Library Member Name

        90          0          0          0          0          0   __dczerorl2.o
         8          0          0          0          0         68   __main.o
       392          4         17          0          0         92   __printf_flags_ss_wp.o
        14          0          0          0          0         68   __printf_wp.o
         0          0          0          0          0          0   __rtentry.o
        12          0          0          0          0          0   __rtentry2.o
         6          0          0          0          0          0   __rtentry4.o
        52          8          0          0          0          0   __scatter.o
        28          0          0          0          0          0   __scatter_zi.o
        44          0          0          0          0        108   _printf_char.o
        48          6          0          0          0         96   _printf_char_common.o
         6          0          0          0          0          0   _printf_d.o
       120         16          0          0          0         92   _printf_dec.o
         6          0          0          0          0          0   _printf_f.o
      1050          0          0          0          0        216   _printf_fp_dec.o
       128         16          0          0          0         84   _printf_fp_infnan.o
       178          0          0          0          0         88   _printf_intcommon.o
        78          0          0          0          0        108   _printf_pad.o
         0          0          0          0          0          0   _printf_percent.o
         4          0          0          0          0          0   _printf_percent_end.o
         6          0          0          0          0          0   _printf_s.o
        82          0          0          0          0         80   _printf_str.o
         6          0          0          0          0          0   _printf_u.o
        22          0          0          0          0        100   _rserrno.o
        10          0          0          0          0         68   _sputc.o
        16          0          0          0          0         68   aeabi_memset.o
       220          4        148          0          0         96   bigflt0.o
      1910        128          0          0          0        672   btod.o
        12          0          0          0          0         72   exit.o
         6          0          0          0          0        152   heapauxi.o
         0          0          0          0          0          0   indicate_semi.o
        44         10         28          0          0         76   lc_numeric_c.o
         2          0          0          0          0          0   libinit.o
        22          0          0          0          0          0   libinit2.o
         2          0          0          0          0          0   libshutdown.o
         2          0          0          0          0          0   libshutdown2.o
         8          4          0          0         96         68   libspace.o
       138          0          0          0          0         80   lludiv10.o
        40          6          0          0          0         84   noretval__2sprintf.o
         8          4          0          0          0         68   rt_errno_addr_intlibspace.o
         8          4          0          0          0         68   rt_locale_intlibspace.o
        68          0          0          0          0         68   rt_memclr.o
        78          0          0          0          0         80   rt_memclr_w.o
       138          0          0          0          0         68   rt_memcpy_v6.o
       100          0          0          0          0         80   rt_memcpy_w.o
         2          0          0          0          0          0   rtexit.o
        10          0          0          0          0          0   rtexit2.o
       128          0          0          0          0         68   strcmpv7m.o
        12          4          0          0          0         68   sys_exit.o
        74          0          0          0          0         80   sys_stackheap_outer.o
         2          0          0          0          0         68   use_no_semi.o
        24          0          0          0          0        164   basic.o
        98          4          0          0          0        140   d2f.o
       826         16          0          0          0        492   daddsub_clz.o
        16          4          0          0          0        116   dcheck1.o
        24          0          0          0          0        116   dcmpi.o
       688        140          0          0          0        256   ddiv.o
        46          0          0          0          0        116   dflt_clz.o
       120          4          0          0          0        140   dleqf.o
       340         12          0          0          0        152   dmul.o
       156          4          0          0          0        140   dnaninf.o
        12          0          0          0          0        116   dretinf.o
       108          0          0          0          0        128   drleqf.o
       408         56          0          0          0        168   dsqrt_umaal.o
        86          4          0          0          0        132   f2d.o
       140          4          0          0          0        132   fnaninf.o
        10          0          0          0          0        116   fpinit.o
        10          0          0          0          0        116   fretinf.o
         4          0          0          0          0        116   printf1.o
       100          0          0          0          0        116   retnan.o
        92          0          0          0          0        116   scalbn.o
        48          0          0          0          0        116   trapv.o
         0          0          0          0          0          0   usenofp.o
       164         44          0          0          0        620   dunder.o
        24          0          0          0          0        124   fabs.o
        48          0          0          0          0        124   fpclassify.o
       248          0          0          0          0        152   poly.o
      3128        302        136          0          0        356   pow.o
         0          0          8          0          0          0   qnan.o
       232          0          0          0          0        296   sqrt.o

    ----------------------------------------------------------------------
     12676        808        344          0        100       8228   Library Totals
        36          0          7          0          4          0   (incl. Padding)

    ----------------------------------------------------------------------

      Code (inc. data)   RO Data    RW Data    ZI Data      Debug   Library Name

      5440        214        193          0         96       3352   c_w.l
      3356        248          0          0          0       3204   fz_wm.l
      3844        346        144          0          0       1672   m_wm.l

    ----------------------------------------------------------------------
     12676        808        344          0        100       8228   Library Totals

    ----------------------------------------------------------------------

==============================================================================


      Code (inc. data)   RO Data    RW Data    ZI Data      Debug   

     79272       3562      12240        548      40100     734424   Grand Totals
     79272       3562      12240        116      40100     734424   ELF Image Totals (compressed)
     79272       3562      12240        116          0          0   ROM Totals

==============================================================================

    Total RO  Size (Code + RO Data)                91512 (  89.37kB)
    Total RW  Size (RW Data + ZI Data)             40648 (  39.70kB)
    Total ROM Size (Code + RO Data + RW Data)      91628 (  89.48kB)

==============================================================================

