Component: ARM Compiler 5.05 update 1 (build 106) Tool: armlink [4d0efa]

==============================================================================

Section Cross References

    startup_stm32f429_439xx.o(STACK) refers (Special) to heapauxi.o(.text) for __use_two_region_memory
    startup_stm32f429_439xx.o(HEAP) refers (Special) to heapauxi.o(.text) for __use_two_region_memory
    startup_stm32f429_439xx.o(RESET) refers (Special) to heapauxi.o(.text) for __use_two_region_memory
    startup_stm32f429_439xx.o(RESET) refers to startup_stm32f429_439xx.o(STACK) for __initial_sp
    startup_stm32f429_439xx.o(RESET) refers to startup_stm32f429_439xx.o(.text) for Reset_Handler
    startup_stm32f429_439xx.o(RESET) refers to stm32f4xx_it.o(.text) for NMI_Handler
    startup_stm32f429_439xx.o(RESET) refers to port.o(.emb_text) for SVC_Handler
    startup_stm32f429_439xx.o(RESET) refers to tm_stm32f4_rtc.o(.text) for RTC_WKUP_IRQHandler
    startup_stm32f429_439xx.o(RESET) refers to tm_stm32f4_exti.o(.text) for EXTI0_IRQHandler
    startup_stm32f429_439xx.o(RESET) refers to tm_stm32f4_usart.o(.text) for USART1_IRQHandler
    startup_stm32f429_439xx.o(.text) refers (Special) to heapauxi.o(.text) for __use_two_region_memory
    startup_stm32f429_439xx.o(.text) refers to system_stm32f4xx.o(.text) for SystemInit
    startup_stm32f429_439xx.o(.text) refers to __main.o(!!!main) for __main
    startup_stm32f429_439xx.o(.text) refers to startup_stm32f429_439xx.o(HEAP) for Heap_Mem
    startup_stm32f429_439xx.o(.text) refers to startup_stm32f429_439xx.o(STACK) for Stack_Mem
    stm32f4xx_rcc.o(.text) refers to stm32f4xx_rcc.o(.data) for APBAHBPrescTable
    stm32f4xx_gpio.o(.text) refers to stm32f4xx_rcc.o(.text) for RCC_AHB1PeriphResetCmd
    stm32f4xx_i2c.o(.text) refers to stm32f4xx_rcc.o(.text) for RCC_APB1PeriphResetCmd
    stm32f4xx_spi.o(.text) refers to stm32f4xx_rcc.o(.text) for RCC_APB2PeriphResetCmd
    stm32f4xx_usart.o(.text) refers to stm32f4xx_rcc.o(.text) for RCC_APB2PeriphResetCmd
    stm32f4xx_syscfg.o(.text) refers to stm32f4xx_rcc.o(.text) for RCC_APB2PeriphResetCmd
    stm32f4xx_fmc.o(.text) refers to stm32f4xx_fmc.o(.constdata) for FMC_DefaultTimingStruct
    stm32f4xx_ltdc.o(.text) refers to stm32f4xx_rcc.o(.text) for RCC_APB2PeriphResetCmd
    stm32f4xx_adc.o(.text) refers to stm32f4xx_rcc.o(.text) for RCC_APB2PeriphResetCmd
    stm32f4xx_pwr.o(.text) refers to stm32f4xx_rcc.o(.text) for RCC_APB1PeriphResetCmd
    stm32f4xx_tim.o(.text) refers to stm32f4xx_rcc.o(.text) for RCC_APB2PeriphResetCmd
    tm_stm32f4_fonts.o(.data) refers to tm_stm32f4_fonts.o(.constdata) for TM_Font7x10
    tm_stm32f4_i2c.o(.text) refers to stm32f4xx_rcc.o(.text) for RCC_AHB1PeriphClockCmd
    tm_stm32f4_i2c.o(.text) refers to stm32f4xx_gpio.o(.text) for GPIO_PinAFConfig
    tm_stm32f4_i2c.o(.text) refers to stm32f4xx_i2c.o(.text) for I2C_Cmd
    tm_stm32f4_i2c.o(.text) refers to tm_stm32f4_i2c.o(.data) for GPIO_I2C_InitStruct
    tm_stm32f4_l3gd20.o(.text) refers to tm_stm32f4_spi.o(.text) for TM_SPI_Send
    tm_stm32f4_l3gd20.o(.text) refers to stm32f4xx_rcc.o(.text) for RCC_AHB1PeriphClockCmd
    tm_stm32f4_l3gd20.o(.text) refers to stm32f4xx_gpio.o(.text) for GPIO_Init
    tm_stm32f4_l3gd20.o(.text) refers to tm_stm32f4_l3gd20.o(.data) for TM_L3GD20_INT_Scale
    tm_stm32f4_sdram.o(.text) refers to stm32f4xx_rcc.o(.text) for RCC_AHB1PeriphClockCmd
    tm_stm32f4_sdram.o(.text) refers to stm32f4xx_gpio.o(.text) for GPIO_PinAFConfig
    tm_stm32f4_sdram.o(.text) refers to stm32f4xx_fmc.o(.text) for FMC_SDRAMInit
    tm_stm32f4_spi.o(.text) refers to stm32f4xx_rcc.o(.text) for RCC_AHB1PeriphClockCmd
    tm_stm32f4_spi.o(.text) refers to stm32f4xx_gpio.o(.text) for GPIO_Init
    tm_stm32f4_spi.o(.text) refers to stm32f4xx_spi.o(.text) for SPI_StructInit
    tm_stm32f4_stmpe811.o(.text) refers to tm_stm32f4_i2c.o(.text) for TM_I2C_Read
    tm_stm32f4_stmpe811.o(.text) refers to tm_stm32f4_delay.o(.text) for TM_DELAY_Init
    tm_stm32f4_stmpe811.o(.text) refers to tm_stm32f4_delay.o(.data) for TM_Time
    tm_stm32f4_usart.o(.text) refers to stm32f4xx_rcc.o(.text) for RCC_APB1PeriphClockCmd
    tm_stm32f4_usart.o(.text) refers to stm32f4xx_gpio.o(.text) for GPIO_PinAFConfig
    tm_stm32f4_usart.o(.text) refers to tm_stm32f4_usart.o(.data) for GPIO_InitStruct
    tm_stm32f4_usart.o(.text) refers to stm32f4xx_usart.o(.text) for USART_Cmd
    tm_stm32f4_usart.o(.text) refers to misc.o(.text) for NVIC_Init
    tm_stm32f4_usart.o(.data) refers to tm_stm32f4_usart.o(.bss) for TM_USART1_Buffer
    tm_stm32f4_delay.o(.text) refers to stm32f4xx_rcc.o(.text) for RCC_HSEConfig
    tm_stm32f4_delay.o(.text) refers to tm_stm32f4_delay.o(.data) for TM_Time
    tm_stm32f4_delay.o(.text) refers to system_stm32f4xx.o(.data) for SystemCoreClock
    tm_stm32f4_disco.o(.text) refers to stm32f4xx_rcc.o(.text) for RCC_AHB1PeriphClockCmd
    tm_stm32f4_disco.o(.text) refers to stm32f4xx_gpio.o(.text) for GPIO_Init
[...]
    RTC_GetTimeStamp                         0x08003b55   Thumb Code   144  stm32f4xx_rtc.o(.text)
    RTC_GetTimeStampSubSecond                0x08003be5   Thumb Code     8  stm32f4xx_rtc.o(.text)
    RTC_TamperTriggerConfig                  0x08003bed   Thumb Code    38  stm32f4xx_rtc.o(.text)
    RTC_TamperCmd                            0x08003c13   Thumb Code    34  stm32f4xx_rtc.o(.text)
    RTC_TamperFilterConfig                   0x08003c35   Thumb Code    26  stm32f4xx_rtc.o(.text)
    RTC_TamperSamplingFreqConfig             0x08003c4f   Thumb Code    26  stm32f4xx_rtc.o(.text)
    RTC_TamperPinsPrechargeDuration          0x08003c69   Thumb Code    26  stm32f4xx_rtc.o(.text)
    RTC_TimeStampOnTamperDetectionCmd        0x08003c83   Thumb Code    38  stm32f4xx_rtc.o(.text)
    RTC_TamperPullUpCmd                      0x08003ca9   Thumb Code    38  stm32f4xx_rtc.o(.text)
    RTC_WriteBackupRegister                  0x08003ccf   Thumb Code    26  stm32f4xx_rtc.o(.text)
    RTC_ReadBackupRegister                   0x08003ce9   Thumb Code    28  stm32f4xx_rtc.o(.text)
    RTC_TamperPinSelection                   0x08003d05   Thumb Code    26  stm32f4xx_rtc.o(.text)
    RTC_TimeStampPinSelection                0x08003d1f   Thumb Code    26  stm32f4xx_rtc.o(.text)
    RTC_OutputTypeConfig                     0x08003d39   Thumb Code    26  stm32f4xx_rtc.o(.text)
    RTC_SynchroShiftConfig                   0x08003d53   Thumb Code   130  stm32f4xx_rtc.o(.text)
    RTC_ITConfig                             0x08003dd5   Thumb Code    94  stm32f4xx_rtc.o(.text)
    RTC_GetFlagStatus                        0x08003e33   Thumb Code    34  stm32f4xx_rtc.o(.text)
    RTC_ClearFlag                            0x08003e55   Thumb Code    28  stm32f4xx_rtc.o(.text)
    RTC_GetITStatus                          0x08003e71   Thumb Code    60  stm32f4xx_rtc.o(.text)
    RTC_ClearITPendingBit                    0x08003ead   Thumb Code    32  stm32f4xx_rtc.o(.text)
    TIM_DeInit                               0x08003ed5   Thumb Code   346  stm32f4xx_tim.o(.text)
    TIM_TimeBaseInit                         0x0800402f   Thumb Code   104  stm32f4xx_tim.o(.text)
    TIM_TimeBaseStructInit                   0x08004097   Thumb Code    18  stm32f4xx_tim.o(.text)
    TIM_PrescalerConfig                      0x080040a9   Thumb Code     6  stm32f4xx_tim.o(.text)
    TIM_CounterModeConfig                    0x080040af   Thumb Code    18  stm32f4xx_tim.o(.text)
    TIM_SetCounter                           0x080040c1   Thumb Code     4  stm32f4xx_tim.o(.text)
    TIM_SetAutoreload                        0x080040c5   Thumb Code     4  stm32f4xx_tim.o(.text)
    TIM_GetCounter                           0x080040c9   Thumb Code     6  stm32f4xx_tim.o(.text)
    TIM_GetPrescaler                         0x080040cf   Thumb Code     6  stm32f4xx_tim.o(.text)
    TIM_UpdateDisableConfig                  0x080040d5   Thumb Code    24  stm32f4xx_tim.o(.text)
    TIM_UpdateRequestConfig                  0x080040ed   Thumb Code    24  stm32f4xx_tim.o(.text)
    TIM_ARRPreloadConfig                     0x08004105   Thumb Code    24  stm32f4xx_tim.o(.text)
    TIM_SelectOnePulseMode                   0x0800411d   Thumb Code    18  stm32f4xx_tim.o(.text)
    TIM_SetClockDivision                     0x0800412f   Thumb Code    18  stm32f4xx_tim.o(.text)
    TIM_Cmd                                  0x08004141   Thumb Code    24  stm32f4xx_tim.o(.text)
    TIM_OC1Init                              0x08004159   Thumb Code   114  stm32f4xx_tim.o(.text)
    TIM_OC2Init                              0x080041cb   Thumb Code   154  stm32f4xx_tim.o(.text)
    TIM_OC3Init                              0x08004265   Thumb Code   204  stm32f4xx_tim.o(.text)
    TIM_OC4Init                              0x08004331   Thumb Code   112  stm32f4xx_tim.o(.text)
    TIM_OCStructInit                         0x080043a1   Thumb Code    20  stm32f4xx_tim.o(.text)
    TIM_SelectOCxM                           0x080043b5   Thumb Code    86  stm32f4xx_tim.o(.text)
    TIM_SetCompare1                          0x0800440b   Thumb Code     4  stm32f4xx_tim.o(.text)
    TIM_SetCompare2                          0x0800440f   Thumb Code     4  stm32f4xx_tim.o(.text)
    TIM_SetCompare3                          0x08004413   Thumb Code     4  stm32f4xx_tim.o(.text)
    TIM_SetCompare4                          0x08004417   Thumb Code     4  stm32f4xx_tim.o(.text)
    TIM_ForcedOC1Config                      0x0800441b   Thumb Code    18  stm32f4xx_tim.o(.text)
    TIM_ForcedOC2Config                      0x0800442d   Thumb Code    26  stm32f4xx_tim.o(.text)
    TIM_ForcedOC3Config                      0x08004447   Thumb Code    18  stm32f4xx_tim.o(.text)
    TIM_ForcedOC4Config                      0x08004459   Thumb Code    26  stm32f4xx_tim.o(.text)
    TIM_OC1PreloadConfig                     0x08004473   Thumb Code    18  stm32f4xx_tim.o(.text)
    TIM_OC2PreloadConfig                     0x08004485   Thumb Code    26  stm32f4xx_tim.o(.text)
    TIM_OC3PreloadConfig                     0x0800449f   Thumb Code    18  stm32f4xx_tim.o(.text)
    TIM_OC4PreloadConfig                     0x080044b1   Thumb Code    26  stm32f4xx_tim.o(.text)
    TIM_OC1FastConfig                        0x080044cb   Thumb Code    18  stm32f4xx_tim.o(.text)
    TIM_OC2FastConfig                        0x080044dd   Thumb Code    26  stm32f4xx_tim.o(.text)
    TIM_OC3FastConfig                        0x080044f7   Thumb Code    18  stm32f4xx_tim.o(.text)
    TIM_OC4FastConfig                        0x08004509   Thumb Code    26  stm32f4xx_tim.o(.text)
    TIM_ClearOC1Ref                          0x08004523   Thumb Code    18  stm32f4xx_tim.o(.text)
    TIM_ClearOC2Ref                          0x08004535   Thumb Code    24  stm32f4xx_tim.o(.text)
    TIM_ClearOC3Ref                          0x0800454d   Thumb Code    18  stm32f4xx_tim.o(.text)
    TIM_ClearOC4Ref                          0x0800455f   Thumb Code    24  stm32f4xx_tim.o(.text)
    TIM_OC1PolarityConfig                    0x08004577   Thumb Code    18  stm32f4xx_tim.o(.text)
    TIM_OC1NPolarityConfig                   0x08004589   Thumb Code    18  stm32f4xx_tim.o(.text)
    TIM_OC2PolarityConfig                    0x0800459b   Thumb Code    26  stm32f4xx_tim.o(.text)
    TIM_OC2NPolarityConfig                   0x080045b5   Thumb Code    26  stm32f4xx_tim.o(.text)
    TIM_OC3PolarityConfig                    0x080045cf   Thumb Code    26  stm32f4xx_tim.o(.text)
    TIM_OC3NPolarityConfig                   0x080045e9   Thumb Code    26  stm32f4xx_tim.o(.text)
    TIM_OC4PolarityConfig                    0x08004603   Thumb Code    26  stm32f4xx_tim.o(.text)
    TIM_CCxCmd                               0x0800461d   Thumb Code    30  stm32f4xx_tim.o(.text)
    TIM_CCxNCmd                              0x0800463b   Thumb Code    30  stm32f4xx_tim.o(.text)
    TIM_SetIC4Prescaler                      0x08004659   Thumb Code    26  stm32f4xx_tim.o(.text)
    TIM_SetIC3Prescaler                      0x080046c3   Thumb Code    18  stm32f4xx_tim.o(.text)
    TIM_SetIC2Prescaler                      0x0800471d   Thumb Code    26  stm32f4xx_tim.o(.text)
    TIM_SetIC1Prescaler                      0x08004791   Thumb Code    18  stm32f4xx_tim.o(.text)
    TIM_ICInit                               0x080047dd   Thumb Code   110  stm32f4xx_tim.o(.text)
    TIM_ICStructInit                         0x0800484b   Thumb Code    18  stm32f4xx_tim.o(.text)
    TIM_PWMIConfig                           0x0800485d   Thumb Code   124  stm32f4xx_tim.o(.text)
    TIM_GetCapture1                          0x080048d9   Thumb Code     6  stm32f4xx_tim.o(.text)
    TIM_GetCapture2                          0x080048df   Thumb Code     6  stm32f4xx_tim.o(.text)
    TIM_GetCapture3                          0x080048e5   Thumb Code     6  stm32f4xx_tim.o(.text)
    TIM_GetCapture4                          0x080048eb   Thumb Code     6  stm32f4xx_tim.o(.text)
    TIM_BDTRConfig                           0x080048f1   Thumb Code    32  stm32f4xx_tim.o(.text)
    TIM_BDTRStructInit                       0x08004911   Thumb Code    18  stm32f4xx_tim.o(.text)
    TIM_CtrlPWMOutputs                       0x08004923   Thumb Code    30  stm32f4xx_tim.o(.text)
    TIM_SelectCOM                            0x08004941   Thumb Code    24  stm32f4xx_tim.o(.text)
    TIM_CCPreloadControl                     0x08004959   Thumb Code    24  stm32f4xx_tim.o(.text)
    TIM_ITConfig                             0x08004971   Thumb Code    18  stm32f4xx_tim.o(.text)
    TIM_GenerateEvent                        0x08004983   Thumb Code     4  stm32f4xx_tim.o(.text)
    TIM_GetFlagStatus                        0x08004987   Thumb Code    18  stm32f4xx_tim.o(.text)
    TIM_ClearFlag                            0x08004999   Thumb Code     6  stm32f4xx_tim.o(.text)
    TIM_GetITStatus                          0x0800499f   Thumb Code    34  stm32f4xx_tim.o(.text)
    TIM_ClearITPendingBit                    0x080049c1   Thumb Code     6  stm32f4xx_tim.o(.text)
    TIM_DMAConfig                            0x080049c7   Thumb Code    10  stm32f4xx_tim.o(.text)
    TIM_DMACmd                               0x080049d1   Thumb Code    18  stm32f4xx_tim.o(.text)
    TIM_SelectCCDMA                          0x080049e3   Thumb Code    24  stm32f4xx_tim.o(.text)
    TIM_InternalClockConfig                  0x080049fb   Thumb Code    12  stm32f4xx_tim.o(.text)
    TIM_SelectInputTrigger                   0x08004a07   Thumb Code    18  stm32f4xx_tim.o(.text)
    TIM_ITRxExternalClockConfig              0x08004a19   Thumb Code    24  stm32f4xx_tim.o(.text)
    TIM_TIxExternalClockConfig               0x08004a31   Thumb Code    62  stm32f4xx_tim.o(.text)
    TIM_ETRConfig                            0x08004a6f   Thumb Code    28  stm32f4xx_tim.o(.text)
    TIM_ETRClockMode1Config                  0x08004a8b   Thumb Code    54  stm32f4xx_tim.o(.text)
    TIM_ETRClockMode2Config                  0x08004ac1   Thumb Code    32  stm32f4xx_tim.o(.text)
    TIM_SelectOutputTrigger                  0x08004ae1   Thumb Code    18  stm32f4xx_tim.o(.text)
    TIM_SelectSlaveMode                      0x08004af3   Thumb Code    18  stm32f4xx_tim.o(.text)
    TIM_SelectMasterSlaveMode                0x08004b05   Thumb Code    18  stm32f4xx_tim.o(.text)
    TIM_EncoderInterfaceConfig               0x08004b17   Thumb Code    66  stm32f4xx_tim.o(.text)
    TIM_SelectHallSensor                     0x08004b59   Thumb Code    24  stm32f4xx_tim.o(.text)
    TIM_RemapConfig                          0x08004b71   Thumb Code     6  stm32f4xx_tim.o(.text)
    TM_I2C3_InitPins                         0x08004b79   Thumb Code   122  tm_stm32f4_i2c.o(.text)
    TM_I2C2_InitPins                         0x08004bf3   Thumb Code   148  tm_stm32f4_i2c.o(.text)
    TM_I2C1_InitPins                         0x08004c87   Thumb Code   118  tm_stm32f4_i2c.o(.text)
    TM_I2C_Init                              0x08004cfd   Thumb Code   258  tm_stm32f4_i2c.o(.text)
    TM_I2C_ReadNack                          0x08004dff   Thumb Code    70  tm_stm32f4_i2c.o(.text)
    TM_I2C_Start                             0x08004e45   Thumb Code   192  tm_stm32f4_i2c.o(.text)
    TM_I2C_Stop                              0x08004f05   Thumb Code    74  tm_stm32f4_i2c.o(.text)
    TM_I2C_WriteData                         0x08004f4f   Thumb Code   110  tm_stm32f4_i2c.o(.text)
    TM_I2C_Read                              0x08004fbd   Thumb Code    62  tm_stm32f4_i2c.o(.text)
    TM_I2C_Write                             0x08004ffb   Thumb Code    50  tm_stm32f4_i2c.o(.text)
    TM_I2C_ReadAck                           0x0800502d   Thumb Code    62  tm_stm32f4_i2c.o(.text)
    TM_I2C_ReadMulti                         0x0800506b   Thumb Code    92  tm_stm32f4_i2c.o(.text)
    TM_I2C_ReadMultiNoRegister               0x080050c7   Thumb Code    64  tm_stm32f4_i2c.o(.text)
    TM_I2C_WriteMulti                        0x08005107   Thumb Code    66  tm_stm32f4_i2c.o(.text)
    TM_I2C_IsDeviceConnected                 0x08005149   Thumb Code    34  tm_stm32f4_i2c.o(.text)
    TM_L3GD20_INT_WriteSPI                   0x08005175   Thumb Code    38  tm_stm32f4_l3gd20.o(.text)
    TM_L3GD20_INT_ReadSPI                    0x0800519b   Thumb Code    42  tm_stm32f4_l3gd20.o(.text)
    TM_L3GD20_INT_InitPins                   0x080051c5   Thumb Code    58  tm_stm32f4_l3gd20.o(.text)
    TM_L3GD20_Init                           0x080051ff   Thumb Code   100  tm_stm32f4_l3gd20.o(.text)
    TM_L3GD20_Read                           0x08005263   Thumb Code   214  tm_stm32f4_l3gd20.o(.text)
    TM_SDRAM_InitPins                        0x08005351   Thumb Code   534  tm_stm32f4_sdram.o(.text)
    TM_SDRAM_Init                            0x08005567   Thumb Code   342  tm_stm32f4_sdram.o(.text)
    TM_SPI6_Init                             0x080056d9   Thumb Code   160  tm_stm32f4_spi.o(.text)
    TM_SPI5_Init                             0x08005779   Thumb Code   238  tm_stm32f4_spi.o(.text)
    TM_SPI4_Init                             0x08005867   Thumb Code   218  tm_stm32f4_spi.o(.text)
    TM_SPI3_Init                             0x08005941   Thumb Code   216  tm_stm32f4_spi.o(.text)
    TM_SPI2_Init                             0x08005a19   Thumb Code   342  tm_stm32f4_spi.o(.text)
    TM_SPI1_Init                             0x08005b6f   Thumb Code   216  tm_stm32f4_spi.o(.text)
    TM_SPI_Init                              0x08005c47   Thumb Code    90  tm_stm32f4_spi.o(.text)
    TM_SPI_Send                              0x08005ca1   Thumb Code    56  tm_stm32f4_spi.o(.text)
    TM_SPI_SendMulti                         0x08005cd9   Thumb Code    38  tm_stm32f4_spi.o(.text)
    TM_SPI_WriteMulti                        0x08005cff   Thumb Code    34  tm_stm32f4_spi.o(.text)
    TM_SPI_ReadMulti                         0x08005d21   Thumb Code    38  tm_stm32f4_spi.o(.text)
    TM_SPI_Send16                            0x08005d47   Thumb Code    54  tm_stm32f4_spi.o(.text)
    TM_SPI_SendMulti16                       0x08005d7d   Thumb Code    42  tm_stm32f4_spi.o(.text)
    TM_SPI_WriteMulti16                      0x08005da7   Thumb Code    36  tm_stm32f4_spi.o(.text)
    TM_SPI_ReadMulti16                       0x08005dcb   Thumb Code    40  tm_stm32f4_spi.o(.text)
    TM_STMPE811_Read                         0x08005e15   Thumb Code    16  tm_stm32f4_stmpe811.o(.text)
    TM_STMPE811_Init                         0x08005e25   Thumb Code   336  tm_stm32f4_stmpe811.o(.text)
    TM_STMPE811_ReadY                        0x08005f75   Thumb Code    94  tm_stm32f4_stmpe811.o(.text)
    TM_STMPE811_ReadX                        0x08005fd3   Thumb Code   110  tm_stm32f4_stmpe811.o(.text)
    TM_STMPE811_ReadTouch                    0x08006041   Thumb Code   270  tm_stm32f4_stmpe811.o(.text)
    TM_USART_INT_GetSubPriority              0x08006175   Thumb Code    68  tm_stm32f4_usart.o(.text)
    TM_UART8_InitPins                        0x080061b9   Thumb Code    56  tm_stm32f4_usart.o(.text)
    TM_UART7_InitPins                        0x080061f1   Thumb Code   104  tm_stm32f4_usart.o(.text)
    TM_USART6_InitPins                       0x08006259   Thumb Code   104  tm_stm32f4_usart.o(.text)
    TM_UART5_InitPins                        0x080062c1   Thumb Code    78  tm_stm32f4_usart.o(.text)
    TM_UART4_InitPins                        0x0800630f   Thumb Code   104  tm_stm32f4_usart.o(.text)
    TM_USART3_InitPins                       0x08006377   Thumb Code   154  tm_stm32f4_usart.o(.text)
    TM_USART2_InitPins                       0x08006411   Thumb Code   102  tm_stm32f4_usart.o(.text)
    TM_USART1_InitPins                       0x08006477   Thumb Code   104  tm_stm32f4_usart.o(.text)
    TM_USART_Init                            0x080064df   Thumb Code   522  tm_stm32f4_usart.o(.text)
    TM_USART_INT_GetUsart                    0x080066e9   Thumb Code    68  tm_stm32f4_usart.o(.text)
    TM_USART_Getc                            0x0800672d   Thumb Code    56  tm_stm32f4_usart.o(.text)
    TM_USART_BufferFull                      0x08006765   Thumb Code    28  tm_stm32f4_usart.o(.text)
    TM_USART_FindCharacter                   0x08006781   Thumb Code    56  tm_stm32f4_usart.o(.text)
    TM_USART_BufferEmpty                     0x080067b9   Thumb Code    24  tm_stm32f4_usart.o(.text)
    TM_USART_Gets                            0x080067d1   Thumb Code    82  tm_stm32f4_usart.o(.text)
    TM_USART_ClearBuffer                     0x08006823   Thumb Code    22  tm_stm32f4_usart.o(.text)
    TM_USART_Putc                            0x08006839   Thumb Code    26  tm_stm32f4_usart.o(.text)
    TM_USART_Puts                            0x08006853   Thumb Code    26  tm_stm32f4_usart.o(.text)
    TM_USART_INT_InsertToBuffer              0x0800686d   Thumb Code    40  tm_stm32f4_usart.o(.text)
    USART1_IRQHandler                        0x08006895   Thumb Code    28  tm_stm32f4_usart.o(.text)
    USART2_IRQHandler                        0x080068b1   Thumb Code    30  tm_stm32f4_usart.o(.text)
    USART3_IRQHandler                        0x080068cf   Thumb Code    30  tm_stm32f4_usart.o(.text)
    UART4_IRQHandler                         0x080068ed   Thumb Code    30  tm_stm32f4_usart.o(.text)
    UART5_IRQHandler                         0x0800690b   Thumb Code    28  tm_stm32f4_usart.o(.text)
    USART6_IRQHandler                        0x08006927   Thumb Code    30  tm_stm32f4_usart.o(.text)
    UART7_IRQHandler                         0x08006945   Thumb Code    30  tm_stm32f4_usart.o(.text)
    UART8_IRQHandler                         0x08006963   Thumb Code    30  tm_stm32f4_usart.o(.text)
    TimingDelay_Decrement                    0x080069c1   Thumb Code    34  tm_stm32f4_delay.o(.text)
    TM_DELAY_Init                            0x080069e3   Thumb Code   136  tm_stm32f4_delay.o(.text)
    TM_DELAY_EnableDelayTimer                0x08006a6b   Thumb Code    28  tm_stm32f4_delay.o(.text)
    TM_DELAY_DisableDelayTimer               0x08006a87   Thumb Code    18  tm_stm32f4_delay.o(.text)
    TM_DISCO_LedInit                         0x08006ab9   Thumb Code    50  tm_stm32f4_disco.o(.text)
    TM_DISCO_ButtonInit                      0x08006aeb   Thumb Code    44  tm_stm32f4_disco.o(.text)
    TM_DISCO_ButtonOnPressed                 0x08006b17   Thumb Code    32  tm_stm32f4_disco.o(.text)
    TM_DISCO_ButtonOnReleased                0x08006b37   Thumb Code    34  tm_stm32f4_disco.o(.text)
    TM_EXTI_Attach                           0x08006b65   Thumb Code   554  tm_stm32f4_exti.o(.text)
    TM_EXTI_Detach                           0x08006d8f   Thumb Code    42  tm_stm32f4_exti.o(.text)
    EXTI0_IRQHandler                         0x08006db9   Thumb Code    22  tm_stm32f4_exti.o(.text)
    EXTI1_IRQHandler                         0x08006dcf   Thumb Code    22  tm_stm32f4_exti.o(.text)
    EXTI2_IRQHandler                         0x08006de5   Thumb Code    22  tm_stm32f4_exti.o(.text)
    EXTI3_IRQHandler                         0x08006dfb   Thumb Code    22  tm_stm32f4_exti.o(.text)
    EXTI4_IRQHandler                         0x08006e11   Thumb Code    22  tm_stm32f4_exti.o(.text)
    EXTI9_5_IRQHandler                       0x08006e27   Thumb Code   102  tm_stm32f4_exti.o(.text)
    EXTI15_10_IRQHandler                     0x08006e8d   Thumb Code   136  tm_stm32f4_exti.o(.text)
    TM_ILI9341_SetLayer1                     0x08006f45   Thumb Code    10  tm_stm32f4_ili9341_ltdc.o(.text)
    TM_ILI9341_Fill                          0x08006f4f   Thumb Code    30  tm_stm32f4_ili9341_ltdc.o(.text)
    TM_ILI9341_SetLayer2                     0x08006f6d   Thumb Code    14  tm_stm32f4_ili9341_ltdc.o(.text)
    TM_ILI9341_InitLayers                    0x08006f7b   Thumb Code   176  tm_stm32f4_ili9341_ltdc.o(.text)
    TM_LCD9341_InitLTDC                      0x0800702b   Thumb Code   122  tm_stm32f4_ili9341_ltdc.o(.text)
    TM_ILI9341_SendCommand                   0x080070a5   Thumb Code    40  tm_stm32f4_ili9341_ltdc.o(.text)
    TM_ILI9341_Delay                         0x080070cd   Thumb Code    18  tm_stm32f4_ili9341_ltdc.o(.text)
    TM_ILI9341_SendData                      0x080070df   Thumb Code    40  tm_stm32f4_ili9341_ltdc.o(.text)
    TM_ILI9341_InitLCD                       0x08007107   Thumb Code   682  tm_stm32f4_ili9341_ltdc.o(.text)
    TM_ILI9341_InitPins                      0x080073b1   Thumb Code   392  tm_stm32f4_ili9341_ltdc.o(.text)
    TM_ILI9341_Init                          0x08007539   Thumb Code   110  tm_stm32f4_ili9341_ltdc.o(.text)
    TM_ILI9341_DrawPixel                     0x080075a7   Thumb Code   156  tm_stm32f4_ili9341_ltdc.o(.text)
    TM_ILI9341_Rotate                        0x08007643   Thumb Code    46  tm_stm32f4_ili9341_ltdc.o(.text)
    TM_ILI9341_UpdateLayerOpacity            0x08007671   Thumb Code    32  tm_stm32f4_ili9341_ltdc.o(.text)
    TM_ILI9341_SetLayer1Opacity              0x08007691   Thumb Code    14  tm_stm32f4_ili9341_ltdc.o(.text)
    TM_ILI9341_SetLayer2Opacity              0x0800769f   Thumb Code    14  tm_stm32f4_ili9341_ltdc.o(.text)
    TM_ILI9341_ChangeLayers                  0x080076ad   Thumb Code    44  tm_stm32f4_ili9341_ltdc.o(.text)
    TM_ILI9341_Layer2To1                     0x080076d9   Thumb Code    30  tm_stm32f4_ili9341_ltdc.o(.text)
    TM_ILI9341_Layer1To2                     0x080076f7   Thumb Code    30  tm_stm32f4_ili9341_ltdc.o(.text)
    TM_ILI9341_Putc                          0x08007715   Thumb Code   232  tm_stm32f4_ili9341_ltdc.o(.text)
    TM_ILI9341_Puts                          0x080077fd   Thumb Code   118  tm_stm32f4_ili9341_ltdc.o(.text)
    TM_ILI9341_GetStringSize                 0x08007873   Thumb Code    28  tm_stm32f4_ili9341_ltdc.o(.text)
    TM_ILI9341_DrawLine                      0x0800788f   Thumb Code   230  tm_stm32f4_ili9341_ltdc.o(.text)
    TM_ILI9341_DrawRectangle                 0x08007975   Thumb Code    74  tm_stm32f4_ili9341_ltdc.o(.text)
    TM_INT_ILI9341_DrawCircleCorner          0x080079bf   Thumb Code   230  tm_stm32f4_ili9341_ltdc.o(.text)
    TM_ILI9341_DrawRoundedRectangle          0x08007aa5   Thumb Code   300  tm_stm32f4_ili9341_ltdc.o(.text)
    TM_INT_ILI9341_DrawFilledCircleCorner    0x08007bd1   Thumb Code   396  tm_stm32f4_ili9341_ltdc.o(.text)
    TM_ILI9341_DrawFilledRectangle           0x08007d5d   Thumb Code    46  tm_stm32f4_ili9341_ltdc.o(.text)
    TM_ILI9341_DrawFilledRoundedRectangle    0x08007d8b   Thumb Code   274  tm_stm32f4_ili9341_ltdc.o(.text)
    TM_ILI9341_DrawCircle                    0x08007e9d   Thumb Code   260  tm_stm32f4_ili9341_ltdc.o(.text)
    TM_ILI9341_DrawFilledCircle              0x08007fa1   Thumb Code   334  tm_stm32f4_ili9341_ltdc.o(.text)
    TM_ADC_InitADC                           0x080080f1   Thumb Code   144  tm_stm32f4_adc.o(.text)
    TM_ADC_INT_InitPin                       0x08008181   Thumb Code    28  tm_stm32f4_adc.o(.text)
    TM_ADC_INT_Channel_15_Init               0x0800819d   Thumb Code    42  tm_stm32f4_adc.o(.text)
    TM_ADC_INT_Channel_14_Init               0x080081c7   Thumb Code    42  tm_stm32f4_adc.o(.text)
    TM_ADC_INT_Channel_13_Init               0x080081f1   Thumb Code    14  tm_stm32f4_adc.o(.text)
    TM_ADC_INT_Channel_12_Init               0x080081ff   Thumb Code    14  tm_stm32f4_adc.o(.text)
    TM_ADC_INT_Channel_11_Init               0x0800820d   Thumb Code    14  tm_stm32f4_adc.o(.text)
    TM_ADC_INT_Channel_10_Init               0x0800821b   Thumb Code    14  tm_stm32f4_adc.o(.text)
    TM_ADC_INT_Channel_9_Init                0x08008229   Thumb Code    42  tm_stm32f4_adc.o(.text)
    TM_ADC_INT_Channel_8_Init                0x08008253   Thumb Code    42  tm_stm32f4_adc.o(.text)
    TM_ADC_INT_Channel_7_Init                0x0800827d   Thumb Code    42  tm_stm32f4_adc.o(.text)
    TM_ADC_INT_Channel_6_Init                0x080082a7   Thumb Code    42  tm_stm32f4_adc.o(.text)
    TM_ADC_INT_Channel_5_Init                0x080082d1   Thumb Code    42  tm_stm32f4_adc.o(.text)
    TM_ADC_INT_Channel_4_Init                0x080082fb   Thumb Code    42  tm_stm32f4_adc.o(.text)
    TM_ADC_INT_Channel_3_Init                0x08008325   Thumb Code    14  tm_stm32f4_adc.o(.text)
    TM_ADC_INT_Channel_2_Init                0x08008333   Thumb Code    14  tm_stm32f4_adc.o(.text)
    TM_ADC_INT_Channel_1_Init                0x08008341   Thumb Code    14  tm_stm32f4_adc.o(.text)
    TM_ADC_INT_Channel_0_Init                0x0800834f   Thumb Code    14  tm_stm32f4_adc.o(.text)
    TM_ADC_Init                              0x0800835d   Thumb Code   204  tm_stm32f4_adc.o(.text)
    TM_ADC_Read                              0x08008429   Thumb Code    44  tm_stm32f4_adc.o(.text)
    TM_ADC_EnableVbat                        0x08008455   Thumb Code    16  tm_stm32f4_adc.o(.text)
    TM_ADC_DisableVbat                       0x08008465   Thumb Code    16  tm_stm32f4_adc.o(.text)
    TM_ADC_ReadVbat                          0x08008475   Thumb Code    58  tm_stm32f4_adc.o(.text)
    TM_GPIO_INT_Init                         0x080084d5   Thumb Code   174  tm_stm32f4_gpio.o(.text)
    TM_GPIO_INT_EnableClock                  0x08008583   Thumb Code   200  tm_stm32f4_gpio.o(.text)
    TM_GPIO_Init                             0x0800864b   Thumb Code    48  tm_stm32f4_gpio.o(.text)
    TM_GPIO_InitAlternate                    0x0800867b   Thumb Code   110  tm_stm32f4_gpio.o(.text)
    TM_GPIO_DeInit                           0x080086e9   Thumb Code    38  tm_stm32f4_gpio.o(.text)
    TM_GPIO_SetPinAsInput                    0x0800870f   Thumb Code    38  tm_stm32f4_gpio.o(.text)
    TM_GPIO_SetPinAsOutput                   0x08008735   Thumb Code    46  tm_stm32f4_gpio.o(.text)
    TM_GPIO_SetPinAsAnalog                   0x08008763   Thumb Code    38  tm_stm32f4_gpio.o(.text)
    TM_GPIO_GetPortSource                    0x08008789   Thumb Code    94  tm_stm32f4_gpio.o(.text)
    TM_GPIO_GetPinSource                     0x080087e7   Thumb Code    18  tm_stm32f4_gpio.o(.text)
    TM_GPIO_INT_DisableClock                 0x080087f9   Thumb Code   200  tm_stm32f4_gpio.o(.text)
    TM_RTC_SetDateTime                       0x080088f1   Thumb Code   512  tm_stm32f4_rtc.o(.text)
    TM_RTC_Config                            0x08008af1   Thumb Code    86  tm_stm32f4_rtc.o(.text)
    TM_RTC_GetUnixTimeStamp                  0x08008b47   Thumb Code   216  tm_stm32f4_rtc.o(.text)
    TM_RTC_GetDateTime                       0x08008c1f   Thumb Code   106  tm_stm32f4_rtc.o(.text)
    TM_RTC_Init                              0x08008c89   Thumb Code   204  tm_stm32f4_rtc.o(.text)
    TM_RTC_SetDateTimeString                 0x08008d55   Thumb Code   398  tm_stm32f4_rtc.o(.text)
    TM_RTC_GetDaysInMonth                    0x08008ee3   Thumb Code    86  tm_stm32f4_rtc.o(.text)
    TM_RTC_GetDaysInYear                     0x08008f39   Thumb Code    68  tm_stm32f4_rtc.o(.text)
    TM_RTC_Interrupts                        0x08008f7d   Thumb Code   232  tm_stm32f4_rtc.o(.text)
    TM_RTC_GetDateTimeFromUnix               0x08009065   Thumb Code   276  tm_stm32f4_rtc.o(.text)
    TM_RTC_DisableAlarm                      0x08009179   Thumb Code   134  tm_stm32f4_rtc.o(.text)
    TM_RTC_SetAlarm                          0x080091ff   Thumb Code   208  tm_stm32f4_rtc.o(.text)
    TM_RTC_WriteBackupRegister               0x080092cf   Thumb Code    18  tm_stm32f4_rtc.o(.text)
    TM_RTC_ReadBackupRegister                0x080092e1   Thumb Code    20  tm_stm32f4_rtc.o(.text)
    TM_RTC_AlarmBHandler                     0x080092f9   Thumb Code     2  tm_stm32f4_rtc.o(.text)
    RTC_WKUP_IRQHandler                      0x080092fb   Thumb Code    62  tm_stm32f4_rtc.o(.text)
    RTC_Alarm_IRQHandler                     0x08009339   Thumb Code    56  tm_stm32f4_rtc.o(.text)
    Init_CE_Gpio                             0x08009375   Thumb Code    58  main.o(.text)
    main                                     0x080093af   Thumb Code   374  main.o(.text)
    TM_RTC_RequestHandler                    0x080096c3   Thumb Code     2  main.o(.text)
    TM_RTC_AlarmAHandler                     0x080096c5   Thumb Code    34  main.o(.text)
    TM_EXTI_Handler_15                       0x080096e7   Thumb Code    32  main.o(.text)
    Init_Timer_for_SD                        0x08009707   Thumb Code    44  main.o(.text)
    Write_Data_to_SD                         0x08009733   Thumb Code   346  main.o(.text)
    Write_Tempr_to_SD                        0x0800988d   Thumb Code   192  main.o(.text)
    NMI_Handler                              0x0800999d   Thumb Code     2  stm32f4xx_it.o(.text)
    HardFault_Handler                        0x0800999f   Thumb Code     4  stm32f4xx_it.o(.text)
    MemManage_Handler                        0x080099a3   Thumb Code     4  stm32f4xx_it.o(.text)
    BusFault_Handler                         0x080099a7   Thumb Code     4  stm32f4xx_it.o(.text)
    UsageFault_Handler                       0x080099ab   Thumb Code     4  stm32f4xx_it.o(.text)
    DebugMon_Handler                         0x080099af   Thumb Code     2  stm32f4xx_it.o(.text)
    SysTick_Handler                          0x080099b3   Thumb Code    18  stm32f4xx_it.o(.text)
    SystemInit                               0x08009ad5   Thumb Code    88  system_stm32f4xx.o(.text)
    SystemCoreClockUpdate                    0x08009b2d   Thumb Code   174  system_stm32f4xx.o(.text)
    Init_SPI_for_nRF                         0x08009c09   Thumb Code   176  tm_stm32f4_nrf24l01.o(.text)
    TM_NRF24L01_InitPins                     0x08009cb9   Thumb Code    72  tm_stm32f4_nrf24l01.o(.text)
    TM_NRF24L01_WriteRegister                0x08009d01   Thumb Code    46  tm_stm32f4_nrf24l01.o(.text)
    TM_NRF24L01_ReadRegister                 0x08009d2f   Thumb Code    44  tm_stm32f4_nrf24l01.o(.text)
    TM_NRF24L01_WriteBit                     0x08009d5b   Thumb Code    48  tm_stm32f4_nrf24l01.o(.text)
    TM_NRF24L01_PowerUpRx                    0x08009d8b   Thumb Code    82  tm_stm32f4_nrf24l01.o(.text)
    TM_NRF24L01_SetRF                        0x08009ddd   Thumb Code    68  tm_stm32f4_nrf24l01.o(.text)
    TM_NRF24L01_SetChannel                   0x08009e21   Thumb Code    30  tm_stm32f4_nrf24l01.o(.text)
    TM_NRF24L01_WriteRegisterMulti           0x08009e3f   Thumb Code    50  tm_stm32f4_nrf24l01.o(.text)
    TM_NRF24L01_SoftwareReset                0x08009e71   Thumb Code   284  tm_stm32f4_nrf24l01.o(.text)
    TM_NRF24L01_Init                         0x08009f8d   Thumb Code   260  tm_stm32f4_nrf24l01.o(.text)
    TM_NRF24L01_SetMyAddress                 0x0800a091   Thumb Code    30  tm_stm32f4_nrf24l01.o(.text)
    TM_NRF24L01_SetTxAddress                 0x0800a0af   Thumb Code    26  tm_stm32f4_nrf24l01.o(.text)
    TM_NRF24L01_SetPipe2Address              0x0800a0c9   Thumb Code    14  tm_stm32f4_nrf24l01.o(.text)
    TM_NRF24L01_SetPipe3Address              0x0800a0d7   Thumb Code    14  tm_stm32f4_nrf24l01.o(.text)
    TM_NRF24L01_SetPipe4Address              0x0800a0e5   Thumb Code    14  tm_stm32f4_nrf24l01.o(.text)
    TM_NRF24L01_SetPipe5Address              0x0800a0f3   Thumb Code    14  tm_stm32f4_nrf24l01.o(.text)
    TM_NRF24L01_ReadBit                      0x0800a101   Thumb Code    30  tm_stm32f4_nrf24l01.o(.text)
    TM_NRF24L01_ReadRegisterMulti            0x0800a11f   Thumb Code    46  tm_stm32f4_nrf24l01.o(.text)
    TM_NRF24L01_PowerUpTx                    0x0800a14d   Thumb Code    42  tm_stm32f4_nrf24l01.o(.text)
    TM_NRF24L01_PowerDown                    0x0800a177   Thumb Code    20  tm_stm32f4_nrf24l01.o(.text)
    TM_NRF24L01_Transmit                     0x0800a18b   Thumb Code    76  tm_stm32f4_nrf24l01.o(.text)
    TM_NRF24L01_GetData                      0x0800a1d7   Thumb Code    50  tm_stm32f4_nrf24l01.o(.text)
    TM_NRF24L01_RxFifoEmpty                  0x0800a209   Thumb Code    16  tm_stm32f4_nrf24l01.o(.text)
    TM_NRF24L01_GetStatus                    0x0800a219   Thumb Code    30  tm_stm32f4_nrf24l01.o(.text)
    TM_NRF24L01_DataReady                    0x0800a237   Thumb Code    32  tm_stm32f4_nrf24l01.o(.text)
    TM_NRF24L01_GetTransmissionStatus        0x0800a257   Thumb Code    32  tm_stm32f4_nrf24l01.o(.text)
    TM_NRF24L01_GetRetransmissionsCount      0x0800a277   Thumb Code    14  tm_stm32f4_nrf24l01.o(.text)
    parser                                   0x0800a291   Thumb Code     2  book.o(.text)
    Read_page                                0x0800a293   Thumb Code   178  book.o(.text)
    Set_parameters_book                      0x0800a345   Thumb Code   244  book.o(.text)
    vListInitialise                          0x0800a479   Thumb Code    26  list.o(.text)
    vListInitialiseItem                      0x0800a493   Thumb Code     6  list.o(.text)
    vListInsertEnd                           0x0800a499   Thumb Code    24  list.o(.text)
    vListInsert                              0x0800a4b1   Thumb Code    52  list.o(.text)
    uxListRemove                             0x0800a4e5   Thumb Code    40  list.o(.text)
    xQueueGenericReset                       0x0800a50d   Thumb Code   120  queue.o(.text)
    xQueueGenericCreate                      0x0800a585   Thumb Code    92  queue.o(.text)
    xQueueGenericSend                        0x0800a6f3   Thumb Code   282  queue.o(.text)
    xQueueCreateMutex                        0x0800a80d   Thumb Code    86  queue.o(.text)
    xQueueGiveMutexRecursive                 0x0800a863   Thumb Code    58  queue.o(.text)
    xQueueGenericReceive                     0x0800a8e1   Thumb Code   320  queue.o(.text)
    xQueueTakeMutexRecursive                 0x0800aa21   Thumb Code    70  queue.o(.text)
    xQueueCreateCountingSemaphore            0x0800aa67   Thumb Code    74  queue.o(.text)
    xQueueGenericSendFromISR                 0x0800aab1   Thumb Code   172  queue.o(.text)
    xQueueReceiveFromISR                     0x0800ab5d   Thumb Code   136  queue.o(.text)
    xQueuePeekFromISR                        0x0800abe5   Thumb Code    90  queue.o(.text)
    uxQueueMessagesWaiting                   0x0800ac3f   Thumb Code    28  queue.o(.text)
    uxQueueSpacesAvailable                   0x0800ac5b   Thumb Code    34  queue.o(.text)
    uxQueueMessagesWaitingFromISR            0x0800ac7d   Thumb Code    20  queue.o(.text)
    vQueueUnregisterQueue                    0x0800ac91   Thumb Code    38  queue.o(.text)
    vQueueDelete                             0x0800acb7   Thumb Code    36  queue.o(.text)
    ucQueueGetQueueNumber                    0x0800acdb   Thumb Code     8  queue.o(.text)
    vQueueSetQueueNumber                     0x0800ace3   Thumb Code     6  queue.o(.text)
    ucQueueGetQueueType                      0x0800ace9   Thumb Code     8  queue.o(.text)
    xQueueIsQueueEmptyFromISR                0x0800acf1   Thumb Code    28  queue.o(.text)
    xQueueIsQueueFullFromISR                 0x0800ad0d   Thumb Code    32  queue.o(.text)
    vQueueAddToRegistry                      0x0800ad2d   Thumb Code    38  queue.o(.text)
    xTaskGenericCreate                       0x0800ae2f   Thumb Code   286  tasks.o(.text)
    vTaskDelete                              0x0800af4d   Thumb Code    90  tasks.o(.text)
    xTaskIncrementTick                       0x0800afa7   Thumb Code   306  tasks.o(.text)
    xTaskResumeAll                           0x0800b0d9   Thumb Code   280  tasks.o(.text)
    vTaskSuspendAll                          0x0800b22f   Thumb Code    12  tasks.o(.text)
    vTaskDelayUntil                          0x0800b23b   Thumb Code   130  tasks.o(.text)
    vTaskDelay                               0x0800b2bd   Thumb Code    48  tasks.o(.text)
    uxTaskPriorityGet                        0x0800b2ed   Thumb Code    30  tasks.o(.text)
    vTaskPrioritySet                         0x0800b30b   Thumb Code   206  tasks.o(.text)
    vTaskSwitchContext                       0x0800b3d9   Thumb Code   122  tasks.o(.text)
    vTaskSuspend                             0x0800b453   Thumb Code    96  tasks.o(.text)
    xTaskIsTaskSuspended                     0x0800b4b3   Thumb Code    68  tasks.o(.text)
    vTaskResume                              0x0800b4f7   Thumb Code   102  tasks.o(.text)
    xTaskResumeFromISR                       0x0800b55d   Thumb Code   184  tasks.o(.text)
    vTaskStartScheduler                      0x0800b691   Thumb Code    64  tasks.o(.text)
    vTaskEndScheduler                        0x0800b6d1   Thumb Code    18  tasks.o(.text)
    xTaskGetTickCount                        0x0800b6e3   Thumb Code    18  tasks.o(.text)
    xTaskGetTickCountFromISR                 0x0800b6f5   Thumb Code    26  tasks.o(.text)
    uxTaskGetNumberOfTasks                   0x0800b70f   Thumb Code     6  tasks.o(.text)
    uxTaskGetSystemState                     0x0800b7c9   Thumb Code   132  tasks.o(.text)
    vTaskPlaceOnEventList                    0x0800b84d   Thumb Code    70  tasks.o(.text)
    xTaskRemoveFromEventList                 0x0800b893   Thumb Code   112  tasks.o(.text)
    vTaskSetTimeOutState                     0x0800b903   Thumb Code    28  tasks.o(.text)
    xTaskCheckForTimeOut                     0x0800b91f   Thumb Code   108  tasks.o(.text)
    vTaskMissedYield                         0x0800b98b   Thumb Code     8  tasks.o(.text)
    uxTaskGetTaskNumber                      0x0800b993   Thumb Code    14  tasks.o(.text)
    vTaskSetTaskNumber                       0x0800b9a1   Thumb Code     8  tasks.o(.text)
    xTaskGetCurrentTaskHandle                0x0800b9a9   Thumb Code     6  tasks.o(.text)
    xTaskGetSchedulerState                   0x0800b9af   Thumb Code    24  tasks.o(.text)
    vTaskPriorityInherit                     0x0800b9c7   Thumb Code   194  tasks.o(.text)
    vTaskPriorityDisinherit                  0x0800ba89   Thumb Code    70  tasks.o(.text)
    osThreadCreate                           0x0800bafb   Thumb Code    50  cmsis_os.o(.text)
    osKernelStart                            0x0800bb2d   Thumb Code    24  cmsis_os.o(.text)
    osKernelSysTick                          0x0800bb45   Thumb Code    20  cmsis_os.o(.text)
    osKernelRunning                          0x0800bb59   Thumb Code    16  cmsis_os.o(.text)
    osThreadGetId                            0x0800bb69   Thumb Code     8  cmsis_os.o(.text)
    osThreadTerminate                        0x0800bb71   Thumb Code    14  cmsis_os.o(.text)
    osThreadYield                            0x0800bb7f   Thumb Code    10  cmsis_os.o(.text)
    osThreadSetPriority                      0x0800bb89   Thumb Code    26  cmsis_os.o(.text)
    osThreadGetPriority                      0x0800bba3   Thumb Code     6  cmsis_os.o(.text)
    osDelay                                  0x0800bba9   Thumb Code    24  cmsis_os.o(.text)
    osTimerCreate                            0x0800bbc1   Thumb Code     6  cmsis_os.o(.text)
    osTimerStart                             0x0800bbc7   Thumb Code     8  cmsis_os.o(.text)
    osTimerStop                              0x0800bbcf   Thumb Code     8  cmsis_os.o(.text)
    osMutexCreate                            0x0800bbd7   Thumb Code    12  cmsis_os.o(.text)
    osMutexWait                              0x0800bbe3   Thumb Code    64  cmsis_os.o(.text)
    osMutexRelease                           0x0800bc23   Thumb Code    38  cmsis_os.o(.text)
    osMutexDelete                            0x0800bc49   Thumb Code    14  cmsis_os.o(.text)
    osSemaphoreCreate                        0x0800bc57   Thumb Code    50  cmsis_os.o(.text)
    osSemaphoreWait                          0x0800bc89   Thumb Code    64  cmsis_os.o(.text)
    osSemaphoreRelease                       0x0800bcc9   Thumb Code    70  cmsis_os.o(.text)
    osSemaphoreDelete                        0x0800bd0f   Thumb Code    14  cmsis_os.o(.text)
    osPoolCreate                             0x0800bd1d   Thumb Code   112  cmsis_os.o(.text)
    osPoolAlloc                              0x0800bd8d   Thumb Code   102  cmsis_os.o(.text)
    osPoolCAlloc                             0x0800bdf3   Thumb Code    22  cmsis_os.o(.text)
    osPoolFree                               0x0800be09   Thumb Code    74  cmsis_os.o(.text)
    osMessageCreate                          0x0800be53   Thumb Code    18  cmsis_os.o(.text)
    osMessagePut                             0x0800be65   Thumb Code    84  cmsis_os.o(.text)
    osMessageGet                             0x0800beb9   Thumb Code   140  cmsis_os.o(.text)
    osMailCreate                             0x0800bf45   Thumb Code   122  cmsis_os.o(.text)
    osMailAlloc                              0x0800bfbf   Thumb Code    24  cmsis_os.o(.text)
    osMailCAlloc                             0x0800bfd7   Thumb Code    40  cmsis_os.o(.text)
    osMailPut                                0x0800bfff   Thumb Code    82  cmsis_os.o(.text)
    osMailGet                                0x0800c051   Thumb Code   144  cmsis_os.o(.text)
    osMailFree                               0x0800c0e1   Thumb Code    24  cmsis_os.o(.text)
    osThreadSuspend                          0x0800c0f9   Thumb Code    14  cmsis_os.o(.text)
    osThreadResume                           0x0800c107   Thumb Code    28  cmsis_os.o(.text)
    osThreadSuspendAll                       0x0800c123   Thumb Code    10  cmsis_os.o(.text)
    osThreadResumeAll                        0x0800c12d   Thumb Code    10  cmsis_os.o(.text)
    osThreadIsSuspended                      0x0800c137   Thumb Code    20  cmsis_os.o(.text)
    osDelayUntil                             0x0800c14b   Thumb Code    30  cmsis_os.o(.text)
    osThreadList                             0x0800c169   Thumb Code     6  cmsis_os.o(.text)
    osMessagePeek                            0x0800c16f   Thumb Code    88  cmsis_os.o(.text)
    osRecursiveMutexCreate                   0x0800c1c7   Thumb Code    12  cmsis_os.o(.text)
    osRecursiveMutexRelease                  0x0800c1d3   Thumb Code    22  cmsis_os.o(.text)
    osRecursiveMutexWait                     0x0800c1e9   Thumb Code    50  cmsis_os.o(.text)
    pxPortInitialiseStack                    0x0800c23d   Thumb Code    34  port.o(.text)
    vPortSetupTimerInterrupt                 0x0800c25f   Thumb Code    26  port.o(.text)
    xPortStartScheduler                      0x0800c279   Thumb Code   156  port.o(.text)
    vPortEndScheduler                        0x0800c315   Thumb Code     2  port.o(.text)
    vPortYield                               0x0800c317   Thumb Code    20  port.o(.text)
    vPortEnterCritical                       0x0800c32b   Thumb Code    26  port.o(.text)
    vPortExitCritical                        0x0800c345   Thumb Code    26  port.o(.text)
    xPortSysTickHandler                      0x0800c35f   Thumb Code    30  port.o(.text)
    vPortValidateInterruptPriority           0x0800c37d   Thumb Code    80  port.o(.text)
    pvPortMalloc                             0x0800c4b3   Thumb Code   166  heap_4.o(.text)
    vPortFree                                0x0800c559   Thumb Code   112  heap_4.o(.text)
    xPortGetFreeHeapSize                     0x0800c5c9   Thumb Code     6  heap_4.o(.text)
    vPortInitialiseBlocks                    0x0800c5cf   Thumb Code     2  heap_4.o(.text)
    disk_initialize                          0x0800c5e5   Thumb Code    34  diskio.o(.text)
    disk_status                              0x0800c607   Thumb Code    34  diskio.o(.text)
    disk_read                                0x0800c629   Thumb Code    54  diskio.o(.text)
    disk_write                               0x0800c65f   Thumb Code    60  diskio.o(.text)
    disk_ioctl                               0x0800c69b   Thumb Code    46  diskio.o(.text)
    get_fattime                              0x0800c6c9   Thumb Code     4  diskio.o(.text)
    f_mount                                  0x0800dc65   Thumb Code    86  ff.o(.text)
    f_open                                   0x0800dcbb   Thumb Code   504  ff.o(.text)
    f_read                                   0x0800deb3   Thumb Code   428  ff.o(.text)
    f_write                                  0x0800e05f   Thumb Code   478  ff.o(.text)
    f_sync                                   0x0800e23d   Thumb Code   160  ff.o(.text)
    f_close                                  0x0800e2dd   Thumb Code    34  ff.o(.text)
    f_lseek                                  0x0800e2ff   Thumb Code   386  ff.o(.text)
    f_opendir                                0x0800e481   Thumb Code   122  ff.o(.text)
    f_closedir                               0x0800e4fb   Thumb Code    24  ff.o(.text)
    f_readdir                                0x0800e513   Thumb Code    92  ff.o(.text)
    f_stat                                   0x0800e56f   Thumb Code    72  ff.o(.text)
    f_getfree                                0x0800e5b7   Thumb Code   252  ff.o(.text)
    f_truncate                               0x0800e6b3   Thumb Code   178  ff.o(.text)
    f_unlink                                 0x0800e765   Thumb Code   180  ff.o(.text)
    f_mkdir                                  0x0800e819   Thumb Code   360  ff.o(.text)
    f_rename                                 0x0800e981   Thumb Code   282  ff.o(.text)
    f_gets                                   0x0800ea9b   Thumb Code    82  ff.o(.text)
    f_putc                                   0x0800eb67   Thumb Code    34  ff.o(.text)
    f_puts                                   0x0800eb89   Thumb Code    44  ff.o(.text)
    f_printf                                 0x0800ebb5   Thumb Code   596  ff.o(.text)
    TM_FATFS_InitPins                        0x0800efef   Thumb Code    48  fatfs_sd.o(.text)
    TM_FATFS_Detect                          0x0800f01f   Thumb Code     4  fatfs_sd.o(.text)
    TM_FATFS_WriteEnabled                    0x0800f023   Thumb Code     4  fatfs_sd.o(.text)
    TM_FATFS_SD_disk_initialize              0x0800f027   Thumb Code   324  fatfs_sd.o(.text)
    TM_FATFS_SD_disk_status                  0x0800f16b   Thumb Code    50  fatfs_sd.o(.text)
    TM_FATFS_SD_disk_read                    0x0800f19d   Thumb Code   154  fatfs_sd.o(.text)
    TM_FATFS_SD_disk_write                   0x0800f237   Thumb Code   176  fatfs_sd.o(.text)
    TM_FATFS_SD_disk_ioctl                   0x0800f2e7   Thumb Code   536  fatfs_sd.o(.text)
    ff_convert                               0x0800f509   Thumb Code    70  unicode.o(.text)
    ff_wtoupper                              0x0800f54f   Thumb Code   156  unicode.o(.text)
    __2sprintf                               0x0800f5f9   Thumb Code    34  noretval__2sprintf.o(.text)
    _printf_pre_padding                      0x0800f621   Thumb Code    44  _printf_pad.o(.text)
    _printf_post_padding                     0x0800f64d   Thumb Code    34  _printf_pad.o(.text)
    _printf_int_dec                          0x0800f671   Thumb Code   104  _printf_dec.o(.text)
    __printf                                 0x0800f6e9   Thumb Code   388  __printf_flags_ss_wp.o(.text)
    atoi                                     0x0800f871   Thumb Code    26  atoi.o(.text)
    __aeabi_memcpy                           0x0800f88b   Thumb Code     0  rt_memcpy_v6.o(.text)
    __rt_memcpy                              0x0800f88b   Thumb Code   138  rt_memcpy_v6.o(.text)
    _memcpy_lastbytes                        0x0800f8f1   Thumb Code     0  rt_memcpy_v6.o(.text)
    __aeabi_memcpy4                          0x0800f915   Thumb Code     0  rt_memcpy_w.o(.text)
    __aeabi_memcpy8                          0x0800f915   Thumb Code     0  rt_memcpy_w.o(.text)
    __rt_memcpy_w                            0x0800f915   Thumb Code   100  rt_memcpy_w.o(.text)
    _memcpy_lastbytes_aligned                0x0800f95d   Thumb Code     0  rt_memcpy_w.o(.text)
    __aeabi_memset                           0x0800f979   Thumb Code    16  aeabi_memset.o(.text)
    __use_two_region_memory                  0x0800f989   Thumb Code     2  heapauxi.o(.text)
    __rt_heap_escrow$2region                 0x0800f98b   Thumb Code     2  heapauxi.o(.text)
    __rt_heap_expand$2region                 0x0800f98d   Thumb Code     2  heapauxi.o(.text)
    __aeabi_errno_addr                       0x0800f991   Thumb Code     8  rt_errno_addr_intlibspace.o(.text)
    __errno$intlibspace                      0x0800f991   Thumb Code     0  rt_errno_addr_intlibspace.o(.text)
    __rt_errno_addr$intlibspace              0x0800f991   Thumb Code     0  rt_errno_addr_intlibspace.o(.text)
    _printf_int_common                       0x0800f999   Thumb Code   178  _printf_intcommon.o(.text)
    __lib_sel_fp_printf                      0x0800fa4b   Thumb Code     2  _printf_fp_dec.o(.text)
    _printf_fp_dec_real                      0x0800fbf9   Thumb Code   620  _printf_fp_dec.o(.text)
    _printf_char_common                      0x0800fe6f   Thumb Code    32  _printf_char_common.o(.text)
    _sputc                                   0x0800fe95   Thumb Code    10  _sputc.o(.text)
    strtol                                   0x0800fe9f   Thumb Code   112  strtol.o(.text)
    __aeabi_memclr                           0x0800ff0f   Thumb Code     0  rt_memclr.o(.text)
    __rt_memclr                              0x0800ff0f   Thumb Code    68  rt_memclr.o(.text)
    _memset                                  0x0800ff13   Thumb Code     0  rt_memclr.o(.text)
    __user_libspace                          0x0800ff55   Thumb Code     8  libspace.o(.text)
    __user_perproc_libspace                  0x0800ff55   Thumb Code     0  libspace.o(.text)
    __user_perthread_libspace                0x0800ff55   Thumb Code     0  libspace.o(.text)
    __rt_ctype_table                         0x0800ff5d   Thumb Code    16  rt_ctype_table.o(.text)
    __rt_locale                              0x0800ff6d   Thumb Code     8  rt_locale_intlibspace.o(.text)
    _ll_udiv10                               0x0800ff75   Thumb Code   138  lludiv10.o(.text)
    _printf_fp_infnan                        0x08010001   Thumb Code   112  _printf_fp_infnan.o(.text)
    _strtoul                                 0x08010081   Thumb Code   158  _strtoul.o(.text)
    _btod_etento                             0x08010121   Thumb Code   216  bigflt0.o(.text)
    __aeabi_memclr4                          0x080101fd   Thumb Code     0  rt_memclr_w.o(.text)
    __aeabi_memclr8                          0x080101fd   Thumb Code     0  rt_memclr_w.o(.text)
    __rt_memclr_w                            0x080101fd   Thumb Code    78  rt_memclr_w.o(.text)
    _memset_w                                0x08010201   Thumb Code     0  rt_memclr_w.o(.text)
    __user_setup_stackheap                   0x0801024b   Thumb Code    74  sys_stackheap_outer.o(.text)
    _chval                                   0x08010295   Thumb Code    28  _chval.o(.text)
    exit                                     0x080102b1   Thumb Code    12  exit.o(.text)
    strcmp                                   0x080102bd   Thumb Code   128  strcmpv7m.o(.text)
    _sys_exit                                0x0801033d   Thumb Code     8  sys_exit.o(.text)
    __I$use$semihosting                      0x08010349   Thumb Code     0  use_no_semi.o(.text)
    __use_no_semihosting_swi                 0x08010349   Thumb Code     2  use_no_semi.o(.text)
    __semihosting_library_function           0x0801034b   Thumb Code     0  indicate_semi.o(.text)
    _btod_d2e                                0x0801034b   Thumb Code    62  btod.o(CL$$btod_d2e)
    _d2e_denorm_low                          0x08010389   Thumb Code    70  btod.o(CL$$btod_d2e_denorm_low)
    _d2e_norm_op1                            0x080103cf   Thumb Code    96  btod.o(CL$$btod_d2e_norm_op1)
    __btod_div_common                        0x0801042f   Thumb Code   696  btod.o(CL$$btod_div_common)
    _e2e                                     0x08010767   Thumb Code   198  btod.o(CL$$btod_e2e)
    _btod_ediv                               0x0801082d   Thumb Code    40  btod.o(CL$$btod_ediv)
    _btod_emul                               0x08010855   Thumb Code    40  btod.o(CL$$btod_emul)
    __btod_mult_common                       0x0801087d   Thumb Code   580  btod.o(CL$$btod_mult_common)
    __ARM_fpclassify                         0x08010ac1   Thumb Code    48  fpclassify.o(i.__ARM_fpclassify)
    _is_digit                                0x08010af1   Thumb Code    14  __printf_wp.o(i._is_digit)
    _get_lc_numeric                          0x08010b01   Thumb Code    44  lc_numeric_c.o(locale$$code)
    _get_lc_ctype                            0x08010b2d   Thumb Code    44  lc_ctype_c.o(locale$$code)
    __fpl_dretinf                            0x08010b59   Thumb Code    12  dretinf.o(x$fpl$dretinf)
    __aeabi_f2d                              0x08010b65   Thumb Code     0  f2d.o(x$fpl$f2d)
    _f2d                                     0x08010b65   Thumb Code    86  f2d.o(x$fpl$f2d)
    __fpl_fnaninf                            0x08010bbb   Thumb Code   140  fnaninf.o(x$fpl$fnaninf)
    _fp_init                                 0x08010c47   Thumb Code    10  fpinit.o(x$fpl$fpinit)
    __fplib_config_fpu_vfp                   0x08010c4f   Thumb Code     0  fpinit.o(x$fpl$fpinit)
    __fplib_config_pureend_doubles           0x08010c4f   Thumb Code     0  fpinit.o(x$fpl$fpinit)
    _printf_fp_dec                           0x08010c51   Thumb Code     4  printf1.o(x$fpl$printf1)
    FMC_DefaultTimingStruct                  0x08010c54   Data          28  stm32f4xx_fmc.o(.constdata)
    __I$use$fp                               0x08010c54   Number         0  usenofp.o(x$fpl$usenofp)
    TM_Font7x10                              0x08010c70   Data        1900  tm_stm32f4_fonts.o(.constdata)
    TM_Font11x18                             0x080113dc   Data        3420  tm_stm32f4_fonts.o(.constdata)
    TM_Font16x26                             0x08012138   Data        4940  tm_stm32f4_fonts.o(.constdata)
    Region$$Table$$Base                      0x080139d0   Number         0  anon$$obj.o(Region$$Table)
    Region$$Table$$Limit                     0x080139f0   Number         0  anon$$obj.o(Region$$Table)
    __ctype                                  0x08013a19   Data           0  lc_ctype_c.o(locale$$data)
    TM_Font_7x10                             0x20000010   Data           8  tm_stm32f4_fonts.o(.data)
    TM_Font_11x18                            0x20000018   Data           8  tm_stm32f4_fonts.o(.data)
    TM_Font_16x26                            0x20000020   Data           8  tm_stm32f4_fonts.o(.data)
    TM_I2C_Timeout                           0x20000028   Data           4  tm_stm32f4_i2c.o(.data)
    TM_I2C_INT_Clocks                        0x2000002c   Data          12  tm_stm32f4_i2c.o(.data)
    GPIO_I2C_InitStruct                      0x20000038   Data           8  tm_stm32f4_i2c.o(.data)
    TM_L3GD20_INT_Scale                      0x20000040   Data           1  tm_stm32f4_l3gd20.o(.data)
    TM_USART1                                0x20000044   Data          12  tm_stm32f4_usart.o(.data)
    TM_USART2                                0x20000050   Data          12  tm_stm32f4_usart.o(.data)
    TM_USART3                                0x2000005c   Data          12  tm_stm32f4_usart.o(.data)
    TM_UART4                                 0x20000068   Data          12  tm_stm32f4_usart.o(.data)
    TM_UART5                                 0x20000074   Data          12  tm_stm32f4_usart.o(.data)
    TM_USART6                                0x20000080   Data          12  tm_stm32f4_usart.o(.data)
    TM_UART7                                 0x2000008c   Data          12  tm_stm32f4_usart.o(.data)
    TM_UART8                                 0x20000098   Data          12  tm_stm32f4_usart.o(.data)
    GPIO_InitStruct                          0x200000a4   Data           8  tm_stm32f4_usart.o(.data)
    TM_TimingDelay                           0x200000ac   Data           4  tm_stm32f4_delay.o(.data)
    TM_Time                                  0x200000b0   Data           4  tm_stm32f4_delay.o(.data)
    TM_Time2                                 0x200000b4   Data           4  tm_stm32f4_delay.o(.data)
    TM_DELAY_Initialized                     0x200000b8   Data           1  tm_stm32f4_delay.o(.data)
    mult                                     0x200000bc   Data           4  tm_stm32f4_delay.o(.data)
    TM_INT_DISCO_ButtonPressed               0x200000c0   Data           1  tm_stm32f4_disco.o(.data)
    pinsused                                 0x200000c4   Data           4  tm_stm32f4_exti.o(.data)
    ILI9341_x                                0x200000c8   Data           2  tm_stm32f4_ili9341_ltdc.o(.data)
    ILI9341_y                                0x200000ca   Data           2  tm_stm32f4_ili9341_ltdc.o(.data)
    TM_RTC_Status                            0x200000cc   Data           4  tm_stm32f4_rtc.o(.data)
    RTC_TimeStruct                           0x200000d0   Data           4  tm_stm32f4_rtc.o(.data)
    RTC_DateStruct                           0x200000d4   Data           4  tm_stm32f4_rtc.o(.data)
    NVIC_InitStruct                          0x200000d8   Data           4  tm_stm32f4_rtc.o(.data)
    EXTI_InitStruct                          0x200000dc   Data           8  tm_stm32f4_rtc.o(.data)
    TM_RTC_Months                            0x200000e4   Data          24  tm_stm32f4_rtc.o(.data)
    ScreenDraw_flag                          0x200000fc   Data           1  main.o(.data)
    L3GD20_Data                              0x200000fe   Data           6  main.o(.data)
    p_buffer                                 0x20000104   Data           4  main.o(.data)
    temp_f                                   0x20000108   Data           4  main.o(.data)
    maximum_rotation                         0x2000010c   Data           4  main.o(.data)
    real_tempr                               0x20000110   Data           4  main.o(.data)
    Coord_811                                0x20000114   Data           6  main.o(.data)
    Statik_Coord                             0x2000011a   Data           6  main.o(.data)
    flag                                     0x20000120   Data           2  main.o(.data)
    temp                                     0x20000122   Data           1  main.o(.data)
    temp_sd_res                              0x20000123   Data           1  main.o(.data)
    xTouchThread                             0x20000124   Data           4  main.o(.data)
    xMutex_LCD                               0x20000128   Data           4  main.o(.data)
    xWatt_1_sec_measure                      0x2000012c   Data           4  main.o(.data)
    xSDcard_write                            0x20000130   Data           4  main.o(.data)
    xSDcard_written_done                     0x20000134   Data           4  main.o(.data)
    MyAddress                                0x20000138   Data           5  main.o(.data)
    TxAddress                                0x2000013d   Data           5  main.o(.data)
    nrf_status                               0x20000142   Data           1  main.o(.data)
    BackGround                               0x20000144   Data           4  main.o(.data)
    AlarmTime                                0x20000148   Data           5  main.o(.data)
    avarage_temperature                      0x20000150   Data           4  main.o(.data)
    avarage_preshure                         0x20000154   Data           4  main.o(.data)
    Count_Array_Watt                         0x20000158   Data           2  main.o(.data)
    Count_for_SD_Write                       0x2000015a   Data           2  main.o(.data)
    Count_Array_Tempr                        0x2000015c   Data           2  main.o(.data)
    Book_stage                               0x2000015e   Data           1  main.o(.data)
    new_data                                 0x2000015f   Data           1  main.o(.data)
    i                                        0x20000160   Data           2  main.o(.data)
    SystemCoreClock                          0x20000164   Data           4  system_stm32f4xx.o(.data)
    AHBPrescTable                            0x20000168   Data          16  system_stm32f4xx.o(.data)
    TM_NRF24L01_Struct                       0x20000178   Data           4  tm_stm32f4_nrf24l01.o(.data)
    pxCurrentTCB                             0x2000017c   Data           4  tasks.o(.data)
    TM_USART1_Buffer                         0x200001dc   Data          32  tm_stm32f4_usart.o(.bss)
    TM_USART2_Buffer                         0x200001fc   Data          32  tm_stm32f4_usart.o(.bss)
    TM_USART3_Buffer                         0x2000021c   Data          32  tm_stm32f4_usart.o(.bss)
    TM_UART4_Buffer                          0x2000023c   Data          32  tm_stm32f4_usart.o(.bss)
    TM_UART5_Buffer                          0x2000025c   Data          32  tm_stm32f4_usart.o(.bss)
    TM_USART6_Buffer                         0x2000027c   Data          32  tm_stm32f4_usart.o(.bss)
    TM_UART7_Buffer                          0x2000029c   Data          32  tm_stm32f4_usart.o(.bss)
    TM_UART8_Buffer                          0x200002bc   Data          32  tm_stm32f4_usart.o(.bss)
    ILI9341_Opts                             0x200002dc   Data          16  tm_stm32f4_ili9341_ltdc.o(.bss)
    RTC_InitStruct                           0x200002ec   Data          12  tm_stm32f4_rtc.o(.bss)
    Book_control                             0x200002f8   Data          10  main.o(.bss)
    buffer                                   0x20000302   Data         452  main.o(.bss)
    file_name_tempr                          0x200004c6   Data          25  main.o(.bss)
    file_name_data                           0x200004df   Data          25  main.o(.bss)
    BMP180_Data                              0x200004f8   Data          16  main.o(.bss)
    FatFs                                    0x20000508   Data         564  main.o(.bss)
    fil                                      0x2000073c   Data         552  main.o(.bss)
    fil_Tempr                                0x20000964   Data         552  main.o(.bss)
    dataOut                                  0x20000b8c   Data          32  main.o(.bss)
    dataIn                                   0x20000bac   Data          32  main.o(.bss)
    datatime                                 0x20000bcc   Data          16  main.o(.bss)
    Watt                                     0x20000bdc   Data         600  main.o(.bss)
    Time                                     0x20000e34   Data        4800  main.o(.bss)
    Time_div_10                              0x200020f4   Data        4800  main.o(.bss)
    Temperature                              0x200033b4   Data        1200  main.o(.bss)
    Presure                                  0x20003864   Data        1200  main.o(.bss)
    book_dat                                 0x20003d14   Data          16  book.o(.bss)
    xQueueRegistry                           0x20003d24   Data          64  queue.o(.bss)
    __libspace_start                         0x20007a54   Data          96  libspace.o(.bss)
    __temporary_stack_top$libspace           0x20007ab4   Data           0  libspace.o(.bss)
    Screen_buffer                            0xd0001000   Data         452  main.o(.ARM.__AT_0xD0001000)
    mark                                     0xd00011c4   Data           2  main.o(.ARM.__AT_0xD00011C4)



==============================================================================

Memory Map of the image

  Image Entry point : 0x080001ad

  Load Region LR_IROM1 (Base: 0x08000000, Size: 0x00013cf8, Max: 0x00200000, ABSOLUTE, COMPRESSED[0x00013b90])

    Execution Region ER_IROM1 (Base: 0x08000000, Size: 0x00013b1c, Max: 0x00200000, ABSOLUTE)

    Base Addr    Size         Type   Attr      Idx    E Section Name        Object

    0x08000000   0x000001ac   Data   RO            3    RESET               startup_stm32f429_439xx.o
    0x080001ac   0x00000008   Code   RO         1425  * !!!main             c_w.l(__main.o)
    0x080001b4   0x00000034   Code   RO         1759    !!!scatter          c_w.l(__scatter.o)
    0x080001e8   0x0000005a   Code   RO         1757    !!dczerorl2         c_w.l(__dczerorl2.o)
    0x08000242   0x00000002   PAD
    0x08000244   0x0000001c   Code   RO         1761    !!handler_zi        c_w.l(__scatter_zi.o)
    0x08000260   0x00000000   Code   RO         1414    .ARM.Collect$$_printf_percent$$00000000  c_w.l(_printf_percent.o)
    0x08000260   0x00000006   Code   RO         1413    .ARM.Collect$$_printf_percent$$00000003  c_w.l(_printf_f.o)
    0x08000266   0x00000006   Code   RO         1411    .ARM.Collect$$_printf_percent$$00000009  c_w.l(_printf_d.o)
    0x0800026c   0x00000006   Code   RO         1412    .ARM.Collect$$_printf_percent$$0000000A  c_w.l(_printf_u.o)
    0x08000272   0x00000004   Code   RO         1463    .ARM.Collect$$_printf_percent$$00000017  c_w.l(_printf_percent_end.o)
    0x08000276   0x00000002   Code   RO         1625    .ARM.Collect$$libinit$$00000000  c_w.l(libinit.o)
    0x08000278   0x00000004   Code   RO         1626    .ARM.Collect$$libinit$$00000001  c_w.l(libinit2.o)
    0x0800027c   0x00000000   Code   RO         1629    .ARM.Collect$$libinit$$00000004  c_w.l(libinit2.o)
    0x0800027c   0x00000000   Code   RO         1632    .ARM.Collect$$libinit$$0000000A  c_w.l(libinit2.o)
    0x0800027c   0x00000000   Code   RO         1634    .ARM.Collect$$libinit$$0000000C  c_w.l(libinit2.o)
    0x0800027c   0x00000000   Code   RO         1636    .ARM.Collect$$libinit$$0000000E  c_w.l(libinit2.o)
    0x0800027c   0x00000006   Code   RO         1637    .ARM.Collect$$libinit$$0000000F  c_w.l(libinit2.o)
    0x08000282   0x00000000   Code   RO         1639    .ARM.Collect$$libinit$$00000011  c_w.l(libinit2.o)
    0x08000282   0x0000000c   Code   RO         1640    .ARM.Collect$$libinit$$00000012  c_w.l(libinit2.o)
    0x0800028e   0x00000000   Code   RO         1641    .ARM.Collect$$libinit$$00000013  c_w.l(libinit2.o)
    0x0800028e   0x00000000   Code   RO         1643    .ARM.Collect$$libinit$$00000015  c_w.l(libinit2.o)
    0x0800028e   0x0000000a   Code   RO         1644    .ARM.Collect$$libinit$$00000016  c_w.l(libinit2.o)
    0x08000298   0x00000000   Code   RO         1645    .ARM.Collect$$libinit$$00000017  c_w.l(libinit2.o)
    0x08000298   0x00000000   Code   RO         1647    .ARM.Collect$$libinit$$00000019  c_w.l(libinit2.o)
    0x08000298   0x00000000   Code   RO         1649    .ARM.Collect$$libinit$$0000001B  c_w.l(libinit2.o)
    0x08000298   0x00000000   Code   RO         1651    .ARM.Collect$$libinit$$0000001D  c_w.l(libinit2.o)
    0x08000298   0x00000000   Code   RO         1653    .ARM.Collect$$libinit$$0000001F  c_w.l(libinit2.o)
    0x08000298   0x00000000   Code   RO         1655    .ARM.Collect$$libinit$$00000021  c_w.l(libinit2.o)
    0x08000298   0x00000000   Code   RO         1657    .ARM.Collect$$libinit$$00000023  c_w.l(libinit2.o)
    0x08000298   0x00000000   Code   RO         1659    .ARM.Collect$$libinit$$00000025  c_w.l(libinit2.o)
    0x08000298   0x00000000   Code   RO         1663    .ARM.Collect$$libinit$$0000002C  c_w.l(libinit2.o)
    0x08000298   0x00000000   Code   RO         1665    .ARM.Collect$$libinit$$0000002E  c_w.l(libinit2.o)
    0x08000298   0x00000000   Code   RO         1667    .ARM.Collect$$libinit$$00000030  c_w.l(libinit2.o)
    0x08000298   0x00000000   Code   RO         1669    .ARM.Collect$$libinit$$00000032  c_w.l(libinit2.o)
    0x08000298   0x00000002   Code   RO         1670    .ARM.Collect$$libinit$$00000033  c_w.l(libinit2.o)
    0x0800029a   0x00000002   Code   RO         1706    .ARM.Collect$$libshutdown$$00000000  c_w.l(libshutdown.o)
    0x0800029c   0x00000000   Code   RO         1718    .ARM.Collect$$libshutdown$$00000003  c_w.l(libshutdown2.o)
    0x0800029c   0x00000000   Code   RO         1721    .ARM.Collect$$libshutdown$$00000006  c_w.l(libshutdown2.o)
    0x0800029c   0x00000000   Code   RO         1724    .ARM.Collect$$libshutdown$$00000009  c_w.l(libshutdown2.o)
    0x0800029c   0x00000000   Code   RO         1726    .ARM.Collect$$libshutdown$$0000000B  c_w.l(libshutdown2.o)
    0x0800029c   0x00000000   Code   RO         1729    .ARM.Collect$$libshutdown$$0000000E  c_w.l(libshutdown2.o)
    0x0800029c   0x00000002   Code   RO         1730    .ARM.Collect$$libshutdown$$0000000F  c_w.l(libshutdown2.o)
    0x0800029e   0x00000000   Code   RO         1447    .ARM.Collect$$rtentry$$00000000  c_w.l(__rtentry.o)
    0x0800029e   0x00000000   Code   RO         1542    .ARM.Collect$$rtentry$$00000002  c_w.l(__rtentry2.o)
    0x0800029e   0x00000006   Code   RO         1554    .ARM.Collect$$rtentry$$00000004  c_w.l(__rtentry4.o)
    0x080002a4   0x00000000   Code   RO         1544    .ARM.Collect$$rtentry$$00000009  c_w.l(__rtentry2.o)
    0x080002a4   0x00000004   Code   RO         1545    .ARM.Collect$$rtentry$$0000000A  c_w.l(__rtentry2.o)
    0x080002a8   0x00000000   Code   RO         1547    .ARM.Collect$$rtentry$$0000000C  c_w.l(__rtentry2.o)
    0x080002a8   0x00000008   Code   RO         1548    .ARM.Collect$$rtentry$$0000000D  c_w.l(__rtentry2.o)
    0x080002b0   0x00000002   Code   RO         1675    .ARM.Collect$$rtexit$$00000000  c_w.l(rtexit.o)
    0x080002b2   0x00000000   Code   RO         1684    .ARM.Collect$$rtexit$$00000002  c_w.l(rtexit2.o)
    0x080002b2   0x00000004   Code   RO         1685    .ARM.Collect$$rtexit$$00000003  c_w.l(rtexit2.o)
    0x080002b6   0x00000006   Code   RO         1686    .ARM.Collect$$rtexit$$00000004  c_w.l(rtexit2.o)
    0x080002bc   0x000000ae   Code   RO         1230    .emb_text           port.o
    0x0800036a   0x00000002   PAD
    0x0800036c   0x00000040   Code   RO            4    .text               startup_stm32f429_439xx.o
    0x080003ac   0x000000e0   Code   RO           12    .text               misc.o
    0x0800048c   0x00000660   Code   RO          146    .text               stm32f4xx_rcc.o
    0x08000aec   0x00000294   Code   RO          168    .text               stm32f4xx_gpio.o
    0x08000d80   0x00000456   Code   RO          188    .text               stm32f4xx_i2c.o
    0x080011d6   0x00000002   PAD
    0x080011d8   0x00000480   Code   RO          208    .text               stm32f4xx_spi.o
    0x08001658   0x00000454   Code   RO          228    .text               stm32f4xx_usart.o
    0x08001aac   0x00000094   Code   RO          248    .text               stm32f4xx_syscfg.o
    0x08001b40   0x000008b0   Code   RO          268    .text               stm32f4xx_fmc.o
    0x080023f0   0x00000688   Code   RO          291    .text               stm32f4xx_ltdc.o
    0x08002a78   0x00000110   Code   RO          311    .text               stm32f4xx_exti.o
    0x08002b88   0x00000464   Code   RO          331    .text               stm32f4xx_adc.o
    0x08002fec   0x00000180   Code   RO          351    .text               stm32f4xx_pwr.o
    0x0800316c   0x00000d68   Code   RO          371    .text               stm32f4xx_rtc.o
    0x08003ed4   0x00000ca2   Code   RO          391    .text               stm32f4xx_tim.o
    0x08004b76   0x00000002   PAD
    0x08004b78   0x000005fc   Code   RO          435    .text               tm_stm32f4_i2c.o
    0x08005174   0x000001dc   Code   RO          461    .text               tm_stm32f4_l3gd20.o
    0x08005350   0x00000388   Code   RO          490    .text               tm_stm32f4_sdram.o
    0x080056d8   0x0000073c   Code   RO          513    .text               tm_stm32f4_spi.o
    0x08005e14   0x00000360   Code   RO          533    .text               tm_stm32f4_stmpe811.o
    0x08006174   0x0000084c   Code   RO          563    .text               tm_stm32f4_usart.o
    0x080069c0   0x000000f8   Code   RO          590    .text               tm_stm32f4_delay.o
    0x08006ab8   0x000000ac   Code   RO          623    .text               tm_stm32f4_disco.o
    0x08006b64   0x000003e0   Code   RO          649    .text               tm_stm32f4_exti.o
    0x08006f44   0x000011aa   Code   RO          675    .text               tm_stm32f4_ili9341_ltdc.o
    0x080080ee   0x00000002   PAD
    0x080080f0   0x000003e4   Code   RO          703    .text               tm_stm32f4_adc.o
    0x080084d4   0x0000041c   Code   RO          763    .text               tm_stm32f4_gpio.o
    0x080088f0   0x00000a84   Code   RO          783    .text               tm_stm32f4_rtc.o
    0x08009374   0x00000628   Code   RO          867    .text               main.o
    0x0800999c   0x00000028   Code   RO          991    .text               stm32f4xx_it.o
    0x080099c4   0x00000244   Code   RO         1017    .text               system_stm32f4xx.o
    0x08009c08   0x00000688   Code   RO         1043    .text               tm_stm32f4_nrf24l01.o
    0x0800a290   0x000001e8   Code   RO         1089    .text               book.o
    0x0800a478   0x00000094   Code   RO         1145    .text               list.o
    0x0800a50c   0x0000084c   Code   RO         1163    .text               queue.o
    0x0800ad58   0x00000d84   Code   RO         1181    .text               tasks.o
    0x0800badc   0x0000073e   Code   RO         1206    .text               cmsis_os.o
    0x0800c21a   0x00000002   PAD
    0x0800c21c   0x000001d0   Code   RO         1231    .text               port.o
    0x0800c3ec   0x000001f8   Code   RO         1248    .text               heap_4.o
    0x0800c5e4   0x000000ec   Code   RO         1265    .text               diskio.o
    0x0800c6d0   0x00002738   Code   RO         1298    .text               ff.o
    0x0800ee08   0x00000700   Code   RO         1318    .text               fatfs_sd.o
    0x0800f508   0x000000f0   Code   RO         1362    .text               unicode.o
    0x0800f5f8   0x00000028   Code   RO         1383    .text               c_w.l(noretval__2sprintf.o)
    0x0800f620   0x0000004e   Code   RO         1387    .text               c_w.l(_printf_pad.o)
    0x0800f66e   0x00000002   PAD
    0x0800f670   0x00000078   Code   RO         1389    .text               c_w.l(_printf_dec.o)
    0x0800f6e8   0x00000188   Code   RO         1408    .text               c_w.l(__printf_flags_ss_wp.o)
    0x0800f870   0x0000001a   Code   RO         1415    .text               c_w.l(atoi.o)
    0x0800f88a   0x0000008a   Code   RO         1417    .text               c_w.l(rt_memcpy_v6.o)
    0x0800f914   0x00000064   Code   RO         1419    .text               c_w.l(rt_memcpy_w.o)
    0x0800f978   0x00000010   Code   RO         1421    .text               c_w.l(aeabi_memset.o)
    0x0800f988   0x00000006   Code   RO         1423    .text               c_w.l(heapauxi.o)
    0x0800f98e   0x00000002   PAD
    0x0800f990   0x00000008   Code   RO         1451    .text               c_w.l(rt_errno_addr_intlibspace.o)
    0x0800f998   0x000000b2   Code   RO         1455    .text               c_w.l(_printf_intcommon.o)
    0x0800fa4a   0x0000041a   Code   RO         1457    .text               c_w.l(_printf_fp_dec.o)
    0x0800fe64   0x00000030   Code   RO         1459    .text               c_w.l(_printf_char_common.o)
    0x0800fe94   0x0000000a   Code   RO         1461    .text               c_w.l(_sputc.o)
    0x0800fe9e   0x00000070   Code   RO         1464    .text               c_w.l(strtol.o)
    0x0800ff0e   0x00000044   Code   RO         1466    .text               c_w.l(rt_memclr.o)
    0x0800ff52   0x00000002   PAD
    0x0800ff54   0x00000008   Code   RO         1538    .text               c_w.l(libspace.o)
    0x0800ff5c   0x00000010   Code   RO         1556    .text               c_w.l(rt_ctype_table.o)
    0x0800ff6c   0x00000008   Code   RO         1561    .text               c_w.l(rt_locale_intlibspace.o)
    0x0800ff74   0x0000008a   Code   RO         1563    .text               c_w.l(lludiv10.o)
    0x0800fffe   0x00000002   PAD
    0x08010000   0x00000080   Code   RO         1565    .text               c_w.l(_printf_fp_infnan.o)
    0x08010080   0x0000009e   Code   RO         1569    .text               c_w.l(_strtoul.o)
    0x0801011e   0x00000002   PAD
    0x08010120   0x000000dc   Code   RO         1571    .text               c_w.l(bigflt0.o)
    0x080101fc   0x0000004e   Code   RO         1599    .text               c_w.l(rt_memclr_w.o)
    0x0801024a   0x0000004a   Code   RO         1609    .text               c_w.l(sys_stackheap_outer.o)
    0x08010294   0x0000001c   Code   RO         1611    .text               c_w.l(_chval.o)
    0x080102b0   0x0000000c   Code   RO         1616    .text               c_w.l(exit.o)
    0x080102bc   0x00000080   Code   RO         1618    .text               c_w.l(strcmpv7m.o)
    0x0801033c   0x0000000c   Code   RO         1696    .text               c_w.l(sys_exit.o)
    0x08010348   0x00000002   Code   RO         1707    .text               c_w.l(use_no_semi.o)
    0x0801034a   0x00000000   Code   RO         1709    .text               c_w.l(indicate_semi.o)
    0x0801034a   0x0000003e   Code   RO         1574    CL$$btod_d2e        c_w.l(btod.o)
    0x08010388   0x00000046   Code   RO         1576    CL$$btod_d2e_denorm_low  c_w.l(btod.o)
    0x080103ce   0x00000060   Code   RO         1575    CL$$btod_d2e_norm_op1  c_w.l(btod.o)
    0x0801042e   0x00000338   Code   RO         1584    CL$$btod_div_common  c_w.l(btod.o)
    0x08010766   0x000000c6   Code   RO         1581    CL$$btod_e2e        c_w.l(btod.o)
    0x0801082c   0x00000028   Code   RO         1578    CL$$btod_ediv       c_w.l(btod.o)
    0x08010854   0x00000028   Code   RO         1577    CL$$btod_emul       c_w.l(btod.o)
    0x0801087c   0x00000244   Code   RO         1583    CL$$btod_mult_common  c_w.l(btod.o)
    0x08010ac0   0x00000030   Code   RO         1521    i.__ARM_fpclassify  m_wm.l(fpclassify.o)
    0x08010af0   0x0000000e   Code   RO         1401    i._is_digit         c_w.l(__printf_wp.o)
    0x08010afe   0x00000002   PAD
    0x08010b00   0x0000002c   Code   RO         1597    locale$$code        c_w.l(lc_numeric_c.o)
    0x08010b2c   0x0000002c   Code   RO         1614    locale$$code        c_w.l(lc_ctype_c.o)
    0x08010b58   0x0000000c   Code   RO         1490    x$fpl$dretinf       fz_wm.l(dretinf.o)
    0x08010b64   0x00000056   Code   RO         1429    x$fpl$f2d           fz_wm.l(f2d.o)
    0x08010bba   0x0000008c   Code   RO         1494    x$fpl$fnaninf       fz_wm.l(fnaninf.o)
    0x08010c46   0x0000000a   Code   RO         1679    x$fpl$fpinit        fz_wm.l(fpinit.o)
    0x08010c50   0x00000004   Code   RO         1431    x$fpl$printf1       fz_wm.l(printf1.o)
    0x08010c54   0x00000000   Code   RO         1500    x$fpl$usenofp       fz_wm.l(usenofp.o)
    0x08010c54   0x0000001c   Data   RO          269    .constdata          stm32f4xx_fmc.o
    0x08010c70   0x00002814   Data   RO          411    .constdata          tm_stm32f4_fonts.o
    0x08013484   0x0000003c   Data   RO          871    .constdata          main.o
    0x080134c0   0x0000008d   Data   RO         1299    .constdata          ff.o
    0x0801354d   0x00000001   PAD
    0x0801354e   0x000003ae   Data   RO         1363    .constdata          unicode.o
    0x080138fc   0x00000011   Data   RO         1409    .constdata          c_w.l(__printf_flags_ss_wp.o)
    0x0801390d   0x00000003   PAD
    0x08013910   0x00000094   Data   RO         1572    .constdata          c_w.l(bigflt0.o)
    0x080139a4   0x00000029   Data   RO          872    .conststring        main.o
    0x080139cd   0x00000003   PAD
    0x080139d0   0x00000020   Data   RO         1755    Region$$Table       anon$$obj.o
    0x080139f0   0x0000001c   Data   RO         1596    locale$$data        c_w.l(lc_numeric_c.o)
    0x08013a0c   0x00000110   Data   RO         1613    locale$$data        c_w.l(lc_ctype_c.o)


    Execution Region RW_IRAM1 (Base: 0x20000000, Size: 0x000080b8, Max: 0x00030000, ABSOLUTE, COMPRESSED[0x00000074])

    Base Addr    Size         Type   Attr      Idx    E Section Name        Object

    0x20000000   0x00000010   Data   RW          147    .data               stm32f4xx_rcc.o
    0x20000010   0x00000018   Data   RW          412    .data               tm_stm32f4_fonts.o
    0x20000028   0x00000018   Data   RW          436    .data               tm_stm32f4_i2c.o
    0x20000040   0x00000001   Data   RW          462    .data               tm_stm32f4_l3gd20.o
    0x20000041   0x00000003   PAD
    0x20000044   0x00000068   Data   RW          565    .data               tm_stm32f4_usart.o
    0x200000ac   0x00000014   Data   RW          591    .data               tm_stm32f4_delay.o
    0x200000c0   0x00000001   Data   RW          624    .data               tm_stm32f4_disco.o
    0x200000c1   0x00000003   PAD
    0x200000c4   0x00000004   Data   RW          650    .data               tm_stm32f4_exti.o
    0x200000c8   0x00000004   Data   RW          677    .data               tm_stm32f4_ili9341_ltdc.o
    0x200000cc   0x00000030   Data   RW          785    .data               tm_stm32f4_rtc.o
    0x200000fc   0x00000066   Data   RW          873    .data               main.o
    0x20000162   0x00000002   PAD
    0x20000164   0x00000014   Data   RW         1018    .data               system_stm32f4xx.o
    0x20000178   0x00000004   Data   RW         1044    .data               tm_stm32f4_nrf24l01.o
    0x2000017c   0x00000038   Data   RW         1183    .data               tasks.o
    0x200001b4   0x0000000c   Data   RW         1232    .data               port.o
    0x200001c0   0x00000014   Data   RW         1250    .data               heap_4.o
    0x200001d4   0x00000006   Data   RW         1300    .data               ff.o
    0x200001da   0x00000002   Data   RW         1319    .data               fatfs_sd.o
    0x200001dc   0x00000100   Zero   RW          564    .bss                tm_stm32f4_usart.o
    0x200002dc   0x00000010   Zero   RW          676    .bss                tm_stm32f4_ili9341_ltdc.o
    0x200002ec   0x0000000c   Zero   RW          784    .bss                tm_stm32f4_rtc.o
    0x200002f8   0x00003a1c   Zero   RW          870    .bss                main.o
    0x20003d14   0x00000010   Zero   RW         1090    .bss                book.o
    0x20003d24   0x00000040   Zero   RW         1164    .bss                queue.o
    0x20003d64   0x000000f0   Zero   RW         1182    .bss                tasks.o
    0x20003e54   0x00003c00   Zero   RW         1249    .bss                heap_4.o
    0x20007a54   0x00000060   Zero   RW         1539    .bss                c_w.l(libspace.o)
    0x20007ab4   0x00000004   PAD
    0x20007ab8   0x00000200   Zero   RW            2    HEAP                startup_stm32f429_439xx.o
    0x20007cb8   0x00000400   Zero   RW            1    STACK               startup_stm32f429_439xx.o



  Load Region LR$$.ARM.__AT_0xD0001000 (Base: 0xd0001000, Size: 0x00000000, Max: 0x000001c4, ABSOLUTE)

    Execution Region ER$$.ARM.__AT_0xD0001000 (Base: 0xd0001000, Size: 0x000001c4, Max: 0x000001c4, ABSOLUTE, UNINIT)

    Base Addr    Size         Type   Attr      Idx    E Section Name        Object

    0xd0001000   0x000001c4   Zero   RW          868    .ARM.__AT_0xD0001000  main.o



  Load Region LR$$.ARM.__AT_0xD00011C4 (Base: 0xd00011c4, Size: 0x00000000, Max: 0x00000004, ABSOLUTE)

    Execution Region ER$$.ARM.__AT_0xD00011C4 (Base: 0xd00011c4, Size: 0x00000004, Max: 0x00000004, ABSOLUTE, UNINIT)

    Base Addr    Size         Type   Attr      Idx    E Section Name        Object

    0xd00011c4   0x00000002   Zero   RW          869    .ARM.__AT_0xD00011C4  main.o


==============================================================================

Image component sizes


      Code (inc. data)   RO Data    RW Data    ZI Data      Debug   Object Name

       488         64          0          0         16       4638   book.o
      1854          4          0          0          0      17874   cmsis_os.o
       236          4          0          0          0       5890   diskio.o
      1792         34          0          2          0       8034   fatfs_sd.o
     10040         68        141          6          0      31242   ff.o
         0          0          0          0          0       6212   freertos.o
       504         20          0         20      15360       3208   heap_4.o
       148          0          0          0          0       3414   list.o
      1576        228        101        102      15330      28213   main.o
       224         20          0          0          0     360157   misc.o
       638         48          0         12          0       3670   port.o
      2124          6          0          0         64      10876   queue.o
        64         26        428          0       1536       1020   startup_stm32f429_439xx.o
      1124         24          0          0          0      10774   stm32f4xx_adc.o
       272         10          0          0          0       2543   stm32f4xx_exti.o
      2224         18         28          0          0       7942   stm32f4xx_fmc.o
       660         44          0          0          0       4373   stm32f4xx_gpio.o
      1110         26          0          0          0       8823   stm32f4xx_i2c.o
        40          0          0          0          0       1293   stm32f4xx_it.o
      1672         18          0          0          0       8100   stm32f4xx_ltdc.o
       384         12          0          0          0       3855   stm32f4xx_pwr.o
      1632         54          0         16          0      13268   stm32f4xx_rcc.o
      3432         44          0          0          0      15336   stm32f4xx_rtc.o
      1152         36          0          0          0       7125   stm32f4xx_spi.o
       148         12          0          0          0       1953   stm32f4xx_syscfg.o
      3234         60          0          0          0      22576   stm32f4xx_tim.o
      1108         34          0          0          0       8076   stm32f4xx_usart.o
         0          0          0          0          0        480   syscall.o
       580         46          0         20          0       1879   system_stm32f4xx.o
      3460        222          0         56        240      15472   tasks.o
       996         38          0          0          0       8647   tm_stm32f4_adc.o
       248         32          0         20          0      28526   tm_stm32f4_delay.o
       172         12          0          1          0       1795   tm_stm32f4_disco.o
       992         48          0          4          0       4116   tm_stm32f4_exti.o
         0          0      10260         24          0       1157   tm_stm32f4_fonts.o
      1052         48          0          0          0       4097   tm_stm32f4_gpio.o
      1532         64          0         24          0       6757   tm_stm32f4_i2c.o
      4522         92          0          4         16      14453   tm_stm32f4_ili9341_ltdc.o
       476         24          0          1          0       5794   tm_stm32f4_l3gd20.o
      1672         32          0          4          0      13373   tm_stm32f4_nrf24l01.o
      2692         62          0         48         12       9244   tm_stm32f4_rtc.o
       904         28          0          0          0       1362   tm_stm32f4_sdram.o
      1852         78          0          0          0       5420   tm_stm32f4_spi.o
       864         14          0          0          0       5938   tm_stm32f4_stmpe811.o
      2124        128          0        104        256      11505   tm_stm32f4_usart.o
       240         24        942          0          0       1549   unicode.o

    ----------------------------------------------------------------------
     62268       1906      11936        476      32832     742049   Object Totals
         0          0         32          0          0          0   (incl. Generated)
        10          0          4          8          2          0   (incl. Padding)

    ----------------------------------------------------------------------

      Code (inc. data)   RO Data    RW Data    ZI Data      Debug   Library Member Name

        90          0          0          0          0          0   __dczerorl2.o
         8          0          0          0          0         68   __main.o
       392          4         17          0          0         92   __printf_flags_ss_wp.o
        14          0          0          0          0         68   __printf_wp.o
         0          0          0          0          0          0   __rtentry.o
        12          0          0          0          0          0   __rtentry2.o
         6          0          0          0          0          0   __rtentry4.o
        52          8          0          0          0          0   __scatter.o
        28          0          0          0          0          0   __scatter_zi.o
        28          0          0          0          0         68   _chval.o
        48          6          0          0          0         96   _printf_char_common.o
         6          0          0          0          0          0   _printf_d.o
       120         16          0          0          0         92   _printf_dec.o
         6          0          0          0          0          0   _printf_f.o
      1050          0          0          0          0        216   _printf_fp_dec.o
       128         16          0          0          0         84   _printf_fp_infnan.o
       178          0          0          0          0         88   _printf_intcommon.o
        78          0          0          0          0        108   _printf_pad.o
         0          0          0          0          0          0   _printf_percent.o
         4          0          0          0          0          0   _printf_percent_end.o
         6          0          0          0          0          0   _printf_u.o
        10          0          0          0          0         68   _sputc.o
       158          0          0          0          0         92   _strtoul.o
        16          0          0          0          0         68   aeabi_memset.o
        26          0          0          0          0         80   atoi.o
       220          4        148          0          0         96   bigflt0.o
      1910        128          0          0          0        672   btod.o
        12          0          0          0          0         72   exit.o
         6          0          0          0          0        152   heapauxi.o
         0          0          0          0          0          0   indicate_semi.o
        44         10        272          0          0         76   lc_ctype_c.o
        44         10         28          0          0         76   lc_numeric_c.o
         2          0          0          0          0          0   libinit.o
        34          0          0          0          0          0   libinit2.o
         2          0          0          0          0          0   libshutdown.o
         2          0          0          0          0          0   libshutdown2.o
         8          4          0          0         96         68   libspace.o
       138          0          0          0          0         80   lludiv10.o
        40          6          0          0          0         84   noretval__2sprintf.o
        16          4          0          0          0         76   rt_ctype_table.o
         8          4          0          0          0         68   rt_errno_addr_intlibspace.o
         8          4          0          0          0         68   rt_locale_intlibspace.o
        68          0          0          0          0         68   rt_memclr.o
        78          0          0          0          0         80   rt_memclr_w.o
       138          0          0          0          0         68   rt_memcpy_v6.o
       100          0          0          0          0         80   rt_memcpy_w.o
         2          0          0          0          0          0   rtexit.o
        10          0          0          0          0          0   rtexit2.o
       128          0          0          0          0         68   strcmpv7m.o
       112          0          0          0          0         88   strtol.o
        12          4          0          0          0         68   sys_exit.o
        74          0          0          0          0         80   sys_stackheap_outer.o
         2          0          0          0          0         68   use_no_semi.o
        12          0          0          0          0        116   dretinf.o
        86          4          0          0          0        132   f2d.o
       140          4          0          0          0        132   fnaninf.o
        10          0          0          0          0        116   fpinit.o
         4          0          0          0          0        116   printf1.o
         0          0          0          0          0          0   usenofp.o
        48          0          0          0          0        124   fpclassify.o

    ----------------------------------------------------------------------
      5996        236        468          0        100       4280   Library Totals
        14          0          3          0          4          0   (incl. Padding)

    ----------------------------------------------------------------------

      Code (inc. data)   RO Data    RW Data    ZI Data      Debug   Library Name

      5682        228        465          0         96       3544   c_w.l
       252          8          0          0          0        612   fz_wm.l
        48          0          0          0          0        124   m_wm.l

    ----------------------------------------------------------------------
      5996        236        468          0        100       4280   Library Totals

    ----------------------------------------------------------------------

==============================================================================


      Code (inc. data)   RO Data    RW Data    ZI Data      Debug   

     68264       2142      12404        476      32932     733001   Grand Totals
     68264       2142      12404        116      32932     733001   ELF Image Totals (compressed)
     68264       2142      12404        116          0          0   ROM Totals

==============================================================================

    Total RO  Size (Code + RO Data)                80668 (  78.78kB)
    Total RW  Size (RW Data + ZI Data)             33408 (  32.63kB)
    Total ROM Size (Code + RO Data + RW Data)      80784 (  78.89kB)

==============================================================================

